
▓ Программа: "vip64x.exe"  Время запуска: 14:50:54 14/03/2026
▓ Исполняемый модуль: "C:\Galaktika\AVAZ\chumachenko\6.0.09.0\exe\vip64x.exe"
▓ Система: Windows NT

Контекст исполнения ".SysUser"
Потеряно хип-контекстов: 1

Менеджер динамической памяти ".SysUserHeap(.SysUser)"
Потеряно блоков: 47, байтов: 93160


▓ Программа: "vip64x.exe"  Время запуска: 14:51:19 14/03/2026
▓ Исполняемый модуль: "C:\Galaktika\AVAZ\chumachenko\6.0.09.0\exe\vip64x.exe"
▓ Система: Windows NT

Контекст исполнения ".SysUser"
Потеряно хип-контекстов: 1

Менеджер динамической памяти ".SysUserHeap(.SysUser)"
Потеряно блоков: 47, байтов: 93156


▓ Программа: "vip64x.exe"  Время запуска: 14:51:51 14/03/2026
▓ Исполняемый модуль: "C:\Galaktika\AVAZ\chumachenko\6.0.09.0\exe\vip64x.exe"
▓ Система: Windows NT  Логин: "Дмитрий"  Станция: "LAPUS-VICTUS"

Класс окна "Atlantis Font Window" не был разрегистрирован: 1411
(Класс не существует)
 00000000152EFB48: 00000001024CDD85 atlantis64x.rtl.1:000CCD85
 00000000152EFB50: 000000006AA2B030 vision_w64x.dll.3:00028030
 00000000152EFB98: 000000006A9FFBA8 vision_w64x.dll.2:00018BA8
 00000000152EFBF0: 000000006A88CBA0 vision_w64x.dll.1:0000BBA0
 00000000152EFC08: 000000006A88CBF5 vision_w64x.dll.1:0000BBF5
 00000000152EFCD0: 000000006A88CBA0 vision_w64x.dll.1:0000BBA0
 00000000152EFD40: 0000000001120110 forms_64x.dll.10:00000110

Контекст исполнения ".SysUser"
Потеряно хип-контекстов: 1
Потеряно серверных потоков: 1

Менеджер динамической памяти ".SysUserHeap(.SysUser)"
Потеряно блоков: 385046, байтов: 228703384


▓ Программа: "vip64x.exe"  Время запуска: 19:23:51 17/03/2026
▓ Исполняемый модуль: "C:\Galaktika\AVAZ\chumachenko\6.0.09.0\exe\vip64x.exe"
▓ Система: Windows NT

Контекст исполнения ".SysUser"
Потеряно хип-контекстов: 1

Менеджер динамической памяти ".SysUserHeap(.SysUser)"
Потеряно блоков: 58, байтов: 93788


▓ Программа: "vip64x.exe"  Время запуска: 19:24:25 17/03/2026
▓ Исполняемый модуль: "C:\Galaktika\AVAZ\chumachenko\6.0.09.0\exe\vip64x.exe"
▓ Система: Windows NT

Контекст исполнения ".SysUser"
Потеряно хип-контекстов: 1

Менеджер динамической памяти ".SysUserHeap(.SysUser)"
Потеряно блоков: 60, байтов: 93824


▓ Программа: "vip64x.exe"  Время запуска: 19:25:00 17/03/2026
▓ Исполняемый модуль: "C:\Galaktika\AVAZ\chumachenko\6.0.09.0\exe\vip64x.exe"
▓ Система: Windows NT  Логин: "Дмитрий"  Станция: "LAPUS-VICTUS"

Класс окна "Atlantis Font Window" не был разрегистрирован: 1411
(Класс не существует)
 0000000000A6FB48: 00000001024CDD85 atlantis64x.rtl.1:000CCD85
 0000000000A6FB50: 000000006AA2B030 vision_w64x.dll.3:00028030
 0000000000A6FB98: 000000006A9FFBA8 vision_w64x.dll.2:00018BA8
 0000000000A6FBF0: 000000006A88CBA0 vision_w64x.dll.1:0000BBA0
 0000000000A6FC08: 000000006A88CBF5 vision_w64x.dll.1:0000BBF5
 0000000000A6FCD0: 000000006A88CBA0 vision_w64x.dll.1:0000BBA0
 0000000000A6FD40: 0000000001120110 forms_64x.dll.3:0000D110

Контекст исполнения ".SysUser"
Потеряно хип-контекстов: 1
Потеряно серверных потоков: 1

Менеджер динамической памяти ".SysUserHeap(.SysUser)"
Потеряно блоков: 384874, байтов: 228950932


▓ Программа: "vip64x.exe"  Время запуска: 19:26:39 17/03/2026
▓ Исполняемый модуль: "C:\Galaktika\AVAZ\chumachenko\6.0.09.0\exe\vip64x.exe"
▓ Система: Windows NT  Логин: "Дмитрий"  Станция: "LAPUS-VICTUS"

Класс окна "Atlantis Font Window" не был разрегистрирован: 1411
(Класс не существует)
 000000001527FB48: 00000001024CDD85 atlantis64x.rtl.1:000CCD85
 000000001527FB50: 000000006AA2B030 vision_w64x.dll.3:00028030
 000000001527FB98: 000000006A9FFBA8 vision_w64x.dll.2:00018BA8
 000000001527FBF0: 000000006A88CBA0 vision_w64x.dll.1:0000BBA0
 000000001527FC08: 000000006A88CBF5 vision_w64x.dll.1:0000BBF5
 000000001527FCD0: 000000006A88CBA0 vision_w64x.dll.1:0000BBA0
 000000001527FD40: 0000000001120110 editor_64x.dll.1:0001F110

Контекст исполнения ".SysUser"
Потеряно хип-контекстов: 1
Потеряно серверных потоков: 1

Менеджер динамической памяти ".SysUserHeap(.SysUser)"
Потеряно блоков: 385274, байтов: 228972944


▓ Программа: "vip64x.exe"  Время запуска: 19:27:34 17/03/2026
▓ Исполняемый модуль: "C:\Galaktika\AVAZ\chumachenko\6.0.09.0\exe\vip64x.exe"
▓ Система: Windows NT  Логин: "Дмитрий"  Станция: "LAPUS-VICTUS"

Класс окна "Atlantis Font Window" не был разрегистрирован: 1411
(Класс не существует)
 0000000000ADFB48: 00000001024CDD85 atlantis64x.rtl.1:000CCD85
 0000000000ADFB50: 000000006AA2B030 vision_w64x.dll.3:00028030
 0000000000ADFB98: 000000006A9FFBA8 vision_w64x.dll.2:00018BA8
 0000000000ADFBF0: 000000006A88CBA0 vision_w64x.dll.1:0000BBA0
 0000000000ADFC08: 000000006A88CBF5 vision_w64x.dll.1:0000BBF5
 0000000000ADFCD0: 000000006A88CBA0 vision_w64x.dll.1:0000BBA0
 0000000000ADFD40: 0000000001120110 forms_64x.dll.2:00000110

Контекст исполнения ".SysUser"
Потеряно хип-контекстов: 1
Потеряно серверных потоков: 1

Менеджер динамической памяти ".SysUserHeap(.SysUser)"
Потеряно блоков: 386441, байтов: 229037256


▓ Программа: "vip64x.exe"  Время запуска: 19:29:48 17/03/2026
▓ Исполняемый модуль: "C:\Galaktika\AVAZ\chumachenko\6.0.09.0\exe\vip64x.exe"
▓ Система: Windows NT  Логин: "Дмитрий"  Станция: "LAPUS-VICTUS"

Класс окна "Atlantis Font Window" не был разрегистрирован: 1411
(Класс не существует)
 000000001575FB48: 00000001024CDD85 atlantis64x.rtl.1:000CCD85
 000000001575FB50: 000000006AA2B030 vision_w64x.dll.3:00028030
 000000001575FB98: 000000006A9FFBA8 vision_w64x.dll.2:00018BA8
 000000001575FBF0: 000000006A88CBA0 vision_w64x.dll.1:0000BBA0
 000000001575FC08: 000000006A88CBF5 vision_w64x.dll.1:0000BBF5
 000000001575FCD0: 000000006A88CBA0 vision_w64x.dll.1:0000BBA0
 000000001575FD40: 0000000001120110 forms_64x.dll.10:00000110

Контекст исполнения ".SysUser"
Потеряно хип-контекстов: 1
Потеряно серверных потоков: 1

Менеджер динамической памяти ".SysUserHeap(.SysUser)"
Потеряно блоков: 386489, байтов: 229043804


▓ Программа: "vip64x.exe"  Время запуска: 19:30:57 17/03/2026
▓ Исполняемый модуль: "C:\Galaktika\AVAZ\chumachenko\6.0.09.0\exe\vip64x.exe"
▓ Система: Windows NT

Контекст исполнения ".SysUser"
Потеряно хип-контекстов: 1

Менеджер динамической памяти ".SysUserHeap(.SysUser)"
Потеряно блоков: 60, байтов: 93820


▓ Программа: "vip64x.exe"  Время запуска: 19:31:54 17/03/2026
▓ Исполняемый модуль: "C:\Galaktika\AVAZ\chumachenko\6.0.09.0\exe\vip64x.exe"
▓ Система: Windows NT  Логин: "Дмитрий"  Станция: "LAPUS-VICTUS"

Класс окна "Atlantis Font Window" не был разрегистрирован: 1411
(Класс не существует)
 0000000014E8FB48: 00000001024CDD85 atlantis64x.rtl.1:000CCD85
 0000000014E8FB50: 000000006AA2B030 vision_w64x.dll.3:00028030
 0000000014E8FB98: 000000006A9FFBA8 vision_w64x.dll.2:00018BA8
 0000000014E8FBF0: 000000006A88CBA0 vision_w64x.dll.1:0000BBA0
 0000000014E8FC08: 000000006A88CBF5 vision_w64x.dll.1:0000BBF5
 0000000014E8FCD0: 000000006A88CBA0 vision_w64x.dll.1:0000BBA0
 0000000014E8FD40: 0000000001120110 forms_64x.dll.10:00000110

Контекст исполнения ".SysUser"
Потеряно хип-контекстов: 1
Потеряно серверных потоков: 1

Менеджер динамической памяти ".SysUserHeap(.SysUser)"
Потеряно блоков: 386451, байтов: 229038488


▓ Программа: "vip64x.exe"  Время запуска: 19:32:03 17/03/2026
▓ Исполняемый модуль: "C:\Galaktika\AVAZ\chumachenko\6.0.09.0\exe\vip64x.exe"
▓ Система: Windows NT

Контекст исполнения ".SysUser"
Потеряно хип-контекстов: 1

Менеджер динамической памяти ".SysUserHeap(.SysUser)"
Потеряно блоков: 60, байтов: 93816


▓ Программа: "vip64x.exe"  Время запуска: 19:33:29 17/03/2026
▓ Исполняемый модуль: "C:\Galaktika\AVAZ\chumachenko\6.0.09.0\exe\vip64x.exe"
▓ Система: Windows NT

Контекст исполнения ".SysUser"
Потеряно хип-контекстов: 1

Менеджер динамической памяти ".SysUserHeap(.SysUser)"
Потеряно блоков: 60, байтов: 93824


▓ Программа: "vip64x.exe"  Время запуска: 19:34:57 17/03/2026
▓ Исполняемый модуль: "C:\Galaktika\AVAZ\chumachenko\6.0.09.0\exe\vip64x.exe"
▓ Система: Windows NT

Контекст исполнения ".SysUser"
Потеряно хип-контекстов: 1

Менеджер динамической памяти ".SysUserHeap(.SysUser)"
Потеряно блоков: 60, байтов: 93824


▓ Программа: "vip64x.exe"  Время запуска: 19:36:57 17/03/2026
▓ Исполняемый модуль: "C:\Galaktika\AVAZ\chumachenko\6.0.09.0\exe\vip64x.exe"
▓ Система: Windows NT

Контекст исполнения ".SysUser"
Потеряно хип-контекстов: 1

Менеджер динамической памяти ".SysUserHeap(.SysUser)"
Потеряно блоков: 60, байтов: 93816


▓ Программа: "vip64x.exe"  Время запуска: 19:37:48 17/03/2026
▓ Исполняемый модуль: "C:\Galaktika\AVAZ\chumachenko\6.0.09.0\exe\vip64x.exe"
▓ Система: Windows NT

Контекст исполнения ".SysUser"
Потеряно хип-контекстов: 1

Менеджер динамической памяти ".SysUserHeap(.SysUser)"
Потеряно блоков: 60, байтов: 93828


▓ Программа: "vip64x.exe"  Время запуска: 19:38:18 17/03/2026
▓ Исполняемый модуль: "C:\Galaktika\AVAZ\chumachenko\6.0.09.0\exe\vip64x.exe"
▓ Система: Windows NT

Контекст исполнения ".SysUser"
Потеряно хип-контекстов: 1

Менеджер динамической памяти ".SysUserHeap(.SysUser)"
Потеряно блоков: 60, байтов: 93812


▓ Программа: "vip64x.exe"  Время запуска: 19:39:01 17/03/2026
▓ Исполняемый модуль: "C:\Galaktika\AVAZ\chumachenko\6.0.09.0\exe\vip64x.exe"
▓ Система: Windows NT

Контекст исполнения ".SysUser"
Потеряно хип-контекстов: 1

Менеджер динамической памяти ".SysUserHeap(.SysUser)"
Потеряно блоков: 58, байтов: 93756


▓ Программа: "vip64x.exe"  Время запуска: 19:39:18 17/03/2026
▓ Исполняемый модуль: "C:\Galaktika\AVAZ\chumachenko\6.0.09.0\exe\vip64x.exe"
▓ Система: Windows NT  Логин: "Дмитрий"  Станция: "LAPUS-VICTUS"

Класс окна "Atlantis Font Window" не был разрегистрирован: 1411
(Класс не существует)
 0000000014E8FB48: 00000001024CDD85 atlantis64x.rtl.1:000CCD85
 0000000014E8FB50: 000000006AA2B030 vision_w64x.dll.3:00028030
 0000000014E8FB98: 000000006A9FFBA8 vision_w64x.dll.2:00018BA8
 0000000014E8FBF0: 000000006A88CBA0 vision_w64x.dll.1:0000BBA0
 0000000014E8FC08: 000000006A88CBF5 vision_w64x.dll.1:0000BBF5
 0000000014E8FCD0: 000000006A88CBA0 vision_w64x.dll.1:0000BBA0
 0000000014E8FD40: 0000000001120110 forms_64x.dll.2:00000110

Контекст исполнения ".SysUser"
Потеряно хип-контекстов: 1
Потеряно серверных потоков: 1

Менеджер динамической памяти ".SysUserHeap(.SysUser)"
Потеряно блоков: 386743, байтов: 229044304


▓ Программа: "vip64x.exe"  Время запуска: 19:39:34 17/03/2026
▓ Исполняемый модуль: "C:\Galaktika\AVAZ\chumachenko\6.0.09.0\exe\vip64x.exe"
▓ Система: Windows NT  Логин: "Дмитрий"  Станция: "LAPUS-VICTUS"

Класс окна "Atlantis Font Window" не был разрегистрирован: 1411
(Класс не существует)
 000000001534FB48: 00000001024CDD85 atlantis64x.rtl.1:000CCD85
 000000001534FB50: 000000006AA2B030 vision_w64x.dll.3:00028030
 000000001534FB98: 000000006A9FFBA8 vision_w64x.dll.2:00018BA8
 000000001534FBF0: 000000006A88CBA0 vision_w64x.dll.1:0000BBA0
 000000001534FC08: 000000006A88CBF5 vision_w64x.dll.1:0000BBF5
 000000001534FCD0: 000000006A88CBA0 vision_w64x.dll.1:0000BBA0
 000000001534FD40: 0000000001120110 lotdll_64x.dll.1:0000F110

Контекст исполнения ".SysUser"
Потеряно хип-контекстов: 1
Потеряно серверных потоков: 1

Менеджер динамической памяти ".SysUserHeap(.SysUser)"
Потеряно блоков: 386743, байтов: 229045048


▓ Программа: "vip64x.exe"  Время запуска: 19:39:47 17/03/2026
▓ Исполняемый модуль: "C:\Galaktika\AVAZ\chumachenko\6.0.09.0\exe\vip64x.exe"
▓ Система: Windows NT

Контекст исполнения ".SysUser"
Потеряно хип-контекстов: 1

Менеджер динамической памяти ".SysUserHeap(.SysUser)"
Потеряно блоков: 60, байтов: 93832


▓ Программа: "vip64x.exe"  Время запуска: 19:40:25 17/03/2026
▓ Исполняемый модуль: "C:\Galaktika\AVAZ\chumachenko\6.0.09.0\exe\vip64x.exe"
▓ Система: Windows NT

Контекст исполнения ".SysUser"
Потеряно хип-контекстов: 1

Менеджер динамической памяти ".SysUserHeap(.SysUser)"
Потеряно блоков: 60, байтов: 93820


▓ Программа: "vip64x.exe"  Время запуска: 19:40:54 17/03/2026
▓ Исполняемый модуль: "C:\Galaktika\AVAZ\chumachenko\6.0.09.0\exe\vip64x.exe"
▓ Система: Windows NT

Контекст исполнения ".SysUser"
Потеряно хип-контекстов: 1

Менеджер динамической памяти ".SysUserHeap(.SysUser)"
Потеряно блоков: 419, байтов: 113588


▓ Программа: "vip64x.exe"  Время запуска: 19:41:23 17/03/2026
▓ Исполняемый модуль: "C:\Galaktika\AVAZ\chumachenko\6.0.09.0\exe\vip64x.exe"
▓ Система: Windows NT

Контекст исполнения ".SysUser"
Потеряно хип-контекстов: 1

Менеджер динамической памяти ".SysUserHeap(.SysUser)"
Потеряно блоков: 419, байтов: 113652


▓ Программа: "vip64x.exe"  Время запуска: 19:41:42 17/03/2026
▓ Исполняемый модуль: "C:\Galaktika\AVAZ\chumachenko\6.0.09.0\exe\vip64x.exe"
▓ Система: Windows NT

Контекст исполнения ".SysUser"
Потеряно хип-контекстов: 1

Менеджер динамической памяти ".SysUserHeap(.SysUser)"
Потеряно блоков: 359, байтов: 110036


▓ Программа: "vip64x.exe"  Время запуска: 19:41:57 17/03/2026
▓ Исполняемый модуль: "C:\Galaktika\AVAZ\chumachenko\6.0.09.0\exe\vip64x.exe"
▓ Система: Windows NT

Контекст исполнения ".SysUser"
Потеряно хип-контекстов: 1

Менеджер динамической памяти ".SysUserHeap(.SysUser)"
Потеряно блоков: 419, байтов: 113552


▓ Программа: "vip64x.exe"  Время запуска: 19:42:13 17/03/2026
▓ Исполняемый модуль: "C:\Galaktika\AVAZ\chumachenko\6.0.09.0\exe\vip64x.exe"
▓ Система: Windows NT

Контекст исполнения ".SysUser"
Потеряно хип-контекстов: 1

Менеджер динамической памяти ".SysUserHeap(.SysUser)"
Потеряно блоков: 486, байтов: 118624


▓ Программа: "vip64x.exe"  Время запуска: 19:42:42 17/03/2026
▓ Исполняемый модуль: "C:\Galaktika\AVAZ\chumachenko\6.0.09.0\exe\vip64x.exe"
▓ Система: Windows NT

Контекст исполнения ".SysUser"
Потеряно хип-контекстов: 1

Менеджер динамической памяти ".SysUserHeap(.SysUser)"
Потеряно блоков: 543, байтов: 121460


▓ Программа: "vip64x.exe"  Время запуска: 19:43:31 17/03/2026
▓ Исполняемый модуль: "C:\Galaktika\AVAZ\chumachenko\6.0.09.0\exe\vip64x.exe"
▓ Система: Windows NT

Контекст исполнения ".SysUser"
Потеряно хип-контекстов: 1

Менеджер динамической памяти ".SysUserHeap(.SysUser)"
Потеряно блоков: 64, байтов: 93908


▓ Программа: "vip64x.exe"  Время запуска: 19:48:56 17/03/2026
▓ Исполняемый модуль: "C:\Galaktika\AVAZ\chumachenko\6.0.09.0\exe\vip64x.exe"
▓ Система: Windows NT

Контекст исполнения ".SysUser"
Потеряно хип-контекстов: 1

Менеджер динамической памяти ".SysUserHeap(.SysUser)"
Потеряно блоков: 64, байтов: 93876


▓ Программа: "vip64x.exe"  Время запуска: 19:50:16 17/03/2026
▓ Исполняемый модуль: "C:\Galaktika\AVAZ\chumachenko\6.0.09.0\exe\vip64x.exe"
▓ Система: Windows NT

Контекст исполнения ".SysUser"
Потеряно хип-контекстов: 1

Менеджер динамической памяти ".SysUserHeap(.SysUser)"
Потеряно блоков: 64, байтов: 93908


▓ Программа: "vip64x.exe"  Время запуска: 19:52:07 17/03/2026
▓ Исполняемый модуль: "C:\Galaktika\AVAZ\chumachenko\6.0.09.0\exe\vip64x.exe"
▓ Система: Windows NT

Контекст исполнения ".SysUser"
Потеряно хип-контекстов: 1

Менеджер динамической памяти ".SysUserHeap(.SysUser)"
Потеряно блоков: 64, байтов: 93900


▓ Программа: "vip64x.exe"  Время запуска: 19:53:26 17/03/2026
▓ Исполняемый модуль: "C:\Galaktika\AVAZ\chumachenko\6.0.09.0\exe\vip64x.exe"
▓ Система: Windows NT

Контекст исполнения ".SysUser"
Потеряно хип-контекстов: 1

Менеджер динамической памяти ".SysUserHeap(.SysUser)"
Потеряно блоков: 64, байтов: 93880


▓ Программа: "vip64x.exe"  Время запуска: 19:57:15 17/03/2026
▓ Исполняемый модуль: "C:\Galaktika\AVAZ\chumachenko\6.0.09.0\exe\vip64x.exe"
▓ Система: Windows NT

Контекст исполнения ".SysUser"
Потеряно хип-контекстов: 1

Менеджер динамической памяти ".SysUserHeap(.SysUser)"
Потеряно блоков: 64, байтов: 93920


▓ Программа: "vip64x.exe"  Время запуска: 19:59:30 17/03/2026
▓ Исполняемый модуль: "C:\Galaktika\AVAZ\chumachenko\6.0.09.0\exe\vip64x.exe"
▓ Система: Windows NT

Контекст исполнения ".SysUser"
Потеряно хип-контекстов: 1

Менеджер динамической памяти ".SysUserHeap(.SysUser)"
Потеряно блоков: 64, байтов: 93904


▓ Программа: "vip64x.exe"  Время запуска: 20:00:27 17/03/2026
▓ Исполняемый модуль: "C:\Galaktika\AVAZ\chumachenko\6.0.09.0\exe\vip64x.exe"
▓ Система: Windows NT

Контекст исполнения ".SysUser"
Потеряно хип-контекстов: 1

Менеджер динамической памяти ".SysUserHeap(.SysUser)"
Потеряно блоков: 64, байтов: 93900


▓ Программа: "vip64x.exe"  Время запуска: 20:02:20 17/03/2026
▓ Исполняемый модуль: "C:\Galaktika\AVAZ\chumachenko\6.0.09.0\exe\vip64x.exe"
▓ Система: Windows NT

Контекст исполнения ".SysUser"
Потеряно хип-контекстов: 1

Менеджер динамической памяти ".SysUserHeap(.SysUser)"
Потеряно блоков: 64, байтов: 93900


▓ Программа: "vip64x.exe"  Время запуска: 20:04:19 17/03/2026
▓ Исполняемый модуль: "C:\Galaktika\AVAZ\chumachenko\6.0.09.0\exe\vip64x.exe"
▓ Система: Windows NT

Контекст исполнения ".SysUser"
Потеряно хип-контекстов: 1

Менеджер динамической памяти ".SysUserHeap(.SysUser)"
Потеряно блоков: 64, байтов: 93896


▓ Программа: "vip64x.exe"  Время запуска: 20:05:13 17/03/2026
▓ Исполняемый модуль: "C:\Galaktika\AVAZ\chumachenko\6.0.09.0\exe\vip64x.exe"
▓ Система: Windows NT

Контекст исполнения ".SysUser"
Потеряно хип-контекстов: 1

Менеджер динамической памяти ".SysUserHeap(.SysUser)"
Потеряно блоков: 64, байтов: 93908


▓ Программа: "vip64x.exe"  Время запуска: 20:07:01 17/03/2026
▓ Исполняемый модуль: "C:\Galaktika\AVAZ\chumachenko\6.0.09.0\exe\vip64x.exe"
▓ Система: Windows NT

Контекст исполнения ".SysUser"
Потеряно хип-контекстов: 1

Менеджер динамической памяти ".SysUserHeap(.SysUser)"
Потеряно блоков: 64, байтов: 93924


▓ Программа: "vip64x.exe"  Время запуска: 20:12:16 17/03/2026
▓ Исполняемый модуль: "C:\Galaktika\AVAZ\chumachenko\6.0.09.0\exe\vip64x.exe"
▓ Система: Windows NT  Логин: "Дмитрий"  Станция: "LAPUS-VICTUS"

Класс окна "Atlantis Font Window" не был разрегистрирован: 1411
(Класс не существует)
 0000000014E8FB48: 00000001024CDD85 atlantis64x.rtl.1:000CCD85
 0000000014E8FB50: 000000006AA2B030 vision_w64x.dll.3:00028030
 0000000014E8FB98: 000000006A9FFBA8 vision_w64x.dll.2:00018BA8
 0000000014E8FBF0: 000000006A88CBA0 vision_w64x.dll.1:0000BBA0
 0000000014E8FC08: 000000006A88CBF5 vision_w64x.dll.1:0000BBF5
 0000000014E8FCD0: 000000006A88CBA0 vision_w64x.dll.1:0000BBA0
 0000000014E8FD40: 0000000001120110 lotdll_64x.dll.1:0001F110

Контекст исполнения ".SysUser"
Потеряно хип-контекстов: 1
Потеряно серверных потоков: 1

Менеджер динамической памяти ".SysUserHeap(.SysUser)"
Потеряно блоков: 384101, байтов: 228790792


▓ Программа: "vip64x.exe"  Время запуска: 20:12:31 17/03/2026
▓ Исполняемый модуль: "C:\Galaktika\AVAZ\chumachenko\6.0.09.0\exe\vip64x.exe"
▓ Система: Windows NT

Контекст исполнения ".SysUser"
Потеряно хип-контекстов: 1

Менеджер динамической памяти ".SysUserHeap(.SysUser)"
Потеряно блоков: 64, байтов: 93876


▓ Программа: "vip64x.exe"  Время запуска: 20:16:15 17/03/2026
▓ Исполняемый модуль: "C:\Galaktika\AVAZ\chumachenko\6.0.09.0\exe\vip64x.exe"
▓ Система: Windows NT  Логин: "Дмитрий"  Станция: "LAPUS-VICTUS"

Класс окна "Atlantis Font Window" не был разрегистрирован: 1411
(Класс не существует)
 0000000014EEFB48: 00000001024CDD85 atlantis64x.rtl.1:000CCD85
 0000000014EEFB50: 000000006AA2B030 vision_w64x.dll.3:00028030
 0000000014EEFB98: 000000006A9FFBA8 vision_w64x.dll.2:00018BA8
 0000000014EEFBF0: 000000006A88CBA0 vision_w64x.dll.1:0000BBA0
 0000000014EEFC08: 000000006A88CBF5 vision_w64x.dll.1:0000BBF5
 0000000014EEFCD0: 000000006A88CBA0 vision_w64x.dll.1:0000BBA0
 0000000014EEFD40: 0000000001120110 streams_64x.dll.7:00009110

Контекст исполнения ".SysUser"
Потеряно хип-контекстов: 1
Потеряно серверных потоков: 1

Менеджер динамической памяти ".SysUserHeap(.SysUser)"
Потеряно блоков: 385699, байтов: 228968324


▓ Программа: "vip64x.exe"  Время запуска: 20:16:28 17/03/2026
▓ Исполняемый модуль: "C:\Galaktika\AVAZ\chumachenko\6.0.09.0\exe\vip64x.exe"
▓ Система: Windows NT

Контекст исполнения ".SysUser"
Потеряно хип-контекстов: 1

Менеджер динамической памяти ".SysUserHeap(.SysUser)"
Потеряно блоков: 64, байтов: 93936


▓ Программа: "vip64x.exe"  Время запуска: 20:23:12 17/03/2026
▓ Исполняемый модуль: "C:\Galaktika\AVAZ\chumachenko\6.0.09.0\exe\vip64x.exe"
▓ Система: Windows NT

Контекст исполнения ".SysUser"
Потеряно хип-контекстов: 1

Менеджер динамической памяти ".SysUserHeap(.SysUser)"
Потеряно блоков: 64, байтов: 93904


▓ Программа: "vip64x.exe"  Время запуска: 20:24:26 17/03/2026
▓ Исполняемый модуль: "C:\Galaktika\AVAZ\chumachenko\6.0.09.0\exe\vip64x.exe"
▓ Система: Windows NT

Контекст исполнения ".SysUser"
Потеряно хип-контекстов: 1

Менеджер динамической памяти ".SysUserHeap(.SysUser)"
Потеряно блоков: 64, байтов: 93900


▓ Программа: "vip64x.exe"  Время запуска: 20:24:38 17/03/2026
▓ Исполняемый модуль: "C:\Galaktika\AVAZ\chumachenko\6.0.09.0\exe\vip64x.exe"
▓ Система: Windows NT

Контекст исполнения ".SysUser"
Потеряно хип-контекстов: 1

Менеджер динамической памяти ".SysUserHeap(.SysUser)"
Потеряно блоков: 64, байтов: 93916


▓ Программа: "vip64x.exe"  Время запуска: 20:24:58 17/03/2026
▓ Исполняемый модуль: "C:\Galaktika\AVAZ\chumachenko\6.0.09.0\exe\vip64x.exe"
▓ Система: Windows NT

Контекст исполнения ".SysUser"
Потеряно хип-контекстов: 1

Менеджер динамической памяти ".SysUserHeap(.SysUser)"
Потеряно блоков: 64, байтов: 93924


▓ Программа: "vip64x.exe"  Время запуска: 20:25:15 17/03/2026
▓ Исполняемый модуль: "C:\Galaktika\AVAZ\chumachenko\6.0.09.0\exe\vip64x.exe"
▓ Система: Windows NT

Контекст исполнения ".SysUser"
Потеряно хип-контекстов: 1

Менеджер динамической памяти ".SysUserHeap(.SysUser)"
Потеряно блоков: 64, байтов: 93916


▓ Программа: "vip64x.exe"  Время запуска: 20:26:31 17/03/2026
▓ Исполняемый модуль: "C:\Galaktika\AVAZ\chumachenko\6.0.09.0\exe\vip64x.exe"
▓ Система: Windows NT

Контекст исполнения ".SysUser"
Потеряно хип-контекстов: 1

Менеджер динамической памяти ".SysUserHeap(.SysUser)"
Потеряно блоков: 64, байтов: 93920


▓ Программа: "vip64x.exe"  Время запуска: 20:27:57 17/03/2026
▓ Исполняемый модуль: "C:\Galaktika\AVAZ\chumachenko\6.0.09.0\exe\vip64x.exe"
▓ Система: Windows NT

Контекст исполнения ".SysUser"
Потеряно хип-контекстов: 1

Менеджер динамической памяти ".SysUserHeap(.SysUser)"
Потеряно блоков: 64, байтов: 93900


▓ Программа: "vip64x.exe"  Время запуска: 20:30:57 17/03/2026
▓ Исполняемый модуль: "C:\Galaktika\AVAZ\chumachenko\6.0.09.0\exe\vip64x.exe"
▓ Система: Windows NT

Контекст исполнения ".SysUser"
Потеряно хип-контекстов: 1

Менеджер динамической памяти ".SysUserHeap(.SysUser)"
Потеряно блоков: 64, байтов: 93904


▓ Программа: "vip64x.exe"  Время запуска: 20:31:58 17/03/2026
▓ Исполняемый модуль: "C:\Galaktika\AVAZ\chumachenko\6.0.09.0\exe\vip64x.exe"
▓ Система: Windows NT

Контекст исполнения ".SysUser"
Потеряно хип-контекстов: 1

Менеджер динамической памяти ".SysUserHeap(.SysUser)"
Потеряно блоков: 64, байтов: 93880


▓ Программа: "vip64x.exe"  Время запуска: 20:41:43 17/03/2026
▓ Исполняемый модуль: "C:\Galaktika\AVAZ\chumachenko\6.0.09.0\exe\vip64x.exe"
▓ Система: Windows NT  Логин: "Дмитрий"  Станция: "LAPUS-VICTUS"

Класс окна "Atlantis Font Window" не был разрегистрирован: 1411
(Класс не существует)
 00000000156BFB48: 00000001024CDD85 atlantis64x.rtl.1:000CCD85
 00000000156BFB50: 000000006AA2B030 vision_w64x.dll.3:00028030
 00000000156BFB98: 000000006A9FFBA8 vision_w64x.dll.2:00018BA8
 00000000156BFBF0: 000000006A88CBA0 vision_w64x.dll.1:0000BBA0
 00000000156BFC08: 000000006A88CBF5 vision_w64x.dll.1:0000BBF5
 00000000156BFCD0: 000000006A88CBA0 vision_w64x.dll.1:0000BBA0
 00000000156BFD40: 0000000001120110 lotdll_64x.dll.1:0001F110

Контекст исполнения ".SysUser"
Потеряно хип-контекстов: 1
Потеряно серверных потоков: 1

Менеджер динамической памяти ".SysUserHeap(.SysUser)"
Потеряно блоков: 388008, байтов: 229110004


▓ Программа: "vip64x.exe"  Время запуска: 20:41:58 17/03/2026
▓ Исполняемый модуль: "C:\Galaktika\AVAZ\chumachenko\6.0.09.0\exe\vip64x.exe"
▓ Система: Windows NT

Контекст исполнения ".SysUser"
Потеряно хип-контекстов: 1

Менеджер динамической памяти ".SysUserHeap(.SysUser)"
Потеряно блоков: 64, байтов: 93916


▓ Программа: "vip64x.exe"  Время запуска: 20:42:09 17/03/2026
▓ Исполняемый модуль: "C:\Galaktika\AVAZ\chumachenko\6.0.09.0\exe\vip64x.exe"
▓ Система: Windows NT

Контекст исполнения ".SysUser"
Потеряно хип-контекстов: 1

Менеджер динамической памяти ".SysUserHeap(.SysUser)"
Потеряно блоков: 64, байтов: 93900


▓ Программа: "vip64x.exe"  Время запуска: 20:43:26 17/03/2026
▓ Исполняемый модуль: "C:\Galaktika\AVAZ\chumachenko\6.0.09.0\exe\vip64x.exe"
▓ Система: Windows NT

Контекст исполнения ".SysUser"
Потеряно хип-контекстов: 1

Менеджер динамической памяти ".SysUserHeap(.SysUser)"
Потеряно блоков: 64, байтов: 93900


▓ Программа: "vip64x.exe"  Время запуска: 20:45:09 17/03/2026
▓ Исполняемый модуль: "C:\Galaktika\AVAZ\chumachenko\6.0.09.0\exe\vip64x.exe"
▓ Система: Windows NT

Контекст исполнения ".SysUser"
Потеряно хип-контекстов: 1

Менеджер динамической памяти ".SysUserHeap(.SysUser)"
Потеряно блоков: 64, байтов: 93896

