
▓ Программа: "vip64x.exe"  Время запуска: 08:43:31 18/04/2026
▓ Исполняемый модуль: "C:\Galaktika\AVAZ\chumachenko\6.0.09.0\exe\vip64x.exe"
▓ Система: Windows NT

Контекст исполнения ".SysUser"
Потеряно хип-контекстов: 1

Менеджер динамической памяти ".SysUserHeap(.SysUser)"
Потеряно блоков: 95, байтов: 94740


▓ Программа: "vip64x.exe"  Время запуска: 11:20:30 18/04/2026
▓ Исполняемый модуль: "C:\Galaktika\AVAZ\chumachenko\6.0.09.0\exe\vip64x.exe"
▓ Система: Windows NT

Контекст исполнения ".SysUser"
Потеряно хип-контекстов: 1

Менеджер динамической памяти ".SysUserHeap(.SysUser)"
Потеряно блоков: 418895, байтов: 230603724


▓ Программа: "vip64x.exe"  Время запуска: 11:32:20 18/04/2026
▓ Исполняемый модуль: "C:\Galaktika\AVAZ\chumachenko\6.0.09.0\exe\vip64x.exe"
▓ Система: Windows NT  Логин: "Дмитрий"  Станция: "LAPUS-VICTUS"

Класс окна "Atlantis Font Window" не был разрегистрирован: 1411
(Класс не существует)
 000000001568FB48: 00000001024CDD85 atlantis64x.rtl.1:000CCD85
 000000001568FB50: 000000006AA2B030 vision_w64x.dll.3:00028030
 000000001568FB98: 000000006A9FFBA8 vision_w64x.dll.2:00018BA8
 000000001568FBF0: 000000006A88CBA0 vision_w64x.dll.1:0000BBA0
 000000001568FC08: 000000006A88CBF5 vision_w64x.dll.1:0000BBF5
 000000001568FCD0: 000000006A88CBA0 vision_w64x.dll.1:0000BBA0

Контекст исполнения ".SysUser"
Потеряно хип-контекстов: 1
Потеряно серверных потоков: 1

Менеджер динамической памяти ".SysUserHeap(.SysUser)"
Потеряно блоков: 415629, байтов: 230561636


▓ Программа: "vip64x.exe"  Время запуска: 11:32:36 18/04/2026
▓ Исполняемый модуль: "C:\Galaktika\AVAZ\chumachenko\6.0.09.0\exe\vip64x.exe"
▓ Система: Windows NT

Контекст исполнения ".SysUser"
Потеряно хип-контекстов: 1

Менеджер динамической памяти ".SysUserHeap(.SysUser)"
Потеряно блоков: 108, байтов: 95112


▓ Программа: "vip64x.exe"  Время запуска: 11:33:01 18/04/2026
▓ Исполняемый модуль: "C:\Galaktika\AVAZ\chumachenko\6.0.09.0\exe\vip64x.exe"
▓ Система: Windows NT

Контекст исполнения ".SysUser"
Потеряно хип-контекстов: 1

Менеджер динамической памяти ".SysUserHeap(.SysUser)"
Потеряно блоков: 108, байтов: 95124


▓ Программа: "vip64x.exe"  Время запуска: 11:33:43 18/04/2026
▓ Исполняемый модуль: "C:\Galaktika\AVAZ\chumachenko\6.0.09.0\exe\vip64x.exe"
▓ Система: Windows NT

Контекст исполнения ".SysUser"
Потеряно хип-контекстов: 1

Менеджер динамической памяти ".SysUserHeap(.SysUser)"
Потеряно блоков: 108, байтов: 95028


▓ Программа: "vip64x.exe"  Время запуска: 11:35:45 18/04/2026
▓ Исполняемый модуль: "C:\Galaktika\AVAZ\chumachenko\6.0.09.0\exe\vip64x.exe"
▓ Система: Windows NT  Логин: "Дмитрий"  Станция: "LAPUS-VICTUS"

Класс окна "Atlantis Font Window" не был разрегистрирован: 1411
(Класс не существует)
 0000000015A9FB48: 00000001024CDD85 atlantis64x.rtl.1:000CCD85
 0000000015A9FB50: 000000006AA2B030 vision_w64x.dll.3:00028030
 0000000015A9FB98: 000000006A9FFBA8 vision_w64x.dll.2:00018BA8
 0000000015A9FBF0: 000000006A88CBA0 vision_w64x.dll.1:0000BBA0
 0000000015A9FC08: 000000006A88CBF5 vision_w64x.dll.1:0000BBF5
 0000000015A9FCD0: 000000006A88CBA0 vision_w64x.dll.1:0000BBA0

Контекст исполнения ".SysUser"
Потеряно хип-контекстов: 1
Потеряно серверных потоков: 1

Менеджер динамической памяти ".SysUserHeap(.SysUser)"
Потеряно блоков: 417236, байтов: 230623416


▓ Программа: "vip64x.exe"  Время запуска: 11:36:54 18/04/2026
▓ Исполняемый модуль: "C:\Galaktika\AVAZ\chumachenko\6.0.09.0\exe\vip64x.exe"
▓ Система: Windows NT

Контекст исполнения ".SysUser"
Потеряно хип-контекстов: 1

Менеджер динамической памяти ".SysUserHeap(.SysUser)"
Потеряно блоков: 114, байтов: 95300


▓ Программа: "vip64x.exe"  Время запуска: 11:40:30 18/04/2026
▓ Исполняемый модуль: "C:\Galaktika\AVAZ\chumachenko\6.0.09.0\exe\vip64x.exe"
▓ Система: Windows NT

Контекст исполнения ".SysUser"
Потеряно хип-контекстов: 1

Менеджер динамической памяти ".SysUserHeap(.SysUser)"
Потеряно блоков: 114, байтов: 95256


▓ Программа: "vip64x.exe"  Время запуска: 11:42:26 18/04/2026
▓ Исполняемый модуль: "C:\Galaktika\AVAZ\chumachenko\6.0.09.0\exe\vip64x.exe"
▓ Система: Windows NT

Контекст исполнения ".SysUser"
Потеряно хип-контекстов: 1

Менеджер динамической памяти ".SysUserHeap(.SysUser)"
Потеряно блоков: 114, байтов: 95272


▓ Программа: "vip64x.exe"  Время запуска: 11:43:26 18/04/2026
▓ Исполняемый модуль: "C:\Galaktika\AVAZ\chumachenko\6.0.09.0\exe\vip64x.exe"
▓ Система: Windows NT

Контекст исполнения ".SysUser"
Потеряно хип-контекстов: 1

Менеджер динамической памяти ".SysUserHeap(.SysUser)"
Потеряно блоков: 114, байтов: 95232


▓ Программа: "vip64x.exe"  Время запуска: 11:47:24 18/04/2026
▓ Исполняемый модуль: "C:\Galaktika\AVAZ\chumachenko\6.0.09.0\exe\vip64x.exe"
▓ Система: Windows NT

Контекст исполнения ".SysUser"
Потеряно хип-контекстов: 1

Менеджер динамической памяти ".SysUserHeap(.SysUser)"
Потеряно блоков: 114, байтов: 95240


▓ Программа: "vip64x.exe"  Время запуска: 11:47:32 18/04/2026
▓ Исполняемый модуль: "C:\Galaktika\AVAZ\chumachenko\6.0.09.0\exe\vip64x.exe"
▓ Система: Windows NT

Контекст исполнения ".SysUser"
Потеряно хип-контекстов: 1

Менеджер динамической памяти ".SysUserHeap(.SysUser)"
Потеряно блоков: 114, байтов: 95292


▓ Программа: "vip64x.exe"  Время запуска: 11:49:25 18/04/2026
▓ Исполняемый модуль: "C:\Galaktika\AVAZ\chumachenko\6.0.09.0\exe\vip64x.exe"
▓ Система: Windows NT

Контекст исполнения ".SysUser"
Потеряно хип-контекстов: 1

Менеджер динамической памяти ".SysUserHeap(.SysUser)"
Потеряно блоков: 114, байтов: 95264


▓ Программа: "vip64x.exe"  Время запуска: 11:50:36 18/04/2026
▓ Исполняемый модуль: "C:\Galaktika\AVAZ\chumachenko\6.0.09.0\exe\vip64x.exe"
▓ Система: Windows NT

Контекст исполнения ".SysUser"
Потеряно хип-контекстов: 1

Менеджер динамической памяти ".SysUserHeap(.SysUser)"
Потеряно блоков: 114, байтов: 95256


▓ Программа: "vip64x.exe"  Время запуска: 12:03:11 18/04/2026
▓ Исполняемый модуль: "C:\Galaktika\AVAZ\chumachenko\6.0.09.0\exe\vip64x.exe"
▓ Система: Windows NT

Контекст исполнения ".SysUser"
Потеряно хип-контекстов: 1

Менеджер динамической памяти ".SysUserHeap(.SysUser)"
Потеряно блоков: 108, байтов: 95072


▓ Программа: "vip64x.exe"  Время запуска: 12:03:52 18/04/2026
▓ Исполняемый модуль: "C:\Galaktika\AVAZ\chumachenko\6.0.09.0\exe\vip64x.exe"
▓ Система: Windows NT

Контекст исполнения ".SysUser"
Потеряно хип-контекстов: 1

Менеджер динамической памяти ".SysUserHeap(.SysUser)"
Потеряно блоков: 108, байтов: 95132


▓ Программа: "vip64x.exe"  Время запуска: 12:04:09 18/04/2026
▓ Исполняемый модуль: "C:\Galaktika\AVAZ\chumachenko\6.0.09.0\exe\vip64x.exe"
▓ Система: Windows NT

Контекст исполнения ".SysUser"
Потеряно хип-контекстов: 1

Менеджер динамической памяти ".SysUserHeap(.SysUser)"
Потеряно блоков: 114, байтов: 95236


▓ Программа: "vip64x.exe"  Время запуска: 12:04:56 18/04/2026
▓ Исполняемый модуль: "C:\Galaktika\AVAZ\chumachenko\6.0.09.0\exe\vip64x.exe"
▓ Система: Windows NT

Контекст исполнения ".SysUser"
Потеряно хип-контекстов: 1

Менеджер динамической памяти ".SysUserHeap(.SysUser)"
Потеряно блоков: 114, байтов: 95240


▓ Программа: "vip64x.exe"  Время запуска: 07:24:01 19/04/2026
▓ Исполняемый модуль: "C:\Galaktika\AVAZ\chumachenko\6.0.09.0\exe\vip64x.exe"
▓ Система: Windows NT

Контекст исполнения ".SysUser"
Потеряно хип-контекстов: 1

Менеджер динамической памяти ".SysUserHeap(.SysUser)"
Потеряно блоков: 114, байтов: 95272


▓ Программа: "vip64x.exe"  Время запуска: 07:29:58 19/04/2026
▓ Исполняемый модуль: "C:\Galaktika\AVAZ\chumachenko\6.0.09.0\exe\vip64x.exe"
▓ Система: Windows NT

Контекст исполнения ".SysUser"
Потеряно хип-контекстов: 1

Менеджер динамической памяти ".SysUserHeap(.SysUser)"
Потеряно блоков: 114, байтов: 95240


▓ Программа: "vip64x.exe"  Время запуска: 08:17:07 19/04/2026
▓ Исполняемый модуль: "C:\Galaktika\AVAZ\chumachenko\6.0.09.0\exe\vip64x.exe"
▓ Система: Windows NT  Логин: "Дмитрий"  Станция: "LAPUS-VICTUS"

Класс окна "Atlantis Font Window" не был разрегистрирован: 1411
(Класс не существует)
 0000000016EAFB48: 00000001024CDD85 atlantis64x.rtl.1:000CCD85
 0000000016EAFB50: 000000006AA2B030 vision_w64x.dll.3:00028030
 0000000016EAFB98: 000000006A9FFBA8 vision_w64x.dll.2:00018BA8
 0000000016EAFBF0: 000000006A88CBA0 vision_w64x.dll.1:0000BBA0
 0000000016EAFC08: 000000006A88CBF5 vision_w64x.dll.1:0000BBF5
 0000000016EAFCD0: 000000006A88CBA0 vision_w64x.dll.1:0000BBA0

Контекст исполнения ".SysUser"
Потеряно хип-контекстов: 1
Потеряно серверных потоков: 1

Менеджер динамической памяти ".SysUserHeap(.SysUser)"
Потеряно блоков: 932310, байтов: 255352840


▓ Программа: "vip64x.exe"  Время запуска: 08:17:35 19/04/2026
▓ Исполняемый модуль: "C:\Galaktika\AVAZ\chumachenko\6.0.09.0\exe\vip64x.exe"
▓ Система: Windows NT  Логин: "Дмитрий"  Станция: "LAPUS-VICTUS"

Класс окна "Atlantis Font Window" не был разрегистрирован: 1411
(Класс не существует)
 00000000172AFB48: 00000001024CDD85 atlantis64x.rtl.1:000CCD85
 00000000172AFB50: 000000006AA2B030 vision_w64x.dll.3:00028030
 00000000172AFB98: 000000006A9FFBA8 vision_w64x.dll.2:00018BA8
 00000000172AFBF0: 000000006A88CBA0 vision_w64x.dll.1:0000BBA0
 00000000172AFC08: 000000006A88CBF5 vision_w64x.dll.1:0000BBF5
 00000000172AFCD0: 000000006A88CBA0 vision_w64x.dll.1:0000BBA0

Контекст исполнения ".SysUser"
Потеряно хип-контекстов: 1
Потеряно серверных потоков: 1

Менеджер динамической памяти ".SysUserHeap(.SysUser)"
Потеряно блоков: 932407, байтов: 255380160


▓ Программа: "vip64x.exe"  Время запуска: 08:18:04 19/04/2026
▓ Исполняемый модуль: "C:\Galaktika\AVAZ\chumachenko\6.0.09.0\exe\vip64x.exe"
▓ Система: Windows NT

Контекст исполнения ".SysUser"
Потеряно хип-контекстов: 1

Менеджер динамической памяти ".SysUserHeap(.SysUser)"
Потеряно блоков: 114, байтов: 95260


▓ Программа: "vip64x.exe"  Время запуска: 08:18:22 19/04/2026
▓ Исполняемый модуль: "C:\Galaktika\AVAZ\chumachenko\6.0.09.0\exe\vip64x.exe"
▓ Система: Windows NT

Контекст исполнения ".SysUser"
Потеряно хип-контекстов: 1

Менеджер динамической памяти ".SysUserHeap(.SysUser)"
Потеряно блоков: 114, байтов: 95240


▓ Программа: "vip64x.exe"  Время запуска: 08:28:35 19/04/2026
▓ Исполняемый модуль: "C:\Galaktika\AVAZ\chumachenko\6.0.09.0\exe\vip64x.exe"
▓ Система: Windows NT

Контекст исполнения ".SysUser"
Потеряно хип-контекстов: 1

Менеджер динамической памяти ".SysUserHeap(.SysUser)"
Потеряно блоков: 114, байтов: 95264


▓ Программа: "vip64x.exe"  Время запуска: 08:36:24 19/04/2026
▓ Исполняемый модуль: "C:\Galaktika\AVAZ\chumachenko\6.0.09.0\exe\vip64x.exe"
▓ Система: Windows NT

Контекст исполнения ".SysUser"
Потеряно хип-контекстов: 1

Менеджер динамической памяти ".SysUserHeap(.SysUser)"
Потеряно блоков: 108, байтов: 95044


▓ Программа: "vip64x.exe"  Время запуска: 08:36:50 19/04/2026
▓ Исполняемый модуль: "C:\Galaktika\AVAZ\chumachenko\6.0.09.0\exe\vip64x.exe"
▓ Система: Windows NT

Контекст исполнения ".SysUser"
Потеряно хип-контекстов: 1

Менеджер динамической памяти ".SysUserHeap(.SysUser)"
Потеряно блоков: 108, байтов: 95124


▓ Программа: "vip64x.exe"  Время запуска: 08:37:04 19/04/2026
▓ Исполняемый модуль: "C:\Galaktika\AVAZ\chumachenko\6.0.09.0\exe\vip64x.exe"
▓ Система: Windows NT

Контекст исполнения ".SysUser"
Потеряно хип-контекстов: 1

Менеджер динамической памяти ".SysUserHeap(.SysUser)"
Потеряно блоков: 108, байтов: 95072


▓ Программа: "vip64x.exe"  Время запуска: 08:37:16 19/04/2026
▓ Исполняемый модуль: "C:\Galaktika\AVAZ\chumachenko\6.0.09.0\exe\vip64x.exe"
▓ Система: Windows NT

Контекст исполнения ".SysUser"
Потеряно хип-контекстов: 1

Менеджер динамической памяти ".SysUserHeap(.SysUser)"
Потеряно блоков: 114, байтов: 95272


▓ Программа: "vip64x.exe"  Время запуска: 08:37:35 19/04/2026
▓ Исполняемый модуль: "C:\Galaktika\AVAZ\chumachenko\6.0.09.0\exe\vip64x.exe"
▓ Система: Windows NT

Контекст исполнения ".SysUser"
Потеряно хип-контекстов: 1

Менеджер динамической памяти ".SysUserHeap(.SysUser)"
Потеряно блоков: 114, байтов: 95240


▓ Программа: "vip64x.exe"  Время запуска: 08:40:03 19/04/2026
▓ Исполняемый модуль: "C:\Galaktika\AVAZ\chumachenko\6.0.09.0\exe\vip64x.exe"
▓ Система: Windows NT

Контекст исполнения ".SysUser"
Потеряно хип-контекстов: 1

Менеджер динамической памяти ".SysUserHeap(.SysUser)"
Потеряно блоков: 114, байтов: 95232


▓ Программа: "vip64x.exe"  Время запуска: 08:48:42 19/04/2026
▓ Исполняемый модуль: "C:\Galaktika\AVAZ\chumachenko\6.0.09.0\exe\vip64x.exe"
▓ Система: Windows NT  Логин: "Дмитрий"  Станция: "LAPUS-VICTUS"

Класс окна "Atlantis Font Window" не был разрегистрирован: 1411
(Класс не существует)
 00000000156FFB48: 00000001024CDD85 atlantis64x.rtl.1:000CCD85
 00000000156FFB50: 000000006AA2B030 vision_w64x.dll.3:00028030
 00000000156FFB98: 000000006A9FFBA8 vision_w64x.dll.2:00018BA8
 00000000156FFBF0: 000000006A88CBA0 vision_w64x.dll.1:0000BBA0
 00000000156FFC08: 000000006A88CBF5 vision_w64x.dll.1:0000BBF5
 00000000156FFCD0: 000000006A88CBA0 vision_w64x.dll.1:0000BBA0

Контекст исполнения ".SysUser"
Потеряно хип-контекстов: 1
Потеряно серверных потоков: 1

Менеджер динамической памяти ".SysUserHeap(.SysUser)"
Потеряно блоков: 416114, байтов: 230581424


▓ Программа: "vip64x.exe"  Время запуска: 08:49:23 19/04/2026
▓ Исполняемый модуль: "C:\Galaktika\AVAZ\chumachenko\6.0.09.0\exe\vip64x.exe"
▓ Система: Windows NT

Контекст исполнения ".SysUser"
Потеряно хип-контекстов: 1

Менеджер динамической памяти ".SysUserHeap(.SysUser)"
Потеряно блоков: 114, байтов: 95228

