
▓ Программа: "vip64x.exe"  Время запуска: 08:37:35 01/03/2026
▓ Исполняемый модуль: "C:\Galaktika\AVAZ\chumachenko\6.0.09.0\exe\vip64x.exe"
▓ Система: Windows NT

Контекст исполнения ".SysUser"
Потеряно хип-контекстов: 1

Менеджер динамической памяти ".SysUserHeap(.SysUser)"
Потеряно блоков: 386290, байтов: 228290872


▓ Программа: "vip64x.exe"  Время запуска: 08:37:52 01/03/2026
▓ Исполняемый модуль: "C:\Galaktika\AVAZ\chumachenko\6.0.09.0\exe\vip64x.exe"
▓ Система: Windows NT

Контекст исполнения ".SysUser"
Потеряно хип-контекстов: 1

Менеджер динамической памяти ".SysUserHeap(.SysUser)"
Потеряно блоков: 386300, байтов: 228291628


▓ Программа: "vip64x.exe"  Время запуска: 08:38:40 01/03/2026
▓ Исполняемый модуль: "C:\Galaktika\AVAZ\chumachenko\6.0.09.0\exe\vip64x.exe"
▓ Система: Windows NT

Контекст исполнения ".SysUser"
Потеряно хип-контекстов: 1

Менеджер динамической памяти ".SysUserHeap(.SysUser)"
Потеряно блоков: 386252, байтов: 228287224


▓ Программа: "vip64x.exe"  Время запуска: 08:39:22 01/03/2026
▓ Исполняемый модуль: "C:\Galaktika\AVAZ\chumachenko\6.0.09.0\exe\vip64x.exe"
▓ Система: Windows NT

Контекст исполнения ".SysUser"
Потеряно хип-контекстов: 1

Менеджер динамической памяти ".SysUserHeap(.SysUser)"
Потеряно блоков: 386252, байтов: 228287224


▓ Программа: "vip64x.exe"  Время запуска: 08:42:52 01/03/2026
▓ Исполняемый модуль: "C:\Galaktika\AVAZ\chumachenko\6.0.09.0\exe\vip64x.exe"
▓ Система: Windows NT

Контекст исполнения ".SysUser"
Потеряно хип-контекстов: 1

Менеджер динамической памяти ".SysUserHeap(.SysUser)"
Потеряно блоков: 47, байтов: 93108


▓ Программа: "vip64x.exe"  Время запуска: 08:43:20 01/03/2026
▓ Исполняемый модуль: "C:\Galaktika\AVAZ\chumachenko\6.0.09.0\exe\vip64x.exe"
▓ Система: Windows NT  Логин: "Дмитрий"  Станция: "LAPUS-VICTUS"

Класс окна "Atlantis Font Window" не был разрегистрирован: 1411
(Класс не существует)
 00000000152BFB48: 00000001024CDD85 atlantis64x.rtl.1:000CCD85
 00000000152BFB50: 000000006AA2B030 vision_w64x.dll.3:00028030
 00000000152BFB98: 000000006A9FFBA8 vision_w64x.dll.2:00018BA8
 00000000152BFBF0: 000000006A88CBA0 vision_w64x.dll.1:0000BBA0
 00000000152BFC08: 000000006A88CBF5 vision_w64x.dll.1:0000BBF5
 00000000152BFCD0: 000000006A88CBA0 vision_w64x.dll.1:0000BBA0
 00000000152BFD40: 0000000000EA00E8 base64x.dll.1:0004F0E8

Контекст исполнения ".SysUser"
Потеряно хип-контекстов: 1
Потеряно серверных потоков: 1

Менеджер динамической памяти ".SysUserHeap(.SysUser)"
Потеряно блоков: 381623, байтов: 227489156


▓ Программа: "vip64x.exe"  Время запуска: 08:44:33 01/03/2026
▓ Исполняемый модуль: "C:\Galaktika\AVAZ\chumachenko\6.0.09.0\exe\vip64x.exe"
▓ Система: Windows NT  Логин: "Дмитрий"  Станция: "LAPUS-VICTUS"

Класс окна "Atlantis Font Window" не был разрегистрирован: 1411
(Класс не существует)
 0000000014ECFB48: 00000001024CDD85 atlantis64x.rtl.1:000CCD85
 0000000014ECFB50: 000000006AA2B030 vision_w64x.dll.3:00028030
 0000000014ECFB98: 000000006A9FFBA8 vision_w64x.dll.2:00018BA8
 0000000014ECFBF0: 000000006A88CBA0 vision_w64x.dll.1:0000BBA0
 0000000014ECFC08: 000000006A88CBF5 vision_w64x.dll.1:0000BBF5
 0000000014ECFCD0: 000000006A88CBA0 vision_w64x.dll.1:0000BBA0
 0000000014ECFD40: 0000000000EA00E8 streams_64x.dll.1:0000F0E8

Контекст исполнения ".SysUser"
Потеряно хип-контекстов: 1
Потеряно серверных потоков: 1

Менеджер динамической памяти ".SysUserHeap(.SysUser)"
Потеряно блоков: 381636, байтов: 227494204


▓ Программа: "vip64x.exe"  Время запуска: 08:45:13 01/03/2026
▓ Исполняемый модуль: "C:\Galaktika\AVAZ\chumachenko\6.0.09.0\exe\vip64x.exe"
▓ Система: Windows NT  Логин: "Дмитрий"  Станция: "LAPUS-VICTUS"

Класс окна "Atlantis Font Window" не был разрегистрирован: 1411
(Класс не существует)
 000000001515FB48: 00000001024CDD85 atlantis64x.rtl.1:000CCD85
 000000001515FB50: 000000006AA2B030 vision_w64x.dll.3:00028030
 000000001515FB98: 000000006A9FFBA8 vision_w64x.dll.2:00018BA8
 000000001515FBF0: 000000006A88CBA0 vision_w64x.dll.1:0000BBA0
 000000001515FC08: 000000006A88CBF5 vision_w64x.dll.1:0000BBF5
 000000001515FCD0: 000000006A88CBA0 vision_w64x.dll.1:0000BBA0
 000000001515FD40: 0000000000EA00E8 base64x.dll.1:0003F0E8

Контекст исполнения ".SysUser"
Потеряно хип-контекстов: 1
Потеряно серверных потоков: 1

Менеджер динамической памяти ".SysUserHeap(.SysUser)"
Потеряно блоков: 383474, байтов: 227774168


▓ Программа: "vip64x.exe"  Время запуска: 08:45:52 01/03/2026
▓ Исполняемый модуль: "C:\Galaktika\AVAZ\chumachenko\6.0.09.0\exe\vip64x.exe"
▓ Система: Windows NT  Логин: "Дмитрий"  Станция: "LAPUS-VICTUS"

Класс окна "Atlantis Font Window" не был разрегистрирован: 1411
(Класс не существует)
 000000001535FB48: 00000001024CDD85 atlantis64x.rtl.1:000CCD85
 000000001535FB50: 000000006AA2B030 vision_w64x.dll.3:00028030
 000000001535FB98: 000000006A9FFBA8 vision_w64x.dll.2:00018BA8
 000000001535FBF0: 000000006A88CBA0 vision_w64x.dll.1:0000BBA0
 000000001535FC08: 000000006A88CBF5 vision_w64x.dll.1:0000BBF5
 000000001535FCD0: 000000006A88CBA0 vision_w64x.dll.1:0000BBA0
 000000001535FD40: 0000000000EA00E8 streams_64x.dll.1:0001F0E8

Контекст исполнения ".SysUser"
Потеряно хип-контекстов: 1
Потеряно серверных потоков: 1

Менеджер динамической памяти ".SysUserHeap(.SysUser)"
Потеряно блоков: 387349, байтов: 228252832


▓ Программа: "vip64x.exe"  Время запуска: 08:47:11 01/03/2026
▓ Исполняемый модуль: "C:\Galaktika\AVAZ\chumachenko\6.0.09.0\exe\vip64x.exe"
▓ Система: Windows NT  Логин: "Дмитрий"  Станция: "LAPUS-VICTUS"

Класс окна "Atlantis Font Window" не был разрегистрирован: 1411
(Класс не существует)
 000000001569FB48: 00000001024CDD85 atlantis64x.rtl.1:000CCD85
 000000001569FB50: 000000006AA2B030 vision_w64x.dll.3:00028030
 000000001569FB98: 000000006A9FFBA8 vision_w64x.dll.2:00018BA8
 000000001569FBF0: 000000006A88CBA0 vision_w64x.dll.1:0000BBA0
 000000001569FC08: 000000006A88CBF5 vision_w64x.dll.1:0000BBF5
 000000001569FCD0: 000000006A88CBA0 vision_w64x.dll.1:0000BBA0
 000000001569FD40: 0000000000EA00E8 streams_64x.dll.1:0002F0E8

Контекст исполнения ".SysUser"
Потеряно хип-контекстов: 1
Потеряно серверных потоков: 1

Менеджер динамической памяти ".SysUserHeap(.SysUser)"
Потеряно блоков: 394428, байтов: 229268536


▓ Программа: "vip64x.exe"  Время запуска: 08:47:42 01/03/2026
▓ Исполняемый модуль: "C:\Galaktika\AVAZ\chumachenko\6.0.09.0\exe\vip64x.exe"
▓ Система: Windows NT  Логин: "Дмитрий"  Станция: "LAPUS-VICTUS"

Класс окна "Atlantis Font Window" не был разрегистрирован: 1411
(Класс не существует)
 000000001527FB48: 00000001024CDD85 atlantis64x.rtl.1:000CCD85
 000000001527FB50: 000000006AA2B030 vision_w64x.dll.3:00028030
 000000001527FB98: 000000006A9FFBA8 vision_w64x.dll.2:00018BA8
 000000001527FBF0: 000000006A88CBA0 vision_w64x.dll.1:0000BBA0
 000000001527FC08: 000000006A88CBF5 vision_w64x.dll.1:0000BBF5
 000000001527FCD0: 000000006A88CBA0 vision_w64x.dll.1:0000BBA0
 000000001527FD40: 0000000000EA00E8 base64x.dll.1:0005F0E8

Контекст исполнения ".SysUser"
Потеряно хип-контекстов: 1
Потеряно серверных потоков: 1

Менеджер динамической памяти ".SysUserHeap(.SysUser)"
Потеряно блоков: 394428, байтов: 229267292


▓ Программа: "vip64x.exe"  Время запуска: 08:48:31 01/03/2026
▓ Исполняемый модуль: "C:\Galaktika\AVAZ\chumachenko\6.0.09.0\exe\vip64x.exe"
▓ Система: Windows NT  Логин: "Дмитрий"  Станция: "LAPUS-VICTUS"

Класс окна "Atlantis Font Window" не был разрегистрирован: 1411
(Класс не существует)
 00000000156FFB48: 00000001024CDD85 atlantis64x.rtl.1:000CCD85
 00000000156FFB50: 000000006AA2B030 vision_w64x.dll.3:00028030
 00000000156FFB98: 000000006A9FFBA8 vision_w64x.dll.2:00018BA8
 00000000156FFBF0: 000000006A88CBA0 vision_w64x.dll.1:0000BBA0
 00000000156FFC08: 000000006A88CBF5 vision_w64x.dll.1:0000BBF5
 00000000156FFCD0: 000000006A88CBA0 vision_w64x.dll.1:0000BBA0
 00000000156FFD40: 0000000000EA00E8 streams_64x.dll.1:0001F0E8

Контекст исполнения ".SysUser"
Потеряно хип-контекстов: 1
Потеряно серверных потоков: 1

Менеджер динамической памяти ".SysUserHeap(.SysUser)"
Потеряно блоков: 397613, байтов: 229707832


▓ Программа: "vip64x.exe"  Время запуска: 08:54:34 01/03/2026
▓ Исполняемый модуль: "C:\Galaktika\AVAZ\chumachenko\6.0.09.0\exe\vip64x.exe"
▓ Система: Windows NT

Контекст исполнения ".SysUser"
Потеряно хип-контекстов: 1

Менеджер динамической памяти ".SysUserHeap(.SysUser)"
Потеряно блоков: 396779, байтов: 229492492


▓ Программа: "vip64x.exe"  Время запуска: 08:55:46 01/03/2026
▓ Исполняемый модуль: "C:\Galaktika\AVAZ\chumachenko\6.0.09.0\exe\vip64x.exe"
▓ Система: Windows NT

Контекст исполнения ".SysUser"
Потеряно хип-контекстов: 1

Менеджер динамической памяти ".SysUserHeap(.SysUser)"
Потеряно блоков: 396779, байтов: 229492816


▓ Программа: "vip64x.exe"  Время запуска: 08:56:17 01/03/2026
▓ Исполняемый модуль: "C:\Galaktika\AVAZ\chumachenko\6.0.09.0\exe\vip64x.exe"
▓ Система: Windows NT

Контекст исполнения ".SysUser"
Потеряно хип-контекстов: 1

Менеджер динамической памяти ".SysUserHeap(.SysUser)"
Потеряно блоков: 396713, байтов: 229478264


▓ Программа: "vip64x.exe"  Время запуска: 09:24:17 01/03/2026
▓ Исполняемый модуль: "C:\Galaktika\AVAZ\chumachenko\6.0.09.0\exe\vip64x.exe"
▓ Система: Windows NT

Контекст исполнения ".SysUser"
Потеряно хип-контекстов: 1

Менеджер динамической памяти ".SysUserHeap(.SysUser)"
Потеряно блоков: 396739, байтов: 229488044


▓ Программа: "vip64x.exe"  Время запуска: 09:25:08 01/03/2026
▓ Исполняемый модуль: "C:\Galaktika\AVAZ\chumachenko\6.0.09.0\exe\vip64x.exe"
▓ Система: Windows NT

Контекст исполнения ".SysUser"
Потеряно хип-контекстов: 1

Менеджер динамической памяти ".SysUserHeap(.SysUser)"
Потеряно блоков: 396701, байтов: 229477992


▓ Программа: "vip64x.exe"  Время запуска: 09:25:21 01/03/2026
▓ Исполняемый модуль: "C:\Galaktika\AVAZ\chumachenko\6.0.09.0\exe\vip64x.exe"
▓ Система: Windows NT

Контекст исполнения ".SysUser"
Потеряно хип-контекстов: 1

Менеджер динамической памяти ".SysUserHeap(.SysUser)"
Потеряно блоков: 396701, байтов: 229478360

