
▓ Программа: "vip64x.exe"  Время запуска: 10:47:37 23/02/2026
▓ Исполняемый модуль: "C:\Galaktika\AVAZ\chumachenko\6.0.09.0\exe\vip64x.exe"
▓ Система: Windows NT

Контекст исполнения ".SysUser"
Потеряно хип-контекстов: 1

Менеджер динамической памяти ".SysUserHeap(.SysUser)"
Потеряно блоков: 95, байтов: 94756


▓ Программа: "vip64x.exe"  Время запуска: 10:47:56 23/02/2026
▓ Исполняемый модуль: "C:\Galaktika\AVAZ\chumachenko\6.0.09.0\exe\vip64x.exe"
▓ Система: Windows NT

Контекст исполнения ".SysUser"
Потеряно хип-контекстов: 1

Менеджер динамической памяти ".SysUserHeap(.SysUser)"
Потеряно блоков: 95, байтов: 94728


▓ Программа: "vip64x.exe"  Время запуска: 10:48:12 23/02/2026
▓ Исполняемый модуль: "C:\Galaktika\AVAZ\chumachenko\6.0.09.0\exe\vip64x.exe"
▓ Система: Windows NT

Контекст исполнения ".SysUser"
Потеряно хип-контекстов: 1

Менеджер динамической памяти ".SysUserHeap(.SysUser)"
Потеряно блоков: 95, байтов: 94744


▓ Программа: "vip64x.exe"  Время запуска: 10:49:06 23/02/2026
▓ Исполняемый модуль: "C:\Galaktika\AVAZ\chumachenko\6.0.09.0\exe\vip64x.exe"
▓ Система: Windows NT

Контекст исполнения ".SysUser"
Потеряно хип-контекстов: 1

Менеджер динамической памяти ".SysUserHeap(.SysUser)"
Потеряно блоков: 44, байтов: 92236


▓ Программа: "vip64x.exe"  Время запуска: 10:48:22 23/02/2026
▓ Исполняемый модуль: "C:\Galaktika\AVAZ\chumachenko\6.0.09.0\exe\vip64x.exe"
▓ Система: Windows NT  Логин: "Дмитрий"  Станция: "LAPUS-VICTUS"

Класс окна "Atlantis Font Window" не был разрегистрирован: 1411
(Класс не существует)
 00000000156EFB48: 00000001024CDD85 atlantis64x.rtl.1:000CCD85
 00000000156EFB50: 000000006AA2B030 vision_w64x.dll.3:00028030
 00000000156EFB98: 000000006A9FFBA8 vision_w64x.dll.2:00018BA8
 00000000156EFBF0: 000000006A88CBA0 vision_w64x.dll.1:0000BBA0
 00000000156EFC08: 000000006A88CBF5 vision_w64x.dll.1:0000BBF5
 00000000156EFCD0: 000000006A88CBA0 vision_w64x.dll.1:0000BBA0
 00000000156EFD40: 00000000011E011C jitvip64x.dll.6:0000211C

Контекст исполнения ".SysUser"
Потеряно хип-контекстов: 1
Потеряно серверных потоков: 1

Менеджер динамической памяти ".SysUserHeap(.SysUser)"
Потеряно блоков: 416565, байтов: 229726012


▓ Программа: "vip64x.exe"  Время запуска: 10:50:07 23/02/2026
▓ Исполняемый модуль: "C:\Galaktika\AVAZ\chumachenko\6.0.09.0\exe\vip64x.exe"
▓ Система: Windows NT

Контекст исполнения ".SysUser"
Потеряно хип-контекстов: 1

Менеджер динамической памяти ".SysUserHeap(.SysUser)"
Потеряно блоков: 50, байтов: 93276


▓ Программа: "vip64x.exe"  Время запуска: 10:50:34 23/02/2026
▓ Исполняемый модуль: "C:\Galaktika\AVAZ\chumachenko\6.0.09.0\exe\vip64x.exe"
▓ Система: Windows NT

Контекст исполнения ".SysUser"
Потеряно хип-контекстов: 1

Менеджер динамической памяти ".SysUserHeap(.SysUser)"
Потеряно блоков: 48, байтов: 93168


▓ Программа: "vip64x.exe"  Время запуска: 11:34:13 23/02/2026
▓ Исполняемый модуль: "C:\Galaktika\AVAZ\chumachenko\6.0.09.0\exe\vip64x.exe"
▓ Система: Windows NT

Контекст исполнения ".SysUser"
Потеряно хип-контекстов: 1

Менеджер динамической памяти ".SysUserHeap(.SysUser)"
Потеряно блоков: 48, байтов: 93168


▓ Программа: "vip64x.exe"  Время запуска: 11:34:31 23/02/2026
▓ Исполняемый модуль: "C:\Galaktika\AVAZ\chumachenko\6.0.09.0\exe\vip64x.exe"
▓ Система: Windows NT

Контекст исполнения ".SysUser"
Потеряно хип-контекстов: 1

Менеджер динамической памяти ".SysUserHeap(.SysUser)"
Потеряно блоков: 48, байтов: 93184


▓ Программа: "vip64x.exe"  Время запуска: 11:36:30 23/02/2026
▓ Исполняемый модуль: "C:\Galaktika\AVAZ\chumachenko\6.0.09.0\exe\vip64x.exe"
▓ Система: Windows NT

Контекст исполнения ".SysUser"
Потеряно хип-контекстов: 1

Менеджер динамической памяти ".SysUserHeap(.SysUser)"
Потеряно блоков: 95, байтов: 94756


▓ Программа: "vip64x.exe"  Время запуска: 11:37:03 23/02/2026
▓ Исполняемый модуль: "C:\Galaktika\AVAZ\chumachenko\6.0.09.0\exe\vip64x.exe"
▓ Система: Windows NT  Логин: "Дмитрий"  Станция: "LAPUS-VICTUS"

Класс окна "Atlantis Font Window" не был разрегистрирован: 1411
(Класс не существует)
 00000000156AFB48: 00000001024CDD85 atlantis64x.rtl.1:000CCD85
 00000000156AFB50: 000000006AA2B030 vision_w64x.dll.3:00028030
 00000000156AFB98: 000000006A9FFBA8 vision_w64x.dll.2:00018BA8
 00000000156AFBF0: 000000006A88CBA0 vision_w64x.dll.1:0000BBA0
 00000000156AFC08: 000000006A88CBF5 vision_w64x.dll.1:0000BBF5
 00000000156AFCD0: 000000006A88CBA0 vision_w64x.dll.1:0000BBA0
 00000000156AFD40: 00000000011E011C jitvip64x.dll.1:0000F11C

Контекст исполнения ".SysUser"
Потеряно хип-контекстов: 1
Потеряно серверных потоков: 1

Менеджер динамической памяти ".SysUserHeap(.SysUser)"
Потеряно блоков: 418044, байтов: 230520616


▓ Программа: "vip64x.exe"  Время запуска: 11:37:26 23/02/2026
▓ Исполняемый модуль: "C:\Galaktika\AVAZ\chumachenko\6.0.09.0\exe\vip64x.exe"
▓ Система: Windows NT

Контекст исполнения ".SysUser"
Потеряно хип-контекстов: 1

Менеджер динамической памяти ".SysUserHeap(.SysUser)"
Потеряно блоков: 418040, байтов: 230397000


▓ Программа: "vip64x.exe"  Время запуска: 11:37:52 23/02/2026
▓ Исполняемый модуль: "C:\Galaktika\AVAZ\chumachenko\6.0.09.0\exe\vip64x.exe"
▓ Система: Windows NT

Контекст исполнения ".SysUser"
Потеряно хип-контекстов: 1

Менеджер динамической памяти ".SysUserHeap(.SysUser)"
Потеряно блоков: 417992, байтов: 230387152

