
▓ Программа: "vip.exe"  Время запуска: 08:58:23 09/05/2025
▓ Исполняемый модуль: "C:\Galaktika\AVAZ\avaz_ptz\Exe_support\vip.exe"
▓ Система: Windows NT

Контекст исполнения ".SysUser"
Потеряно хип-контекстов: 1

Менеджер динамической памяти ".SysUserHeap(.SysUser)"
Потеряно блоков: 69, байтов: 1540


▓ Программа: "vip.exe"  Время запуска: 09:07:07 09/05/2025
▓ Исполняемый модуль: "C:\Galaktika\AVAZ\avaz_ptz\Exe_support\vip.exe"
▓ Система: Windows NT

Контекст исполнения ".SysUser"
Потеряно хип-контекстов: 1

Менеджер динамической памяти ".SysUserHeap(.SysUser)"
Потеряно блоков: 69, байтов: 1520


▓ Программа: "vip.exe"  Время запуска: 09:08:15 09/05/2025
▓ Исполняемый модуль: "C:\Galaktika\AVAZ\avaz_ptz\Exe_support\vip.exe"
▓ Система: Windows NT

Контекст исполнения ".SysUser"
Потеряно хип-контекстов: 1

Менеджер динамической памяти ".SysUserHeap(.SysUser)"
Потеряно блоков: 69, байтов: 1540


▓ Программа: "vip.exe"  Время запуска: 09:08:35 09/05/2025
▓ Исполняемый модуль: "C:\Galaktika\AVAZ\avaz_ptz\Exe_support\vip.exe"
▓ Система: Windows NT

Контекст исполнения ".SysUser"
Потеряно хип-контекстов: 1

Менеджер динамической памяти ".SysUserHeap(.SysUser)"
Потеряно блоков: 69, байтов: 1520


▓ Программа: "frres.exe"  Время запуска: 09:08:38 09/05/2025
▓ Исполняемый модуль: "C:\Galaktika\AVAZ\avaz_ptz\Exe_support\frres.exe"
▓ Система: Windows NT  Логин: "Дмитрий"  Станция: "LAPUS-VICTUS"

Менеджер динамической памяти ".SysUserHeap(.SysUser)"
Потеряно блоков: 1, байтов: 56


▓ Программа: "vip.exe"  Время запуска: 09:50:32 09/05/2025
▓ Исполняемый модуль: "C:\Galaktika\AVAZ\avaz_ptz\Exe_support\vip.exe"
▓ Система: Windows NT

Контекст исполнения ".SysUser"
Потеряно хип-контекстов: 1

Менеджер динамической памяти ".SysUserHeap(.SysUser)"
Потеряно блоков: 3, байтов: 108


▓ Программа: "frres.exe"  Время запуска: 09:50:39 09/05/2025
▓ Исполняемый модуль: "C:\Galaktika\AVAZ\avaz_ptz\Exe_support\frres.exe"
▓ Система: Windows NT  Логин: "Дмитрий"  Станция: "LAPUS-VICTUS"

Менеджер динамической памяти ".SysUserHeap(.SysUser)"
Потеряно блоков: 1, байтов: 56


▓ Программа: "vip.exe"  Время запуска: 09:52:48 09/05/2025
▓ Исполняемый модуль: "C:\Galaktika\AVAZ\avaz_ptz\Exe_support\vip.exe"
▓ Система: Windows NT

Контекст исполнения ".SysUser"
Потеряно хип-контекстов: 1

Менеджер динамической памяти ".SysUserHeap(.SysUser)"
Потеряно блоков: 69, байтов: 1548


▓ Программа: "frres.exe"  Время запуска: 09:52:50 09/05/2025
▓ Исполняемый модуль: "C:\Galaktika\AVAZ\avaz_ptz\Exe_support\frres.exe"
▓ Система: Windows NT  Логин: "Дмитрий"  Станция: "LAPUS-VICTUS"

Менеджер динамической памяти ".SysUserHeap(.SysUser)"
Потеряно блоков: 1, байтов: 56


▓ Программа: "vip.exe"  Время запуска: 10:02:20 09/05/2025
▓ Исполняемый модуль: "C:\Galaktika\AVAZ\avaz_ptz\Exe_support\vip.exe"
▓ Система: Windows NT

Контекст исполнения ".SysUser"
Потеряно хип-контекстов: 1

Менеджер динамической памяти ".SysUserHeap(.SysUser)"
Потеряно блоков: 69, байтов: 1528


▓ Программа: "frres.exe"  Время запуска: 10:02:23 09/05/2025
▓ Исполняемый модуль: "C:\Galaktika\AVAZ\avaz_ptz\Exe_support\frres.exe"
▓ Система: Windows NT  Логин: "Дмитрий"  Станция: "LAPUS-VICTUS"

Менеджер динамической памяти ".SysUserHeap(.SysUser)"
Потеряно блоков: 1, байтов: 56


▓ Программа: "vip.exe"  Время запуска: 10:03:39 09/05/2025
▓ Исполняемый модуль: "C:\Galaktika\AVAZ\avaz_ptz\Exe_support\vip.exe"
▓ Система: Windows NT

Контекст исполнения ".SysUser"
Потеряно хип-контекстов: 1

Менеджер динамической памяти ".SysUserHeap(.SysUser)"
Потеряно блоков: 69, байтов: 1512


▓ Программа: "frres.exe"  Время запуска: 10:03:42 09/05/2025
▓ Исполняемый модуль: "C:\Galaktika\AVAZ\avaz_ptz\Exe_support\frres.exe"
▓ Система: Windows NT  Логин: "Дмитрий"  Станция: "LAPUS-VICTUS"

Менеджер динамической памяти ".SysUserHeap(.SysUser)"
Потеряно блоков: 1, байтов: 56


▓ Программа: "vip.exe"  Время запуска: 10:04:17 09/05/2025
▓ Исполняемый модуль: "C:\Galaktika\AVAZ\avaz_ptz\Exe_support\vip.exe"
▓ Система: Windows NT

Контекст исполнения ".SysUser"
Потеряно хип-контекстов: 1

Менеджер динамической памяти ".SysUserHeap(.SysUser)"
Потеряно блоков: 69, байтов: 1512


▓ Программа: "frres.exe"  Время запуска: 10:04:20 09/05/2025
▓ Исполняемый модуль: "C:\Galaktika\AVAZ\avaz_ptz\Exe_support\frres.exe"
▓ Система: Windows NT  Логин: "Дмитрий"  Станция: "LAPUS-VICTUS"

Менеджер динамической памяти ".SysUserHeap(.SysUser)"
Потеряно блоков: 1, байтов: 56


▓ Программа: "vip.exe"  Время запуска: 10:05:30 09/05/2025
▓ Исполняемый модуль: "C:\Galaktika\AVAZ\avaz_ptz\Exe_support\vip.exe"
▓ Система: Windows NT

Контекст исполнения ".SysUser"
Потеряно хип-контекстов: 1

Менеджер динамической памяти ".SysUserHeap(.SysUser)"
Потеряно блоков: 69, байтов: 1524


▓ Программа: "frres.exe"  Время запуска: 10:05:32 09/05/2025
▓ Исполняемый модуль: "C:\Galaktika\AVAZ\avaz_ptz\Exe_support\frres.exe"
▓ Система: Windows NT  Логин: "Дмитрий"  Станция: "LAPUS-VICTUS"

Менеджер динамической памяти ".SysUserHeap(.SysUser)"
Потеряно блоков: 1, байтов: 56


▓ Программа: "vip.exe"  Время запуска: 10:15:00 09/05/2025
▓ Исполняемый модуль: "C:\Galaktika\AVAZ\avaz_ptz\Exe_support\vip.exe"
▓ Система: Windows NT

Контекст исполнения ".SysUser"
Потеряно хип-контекстов: 1

Менеджер динамической памяти ".SysUserHeap(.SysUser)"
Потеряно блоков: 69, байтов: 1532


▓ Программа: "frres.exe"  Время запуска: 10:15:02 09/05/2025
▓ Исполняемый модуль: "C:\Galaktika\AVAZ\avaz_ptz\Exe_support\frres.exe"
▓ Система: Windows NT  Логин: "Дмитрий"  Станция: "LAPUS-VICTUS"

Менеджер динамической памяти ".SysUserHeap(.SysUser)"
Потеряно блоков: 1, байтов: 56


▓ Программа: "vip.exe"  Время запуска: 10:49:39 10/05/2025
▓ Исполняемый модуль: "C:\Galaktika\AVAZ\avaz_ptz\Exe_support\vip.exe"
▓ Система: Windows NT

Контекст исполнения ".SysUser"
Потеряно хип-контекстов: 1

Менеджер динамической памяти ".SysUserHeap(.SysUser)"
Потеряно блоков: 77, байтов: 1720


▓ Программа: "frres.exe"  Время запуска: 10:49:47 10/05/2025
▓ Исполняемый модуль: "C:\Galaktika\AVAZ\avaz_ptz\Exe_support\frres.exe"
▓ Система: Windows NT  Логин: "Дмитрий"  Станция: "LAPUS-VICTUS"

Менеджер динамической памяти ".SysUserHeap(.SysUser)"
Потеряно блоков: 1, байтов: 56


▓ Программа: "vip.exe"  Время запуска: 10:49:57 10/05/2025
▓ Исполняемый модуль: "C:\Galaktika\AVAZ\avaz_ptz\Exe_support\vip.exe"
▓ Система: Windows NT

Контекст исполнения ".SysUser"
Потеряно хип-контекстов: 1

Менеджер динамической памяти ".SysUserHeap(.SysUser)"
Потеряно блоков: 77, байтов: 1748


▓ Программа: "frres.exe"  Время запуска: 10:50:09 10/05/2025
▓ Исполняемый модуль: "C:\Galaktika\AVAZ\avaz_ptz\Exe_support\frres.exe"
▓ Система: Windows NT  Логин: "Дмитрий"  Станция: "LAPUS-VICTUS"

Менеджер динамической памяти ".SysUserHeap(.SysUser)"
Потеряно блоков: 1, байтов: 56


▓ Программа: "vip.exe"  Время запуска: 10:50:48 10/05/2025
▓ Исполняемый модуль: "C:\Galaktika\AVAZ\avaz_ptz\Exe_support\vip.exe"
▓ Система: Windows NT

Контекст исполнения ".SysUser"
Потеряно хип-контекстов: 1

Менеджер динамической памяти ".SysUserHeap(.SysUser)"
Потеряно блоков: 77, байтов: 1728


▓ Программа: "frres.exe"  Время запуска: 10:50:53 10/05/2025
▓ Исполняемый модуль: "C:\Galaktika\AVAZ\avaz_ptz\Exe_support\frres.exe"
▓ Система: Windows NT  Логин: "Дмитрий"  Станция: "LAPUS-VICTUS"

Менеджер динамической памяти ".SysUserHeap(.SysUser)"
Потеряно блоков: 1, байтов: 56


▓ Программа: "vip.exe"  Время запуска: 10:51:25 10/05/2025
▓ Исполняемый модуль: "C:\Galaktika\AVAZ\avaz_ptz\Exe_support\vip.exe"
▓ Система: Windows NT

Контекст исполнения ".SysUser"
Потеряно хип-контекстов: 1

Менеджер динамической памяти ".SysUserHeap(.SysUser)"
Потеряно блоков: 87, байтов: 1948


▓ Программа: "frres.exe"  Время запуска: 10:51:42 10/05/2025
▓ Исполняемый модуль: "C:\Galaktika\AVAZ\avaz_ptz\Exe_support\frres.exe"
▓ Система: Windows NT  Логин: "Дмитрий"  Станция: "LAPUS-VICTUS"

Менеджер динамической памяти ".SysUserHeap(.SysUser)"
Потеряно блоков: 1, байтов: 56


▓ Программа: "vip.exe"  Время запуска: 10:59:40 10/05/2025
▓ Исполняемый модуль: "C:\Galaktika\AVAZ\avaz_ptz\Exe_support\vip.exe"
▓ Система: Windows NT

Контекст исполнения ".SysUser"
Потеряно хип-контекстов: 1

Менеджер динамической памяти ".SysUserHeap(.SysUser)"
Потеряно блоков: 87, байтов: 1944


▓ Программа: "frres.exe"  Время запуска: 10:59:46 10/05/2025
▓ Исполняемый модуль: "C:\Galaktika\AVAZ\avaz_ptz\Exe_support\frres.exe"
▓ Система: Windows NT  Логин: "Дмитрий"  Станция: "LAPUS-VICTUS"

Менеджер динамической памяти ".SysUserHeap(.SysUser)"
Потеряно блоков: 1, байтов: 56


▓ Программа: "vip.exe"  Время запуска: 10:59:54 10/05/2025
▓ Исполняемый модуль: "C:\Galaktika\AVAZ\avaz_ptz\Exe_support\vip.exe"
▓ Система: Windows NT

Контекст исполнения ".SysUser"
Потеряно хип-контекстов: 1

Менеджер динамической памяти ".SysUserHeap(.SysUser)"
Потеряно блоков: 87, байтов: 1924


▓ Программа: "frres.exe"  Время запуска: 10:59:57 10/05/2025
▓ Исполняемый модуль: "C:\Galaktika\AVAZ\avaz_ptz\Exe_support\frres.exe"
▓ Система: Windows NT  Логин: "Дмитрий"  Станция: "LAPUS-VICTUS"

Менеджер динамической памяти ".SysUserHeap(.SysUser)"
Потеряно блоков: 1, байтов: 56


▓ Программа: "vip.exe"  Время запуска: 11:00:39 10/05/2025
▓ Исполняемый модуль: "C:\Galaktika\AVAZ\avaz_ptz\Exe_support\vip.exe"
▓ Система: Windows NT

Контекст исполнения ".SysUser"
Потеряно хип-контекстов: 1

Менеджер динамической памяти ".SysUserHeap(.SysUser)"
Потеряно блоков: 87, байтов: 1936


▓ Программа: "frres.exe"  Время запуска: 11:00:51 10/05/2025
▓ Исполняемый модуль: "C:\Galaktika\AVAZ\avaz_ptz\Exe_support\frres.exe"
▓ Система: Windows NT  Логин: "Дмитрий"  Станция: "LAPUS-VICTUS"

Менеджер динамической памяти ".SysUserHeap(.SysUser)"
Потеряно блоков: 1, байтов: 56


▓ Программа: "vip.exe"  Время запуска: 11:02:14 10/05/2025
▓ Исполняемый модуль: "C:\Galaktika\AVAZ\avaz_ptz\Exe_support\vip.exe"
▓ Система: Windows NT

Контекст исполнения ".SysUser"
Потеряно хип-контекстов: 1

Менеджер динамической памяти ".SysUserHeap(.SysUser)"
Потеряно блоков: 87, байтов: 1892


▓ Программа: "frres.exe"  Время запуска: 11:02:17 10/05/2025
▓ Исполняемый модуль: "C:\Galaktika\AVAZ\avaz_ptz\Exe_support\frres.exe"
▓ Система: Windows NT  Логин: "Дмитрий"  Станция: "LAPUS-VICTUS"

Менеджер динамической памяти ".SysUserHeap(.SysUser)"
Потеряно блоков: 1, байтов: 56


▓ Программа: "vip.exe"  Время запуска: 11:04:40 10/05/2025
▓ Исполняемый модуль: "C:\Galaktika\AVAZ\avaz_ptz\Exe_support\vip.exe"
▓ Система: Windows NT

Контекст исполнения ".SysUser"
Потеряно хип-контекстов: 1

Менеджер динамической памяти ".SysUserHeap(.SysUser)"
Потеряно блоков: 87, байтов: 1940


▓ Программа: "frres.exe"  Время запуска: 11:04:42 10/05/2025
▓ Исполняемый модуль: "C:\Galaktika\AVAZ\avaz_ptz\Exe_support\frres.exe"
▓ Система: Windows NT  Логин: "Дмитрий"  Станция: "LAPUS-VICTUS"

Менеджер динамической памяти ".SysUserHeap(.SysUser)"
Потеряно блоков: 1, байтов: 56


▓ Программа: "vip.exe"  Время запуска: 11:07:18 10/05/2025
▓ Исполняемый модуль: "C:\Galaktika\AVAZ\avaz_ptz\Exe_support\vip.exe"
▓ Система: Windows NT

Контекст исполнения ".SysUser"
Потеряно хип-контекстов: 1

Менеджер динамической памяти ".SysUserHeap(.SysUser)"
Потеряно блоков: 87, байтов: 1904


▓ Программа: "frres.exe"  Время запуска: 11:07:21 10/05/2025
▓ Исполняемый модуль: "C:\Galaktika\AVAZ\avaz_ptz\Exe_support\frres.exe"
▓ Система: Windows NT  Логин: "Дмитрий"  Станция: "LAPUS-VICTUS"

Менеджер динамической памяти ".SysUserHeap(.SysUser)"
Потеряно блоков: 1, байтов: 56


▓ Программа: "vip.exe"  Время запуска: 11:56:59 10/05/2025
▓ Исполняемый модуль: "C:\Galaktika\AVAZ\avaz_ptz\Exe_support\vip.exe"
▓ Система: Windows NT

Контекст исполнения ".SysUser"
Потеряно хип-контекстов: 1

Менеджер динамической памяти ".SysUserHeap(.SysUser)"
Потеряно блоков: 45, байтов: 996


▓ Программа: "frres.exe"  Время запуска: 11:57:04 10/05/2025
▓ Исполняемый модуль: "C:\Galaktika\AVAZ\avaz_ptz\Exe_support\frres.exe"
▓ Система: Windows NT  Логин: "Дмитрий"  Станция: "LAPUS-VICTUS"

Менеджер динамической памяти ".SysUserHeap(.SysUser)"
Потеряно блоков: 1, байтов: 56


▓ Программа: "vip.exe"  Время запуска: 11:57:18 10/05/2025
▓ Исполняемый модуль: "C:\Galaktika\AVAZ\avaz_ptz\Exe_support\vip.exe"
▓ Система: Windows NT

Контекст исполнения ".SysUser"
Потеряно хип-контекстов: 1

Менеджер динамической памяти ".SysUserHeap(.SysUser)"
Потеряно блоков: 45, байтов: 976


▓ Программа: "frres.exe"  Время запуска: 11:57:23 10/05/2025
▓ Исполняемый модуль: "C:\Galaktika\AVAZ\avaz_ptz\Exe_support\frres.exe"
▓ Система: Windows NT  Логин: "Дмитрий"  Станция: "LAPUS-VICTUS"

Менеджер динамической памяти ".SysUserHeap(.SysUser)"
Потеряно блоков: 1, байтов: 56


▓ Программа: "vip.exe"  Время запуска: 11:57:37 10/05/2025
▓ Исполняемый модуль: "C:\Galaktika\AVAZ\avaz_ptz\Exe_support\vip.exe"
▓ Система: Windows NT

Контекст исполнения ".SysUser"
Потеряно хип-контекстов: 1

Менеджер динамической памяти ".SysUserHeap(.SysUser)"
Потеряно блоков: 1, байтов: 56


▓ Программа: "frres.exe"  Время запуска: 11:57:38 10/05/2025
▓ Исполняемый модуль: "C:\Galaktika\AVAZ\avaz_ptz\Exe_support\frres.exe"
▓ Система: Windows NT  Логин: "Дмитрий"  Станция: "LAPUS-VICTUS"

Менеджер динамической памяти ".SysUserHeap(.SysUser)"
Потеряно блоков: 1, байтов: 56


▓ Программа: "vip.exe"  Время запуска: 11:58:02 10/05/2025
▓ Исполняемый модуль: "C:\Galaktika\AVAZ\avaz_ptz\Exe_support\vip.exe"
▓ Система: Windows NT

Контекст исполнения ".SysUser"
Потеряно хип-контекстов: 1

Менеджер динамической памяти ".SysUserHeap(.SysUser)"
Потеряно блоков: 57, байтов: 1208


▓ Программа: "frres.exe"  Время запуска: 11:58:09 10/05/2025
▓ Исполняемый модуль: "C:\Galaktika\AVAZ\avaz_ptz\Exe_support\frres.exe"
▓ Система: Windows NT  Логин: "Дмитрий"  Станция: "LAPUS-VICTUS"

Менеджер динамической памяти ".SysUserHeap(.SysUser)"
Потеряно блоков: 1, байтов: 56


▓ Программа: "vip.exe"  Время запуска: 11:58:46 10/05/2025
▓ Исполняемый модуль: "C:\Galaktika\AVAZ\avaz_ptz\Exe_support\vip.exe"
▓ Система: Windows NT

Контекст исполнения ".SysUser"
Потеряно хип-контекстов: 1

Менеджер динамической памяти ".SysUserHeap(.SysUser)"
Потеряно блоков: 96, байтов: 2084


▓ Программа: "frres.exe"  Время запуска: 11:58:49 10/05/2025
▓ Исполняемый модуль: "C:\Galaktika\AVAZ\avaz_ptz\Exe_support\frres.exe"
▓ Система: Windows NT  Логин: "Дмитрий"  Станция: "LAPUS-VICTUS"

Менеджер динамической памяти ".SysUserHeap(.SysUser)"
Потеряно блоков: 1, байтов: 56


▓ Программа: "vip.exe"  Время запуска: 12:26:24 10/05/2025
▓ Исполняемый модуль: "C:\Galaktika\AVAZ\avaz_ptz\Exe_support\vip.exe"
▓ Система: Windows NT

Контекст исполнения ".SysUser"
Потеряно хип-контекстов: 1

Менеджер динамической памяти ".SysUserHeap(.SysUser)"
Потеряно блоков: 96, байтов: 2100


▓ Программа: "frres.exe"  Время запуска: 12:26:26 10/05/2025
▓ Исполняемый модуль: "C:\Galaktika\AVAZ\avaz_ptz\Exe_support\frres.exe"
▓ Система: Windows NT  Логин: "Дмитрий"  Станция: "LAPUS-VICTUS"

Менеджер динамической памяти ".SysUserHeap(.SysUser)"
Потеряно блоков: 1, байтов: 56


▓ Программа: "vip.exe"  Время запуска: 12:49:16 10/05/2025
▓ Исполняемый модуль: "C:\Galaktika\AVAZ\avaz_ptz\Exe_support\vip.exe"
▓ Система: Windows NT

Контекст исполнения ".SysUser"
Потеряно хип-контекстов: 1

Менеджер динамической памяти ".SysUserHeap(.SysUser)"
Потеряно блоков: 80, байтов: 1752


▓ Программа: "frres.exe"  Время запуска: 12:49:21 10/05/2025
▓ Исполняемый модуль: "C:\Galaktika\AVAZ\avaz_ptz\Exe_support\frres.exe"
▓ Система: Windows NT  Логин: "Дмитрий"  Станция: "LAPUS-VICTUS"

Менеджер динамической памяти ".SysUserHeap(.SysUser)"
Потеряно блоков: 1, байтов: 56


▓ Программа: "vip.exe"  Время запуска: 12:49:28 10/05/2025
▓ Исполняемый модуль: "C:\Galaktika\AVAZ\avaz_ptz\Exe_support\vip.exe"
▓ Система: Windows NT

Контекст исполнения ".SysUser"
Потеряно хип-контекстов: 1

Менеджер динамической памяти ".SysUserHeap(.SysUser)"
Потеряно блоков: 80, байтов: 1756


▓ Программа: "frres.exe"  Время запуска: 12:49:33 10/05/2025
▓ Исполняемый модуль: "C:\Galaktika\AVAZ\avaz_ptz\Exe_support\frres.exe"
▓ Система: Windows NT  Логин: "Дмитрий"  Станция: "LAPUS-VICTUS"

Менеджер динамической памяти ".SysUserHeap(.SysUser)"
Потеряно блоков: 1, байтов: 56


▓ Программа: "vip.exe"  Время запуска: 12:51:46 10/05/2025
▓ Исполняемый модуль: "C:\Galaktika\AVAZ\avaz_ptz\Exe_support\vip.exe"
▓ Система: Windows NT

Контекст исполнения ".SysUser"
Потеряно хип-контекстов: 1

Менеджер динамической памяти ".SysUserHeap(.SysUser)"
Потеряно блоков: 80, байтов: 1764


▓ Программа: "frres.exe"  Время запуска: 12:51:53 10/05/2025
▓ Исполняемый модуль: "C:\Galaktika\AVAZ\avaz_ptz\Exe_support\frres.exe"
▓ Система: Windows NT  Логин: "Дмитрий"  Станция: "LAPUS-VICTUS"

Менеджер динамической памяти ".SysUserHeap(.SysUser)"
Потеряно блоков: 1, байтов: 56


▓ Программа: "vip.exe"  Время запуска: 12:51:57 10/05/2025
▓ Исполняемый модуль: "C:\Galaktika\AVAZ\avaz_ptz\Exe_support\vip.exe"
▓ Система: Windows NT

Контекст исполнения ".SysUser"
Потеряно хип-контекстов: 1

Менеджер динамической памяти ".SysUserHeap(.SysUser)"
Потеряно блоков: 94, байтов: 2076


▓ Программа: "frres.exe"  Время запуска: 12:52:00 10/05/2025
▓ Исполняемый модуль: "C:\Galaktika\AVAZ\avaz_ptz\Exe_support\frres.exe"
▓ Система: Windows NT  Логин: "Дмитрий"  Станция: "LAPUS-VICTUS"

Менеджер динамической памяти ".SysUserHeap(.SysUser)"
Потеряно блоков: 1, байтов: 56


▓ Программа: "vip.exe"  Время запуска: 13:07:39 10/05/2025
▓ Исполняемый модуль: "C:\Galaktika\AVAZ\avaz_ptz\Exe_support\vip.exe"
▓ Система: Windows NT

Контекст исполнения ".SysUser"
Потеряно хип-контекстов: 1

Менеджер динамической памяти ".SysUserHeap(.SysUser)"
Потеряно блоков: 10, байтов: 248


▓ Программа: "frres.exe"  Время запуска: 13:07:43 10/05/2025
▓ Исполняемый модуль: "C:\Galaktika\AVAZ\avaz_ptz\Exe_support\frres.exe"
▓ Система: Windows NT  Логин: "Дмитрий"  Станция: "LAPUS-VICTUS"

Менеджер динамической памяти ".SysUserHeap(.SysUser)"
Потеряно блоков: 1, байтов: 56


▓ Программа: "vip.exe"  Время запуска: 13:08:45 10/05/2025
▓ Исполняемый модуль: "C:\Galaktika\AVAZ\avaz_ptz\Exe_support\vip.exe"
▓ Система: Windows NT

Контекст исполнения ".SysUser"
Потеряно хип-контекстов: 1

Менеджер динамической памяти ".SysUserHeap(.SysUser)"
Потеряно блоков: 99, байтов: 2192


▓ Программа: "frres.exe"  Время запуска: 13:08:48 10/05/2025
▓ Исполняемый модуль: "C:\Galaktika\AVAZ\avaz_ptz\Exe_support\frres.exe"
▓ Система: Windows NT  Логин: "Дмитрий"  Станция: "LAPUS-VICTUS"

Менеджер динамической памяти ".SysUserHeap(.SysUser)"
Потеряно блоков: 1, байтов: 56


▓ Программа: "vip.exe"  Время запуска: 10:31:32 08/06/2025
▓ Исполняемый модуль: "C:\Galaktika\AVAZ\avaz_ptz\Exe_support\vip.exe"
▓ Система: Windows NT

Контекст исполнения ".SysUser"
Потеряно хип-контекстов: 1

Менеджер динамической памяти ".SysUserHeap(.SysUser)"
Потеряно блоков: 25, байтов: 1968


▓ Программа: "frres.exe"  Время запуска: 10:31:42 08/06/2025
▓ Исполняемый модуль: "C:\Galaktika\AVAZ\avaz_ptz\Exe_support\frres.exe"
▓ Система: Windows NT  Логин: "Дмитрий"  Станция: "LAPUS-VICTUS"

Менеджер динамической памяти ".SysUserHeap(.SysUser)"
Потеряно блоков: 1, байтов: 56


▓ Программа: "vip.exe"  Время запуска: 10:37:39 08/06/2025
▓ Исполняемый модуль: "C:\Galaktika\AVAZ\avaz_ptz\Exe_support\vip.exe"
▓ Система: Windows NT

Контекст исполнения ".SysUser"
Потеряно хип-контекстов: 1

Менеджер динамической памяти ".SysUserHeap(.SysUser)"
Потеряно блоков: 54, байтов: 3788


▓ Программа: "frres.exe"  Время запуска: 10:38:08 08/06/2025
▓ Исполняемый модуль: "C:\Galaktika\AVAZ\avaz_ptz\Exe_support\frres.exe"
▓ Система: Windows NT  Логин: "Дмитрий"  Станция: "LAPUS-VICTUS"

Менеджер динамической памяти ".SysUserHeap(.SysUser)"
Потеряно блоков: 1, байтов: 56


▓ Программа: "vip.exe"  Время запуска: 10:38:14 08/06/2025
▓ Исполняемый модуль: "C:\Galaktika\AVAZ\avaz_ptz\Exe_support\vip.exe"
▓ Система: Windows NT

Контекст исполнения ".SysUser"
Потеряно хип-контекстов: 1

Менеджер динамической памяти ".SysUserHeap(.SysUser)"
Потеряно блоков: 97, байтов: 2128


▓ Программа: "frres.exe"  Время запуска: 10:38:17 08/06/2025
▓ Исполняемый модуль: "C:\Galaktika\AVAZ\avaz_ptz\Exe_support\frres.exe"
▓ Система: Windows NT  Логин: "Дмитрий"  Станция: "LAPUS-VICTUS"

Менеджер динамической памяти ".SysUserHeap(.SysUser)"
Потеряно блоков: 1, байтов: 56


▓ Программа: "vip.exe"  Время запуска: 10:53:01 08/06/2025
▓ Исполняемый модуль: "C:\Galaktika\AVAZ\avaz_ptz\Exe_support\vip.exe"
▓ Система: Windows NT

Контекст исполнения ".SysUser"
Потеряно хип-контекстов: 1

Менеджер динамической памяти ".SysUserHeap(.SysUser)"
Потеряно блоков: 101, байтов: 2332


▓ Программа: "frres.exe"  Время запуска: 10:53:03 08/06/2025
▓ Исполняемый модуль: "C:\Galaktika\AVAZ\avaz_ptz\Exe_support\frres.exe"
▓ Система: Windows NT  Логин: "Дмитрий"  Станция: "LAPUS-VICTUS"

Менеджер динамической памяти ".SysUserHeap(.SysUser)"
Потеряно блоков: 1, байтов: 56


▓ Программа: "vip.exe"  Время запуска: 08:22:11 14/06/2025
▓ Исполняемый модуль: "C:\Galaktika\AVAZ\avaz_ptz\Exe_support\vip.exe"
▓ Система: Windows NT

Контекст исполнения ".SysUser"
Потеряно хип-контекстов: 1

Менеджер динамической памяти ".SysUserHeap(.SysUser)"
Потеряно блоков: 101, байтов: 2360


▓ Программа: "frres.exe"  Время запуска: 08:22:14 14/06/2025
▓ Исполняемый модуль: "C:\Galaktika\AVAZ\avaz_ptz\Exe_support\frres.exe"
▓ Система: Windows NT  Логин: "Дмитрий"  Станция: "LAPUS-VICTUS"

Менеджер динамической памяти ".SysUserHeap(.SysUser)"
Потеряно блоков: 1, байтов: 56


▓ Программа: "vip.exe"  Время запуска: 12:43:09 15/06/2025
▓ Исполняемый модуль: "C:\Galaktika\AVAZ\avaz_ptz\Exe_support\vip.exe"
▓ Система: Windows NT

Контекст исполнения ".SysUser"
Потеряно хип-контекстов: 1

Менеджер динамической памяти ".SysUserHeap(.SysUser)"
Потеряно блоков: 99, байтов: 2164


▓ Программа: "frres.exe"  Время запуска: 12:43:13 15/06/2025
▓ Исполняемый модуль: "C:\Galaktika\AVAZ\avaz_ptz\Exe_support\frres.exe"
▓ Система: Windows NT  Логин: "Дмитрий"  Станция: "LAPUS-VICTUS"

Менеджер динамической памяти ".SysUserHeap(.SysUser)"
Потеряно блоков: 1, байтов: 56


▓ Программа: "vip.exe"  Время запуска: 12:44:54 15/06/2025
▓ Исполняемый модуль: "C:\Galaktika\AVAZ\avaz_ptz\Exe_support\vip.exe"
▓ Система: Windows NT

Контекст исполнения ".SysUser"
Потеряно хип-контекстов: 1

Менеджер динамической памяти ".SysUserHeap(.SysUser)"
Потеряно блоков: 121, байтов: 2500


▓ Программа: "frres.exe"  Время запуска: 12:45:43 15/06/2025
▓ Исполняемый модуль: "C:\Galaktika\AVAZ\avaz_ptz\Exe_support\frres.exe"
▓ Система: Windows NT  Логин: "Дмитрий"  Станция: "LAPUS-VICTUS"

Менеджер динамической памяти ".SysUserHeap(.SysUser)"
Потеряно блоков: 1, байтов: 56


▓ Программа: "vip.exe"  Время запуска: 12:51:27 15/06/2025
▓ Исполняемый модуль: "C:\Galaktika\AVAZ\avaz_ptz\Exe_support\vip.exe"
▓ Система: Windows NT

Контекст исполнения ".SysUser"
Потеряно хип-контекстов: 1

Менеджер динамической памяти ".SysUserHeap(.SysUser)"
Потеряно блоков: 121, байтов: 2488


▓ Программа: "frres.exe"  Время запуска: 12:51:30 15/06/2025
▓ Исполняемый модуль: "C:\Galaktika\AVAZ\avaz_ptz\Exe_support\frres.exe"
▓ Система: Windows NT  Логин: "Дмитрий"  Станция: "LAPUS-VICTUS"

Менеджер динамической памяти ".SysUserHeap(.SysUser)"
Потеряно блоков: 1, байтов: 56


▓ Программа: "vip.exe"  Время запуска: 12:52:20 15/06/2025
▓ Исполняемый модуль: "C:\Galaktika\AVAZ\avaz_ptz\Exe_support\vip.exe"
▓ Система: Windows NT

Контекст исполнения ".SysUser"
Потеряно хип-контекстов: 1

Менеджер динамической памяти ".SysUserHeap(.SysUser)"
Потеряно блоков: 121, байтов: 2528


▓ Программа: "frres.exe"  Время запуска: 12:52:23 15/06/2025
▓ Исполняемый модуль: "C:\Galaktika\AVAZ\avaz_ptz\Exe_support\frres.exe"
▓ Система: Windows NT  Логин: "Дмитрий"  Станция: "LAPUS-VICTUS"

Менеджер динамической памяти ".SysUserHeap(.SysUser)"
Потеряно блоков: 1, байтов: 56


▓ Программа: "vip.exe"  Время запуска: 12:52:44 15/06/2025
▓ Исполняемый модуль: "C:\Galaktika\AVAZ\avaz_ptz\Exe_support\vip.exe"
▓ Система: Windows NT

Контекст исполнения ".SysUser"
Потеряно хип-контекстов: 1

Менеджер динамической памяти ".SysUserHeap(.SysUser)"
Потеряно блоков: 121, байтов: 2540


▓ Программа: "frres.exe"  Время запуска: 12:52:46 15/06/2025
▓ Исполняемый модуль: "C:\Galaktika\AVAZ\avaz_ptz\Exe_support\frres.exe"
▓ Система: Windows NT  Логин: "Дмитрий"  Станция: "LAPUS-VICTUS"

Менеджер динамической памяти ".SysUserHeap(.SysUser)"
Потеряно блоков: 1, байтов: 56


▓ Программа: "vip.exe"  Время запуска: 12:52:59 15/06/2025
▓ Исполняемый модуль: "C:\Galaktika\AVAZ\avaz_ptz\Exe_support\vip.exe"
▓ Система: Windows NT

Контекст исполнения ".SysUser"
Потеряно хип-контекстов: 1

Менеджер динамической памяти ".SysUserHeap(.SysUser)"
Потеряно блоков: 121, байтов: 2528


▓ Программа: "frres.exe"  Время запуска: 12:53:02 15/06/2025
▓ Исполняемый модуль: "C:\Galaktika\AVAZ\avaz_ptz\Exe_support\frres.exe"
▓ Система: Windows NT  Логин: "Дмитрий"  Станция: "LAPUS-VICTUS"

Менеджер динамической памяти ".SysUserHeap(.SysUser)"
Потеряно блоков: 1, байтов: 56


▓ Программа: "vip.exe"  Время запуска: 12:57:26 15/06/2025
▓ Исполняемый модуль: "C:\Galaktika\AVAZ\avaz_ptz\Exe_support\vip.exe"
▓ Система: Windows NT

Контекст исполнения ".SysUser"
Потеряно хип-контекстов: 1

Менеджер динамической памяти ".SysUserHeap(.SysUser)"
Потеряно блоков: 121, байтов: 2516


▓ Программа: "frres.exe"  Время запуска: 12:57:29 15/06/2025
▓ Исполняемый модуль: "C:\Galaktika\AVAZ\avaz_ptz\Exe_support\frres.exe"
▓ Система: Windows NT  Логин: "Дмитрий"  Станция: "LAPUS-VICTUS"

Менеджер динамической памяти ".SysUserHeap(.SysUser)"
Потеряно блоков: 1, байтов: 56


▓ Программа: "vip.exe"  Время запуска: 14:05:02 15/06/2025
▓ Исполняемый модуль: "C:\Galaktika\AVAZ\avaz_ptz\Exe_support\vip.exe"
▓ Система: Windows NT

Контекст исполнения ".SysUser"
Потеряно хип-контекстов: 1

Менеджер динамической памяти ".SysUserHeap(.SysUser)"
Потеряно блоков: 121, байтов: 2492


▓ Программа: "frres.exe"  Время запуска: 14:05:06 15/06/2025
▓ Исполняемый модуль: "C:\Galaktika\AVAZ\avaz_ptz\Exe_support\frres.exe"
▓ Система: Windows NT  Логин: "Дмитрий"  Станция: "LAPUS-VICTUS"

Менеджер динамической памяти ".SysUserHeap(.SysUser)"
Потеряно блоков: 1, байтов: 56


▓ Программа: "vip.exe"  Время запуска: 14:11:11 15/06/2025
▓ Исполняемый модуль: "C:\Galaktika\AVAZ\avaz_ptz\Exe_support\vip.exe"
▓ Система: Windows NT

Контекст исполнения ".SysUser"
Потеряно хип-контекстов: 1

Менеджер динамической памяти ".SysUserHeap(.SysUser)"
Потеряно блоков: 121, байтов: 2520


▓ Программа: "frres.exe"  Время запуска: 14:11:14 15/06/2025
▓ Исполняемый модуль: "C:\Galaktika\AVAZ\avaz_ptz\Exe_support\frres.exe"
▓ Система: Windows NT  Логин: "Дмитрий"  Станция: "LAPUS-VICTUS"

Менеджер динамической памяти ".SysUserHeap(.SysUser)"
Потеряно блоков: 1, байтов: 56


▓ Программа: "vip.exe"  Время запуска: 14:16:13 15/06/2025
▓ Исполняемый модуль: "C:\Galaktika\AVAZ\avaz_ptz\Exe_support\vip.exe"
▓ Система: Windows NT

Контекст исполнения ".SysUser"
Потеряно хип-контекстов: 1

Менеджер динамической памяти ".SysUserHeap(.SysUser)"
Потеряно блоков: 121, байтов: 2540


▓ Программа: "frres.exe"  Время запуска: 14:16:15 15/06/2025
▓ Исполняемый модуль: "C:\Galaktika\AVAZ\avaz_ptz\Exe_support\frres.exe"
▓ Система: Windows NT  Логин: "Дмитрий"  Станция: "LAPUS-VICTUS"

Менеджер динамической памяти ".SysUserHeap(.SysUser)"
Потеряно блоков: 1, байтов: 56


▓ Программа: "vip.exe"  Время запуска: 14:31:12 15/06/2025
▓ Исполняемый модуль: "C:\Galaktika\AVAZ\avaz_ptz\Exe_support\vip.exe"
▓ Система: Windows NT

Контекст исполнения ".SysUser"
Потеряно хип-контекстов: 1

Менеджер динамической памяти ".SysUserHeap(.SysUser)"
Потеряно блоков: 121, байтов: 2480


▓ Программа: "frres.exe"  Время запуска: 14:31:15 15/06/2025
▓ Исполняемый модуль: "C:\Galaktika\AVAZ\avaz_ptz\Exe_support\frres.exe"
▓ Система: Windows NT  Логин: "Дмитрий"  Станция: "LAPUS-VICTUS"

Менеджер динамической памяти ".SysUserHeap(.SysUser)"
Потеряно блоков: 1, байтов: 56


▓ Программа: "vip.exe"  Время запуска: 14:33:37 15/06/2025
▓ Исполняемый модуль: "C:\Galaktika\AVAZ\avaz_ptz\Exe_support\vip.exe"
▓ Система: Windows NT

Контекст исполнения ".SysUser"
Потеряно хип-контекстов: 1

Менеджер динамической памяти ".SysUserHeap(.SysUser)"
Потеряно блоков: 125, байтов: 3104


▓ Программа: "frres.exe"  Время запуска: 14:33:40 15/06/2025
▓ Исполняемый модуль: "C:\Galaktika\AVAZ\avaz_ptz\Exe_support\frres.exe"
▓ Система: Windows NT  Логин: "Дмитрий"  Станция: "LAPUS-VICTUS"

Менеджер динамической памяти ".SysUserHeap(.SysUser)"
Потеряно блоков: 1, байтов: 56


▓ Программа: "vip.exe"  Время запуска: 14:40:21 15/06/2025
▓ Исполняемый модуль: "C:\Galaktika\AVAZ\avaz_ptz\Exe_support\vip.exe"
▓ Система: Windows NT

Контекст исполнения ".SysUser"
Потеряно хип-контекстов: 1

Менеджер динамической памяти ".SysUserHeap(.SysUser)"
Потеряно блоков: 121, байтов: 2480


▓ Программа: "frres.exe"  Время запуска: 14:40:24 15/06/2025
▓ Исполняемый модуль: "C:\Galaktika\AVAZ\avaz_ptz\Exe_support\frres.exe"
▓ Система: Windows NT  Логин: "Дмитрий"  Станция: "LAPUS-VICTUS"

Менеджер динамической памяти ".SysUserHeap(.SysUser)"
Потеряно блоков: 1, байтов: 56


▓ Программа: "vip.exe"  Время запуска: 14:43:15 15/06/2025
▓ Исполняемый модуль: "C:\Galaktika\AVAZ\avaz_ptz\Exe_support\vip.exe"
▓ Система: Windows NT

Контекст исполнения ".SysUser"
Потеряно хип-контекстов: 1

Менеджер динамической памяти ".SysUserHeap(.SysUser)"
Потеряно блоков: 121, байтов: 2512


▓ Программа: "frres.exe"  Время запуска: 14:43:18 15/06/2025
▓ Исполняемый модуль: "C:\Galaktika\AVAZ\avaz_ptz\Exe_support\frres.exe"
▓ Система: Windows NT  Логин: "Дмитрий"  Станция: "LAPUS-VICTUS"

Менеджер динамической памяти ".SysUserHeap(.SysUser)"
Потеряно блоков: 1, байтов: 56


▓ Программа: "vip.exe"  Время запуска: 14:48:27 15/06/2025
▓ Исполняемый модуль: "C:\Galaktika\AVAZ\avaz_ptz\Exe_support\vip.exe"
▓ Система: Windows NT

Контекст исполнения ".SysUser"
Потеряно хип-контекстов: 1

Менеджер динамической памяти ".SysUserHeap(.SysUser)"
Потеряно блоков: 121, байтов: 2476


▓ Программа: "frres.exe"  Время запуска: 14:48:30 15/06/2025
▓ Исполняемый модуль: "C:\Galaktika\AVAZ\avaz_ptz\Exe_support\frres.exe"
▓ Система: Windows NT  Логин: "Дмитрий"  Станция: "LAPUS-VICTUS"

Менеджер динамической памяти ".SysUserHeap(.SysUser)"
Потеряно блоков: 1, байтов: 56


▓ Программа: "vip.exe"  Время запуска: 14:57:12 15/06/2025
▓ Исполняемый модуль: "C:\Galaktika\AVAZ\avaz_ptz\Exe_support\vip.exe"
▓ Система: Windows NT

Контекст исполнения ".SysUser"
Потеряно хип-контекстов: 1

Менеджер динамической памяти ".SysUserHeap(.SysUser)"
Потеряно блоков: 124, байтов: 2572


▓ Программа: "frres.exe"  Время запуска: 14:57:16 15/06/2025
▓ Исполняемый модуль: "C:\Galaktika\AVAZ\avaz_ptz\Exe_support\frres.exe"
▓ Система: Windows NT  Логин: "Дмитрий"  Станция: "LAPUS-VICTUS"

Менеджер динамической памяти ".SysUserHeap(.SysUser)"
Потеряно блоков: 1, байтов: 56


▓ Программа: "vip.exe"  Время запуска: 14:57:23 15/06/2025
▓ Исполняемый модуль: "C:\Galaktika\AVAZ\avaz_ptz\Exe_support\vip.exe"
▓ Система: Windows NT

Контекст исполнения ".SysUser"
Потеряно хип-контекстов: 1

Менеджер динамической памяти ".SysUserHeap(.SysUser)"
Потеряно блоков: 124, байтов: 2520


▓ Программа: "frres.exe"  Время запуска: 14:57:26 15/06/2025
▓ Исполняемый модуль: "C:\Galaktika\AVAZ\avaz_ptz\Exe_support\frres.exe"
▓ Система: Windows NT  Логин: "Дмитрий"  Станция: "LAPUS-VICTUS"

Менеджер динамической памяти ".SysUserHeap(.SysUser)"
Потеряно блоков: 1, байтов: 56


▓ Программа: "vip.exe"  Время запуска: 14:57:48 15/06/2025
▓ Исполняемый модуль: "C:\Galaktika\AVAZ\avaz_ptz\Exe_support\vip.exe"
▓ Система: Windows NT

Контекст исполнения ".SysUser"
Потеряно хип-контекстов: 1

Менеджер динамической памяти ".SysUserHeap(.SysUser)"
Потеряно блоков: 124, байтов: 2556


▓ Программа: "frres.exe"  Время запуска: 14:57:51 15/06/2025
▓ Исполняемый модуль: "C:\Galaktika\AVAZ\avaz_ptz\Exe_support\frres.exe"
▓ Система: Windows NT  Логин: "Дмитрий"  Станция: "LAPUS-VICTUS"

Менеджер динамической памяти ".SysUserHeap(.SysUser)"
Потеряно блоков: 1, байтов: 56


▓ Программа: "vip.exe"  Время запуска: 15:01:36 15/06/2025
▓ Исполняемый модуль: "C:\Galaktika\AVAZ\avaz_ptz\Exe_support\vip.exe"
▓ Система: Windows NT

Контекст исполнения ".SysUser"
Потеряно хип-контекстов: 1

Менеджер динамической памяти ".SysUserHeap(.SysUser)"
Потеряно блоков: 124, байтов: 2548


▓ Программа: "frres.exe"  Время запуска: 15:01:39 15/06/2025
▓ Исполняемый модуль: "C:\Galaktika\AVAZ\avaz_ptz\Exe_support\frres.exe"
▓ Система: Windows NT  Логин: "Дмитрий"  Станция: "LAPUS-VICTUS"

Менеджер динамической памяти ".SysUserHeap(.SysUser)"
Потеряно блоков: 1, байтов: 56


▓ Программа: "vip.exe"  Время запуска: 15:04:17 15/06/2025
▓ Исполняемый модуль: "C:\Galaktika\AVAZ\avaz_ptz\Exe_support\vip.exe"
▓ Система: Windows NT

Контекст исполнения ".SysUser"
Потеряно хип-контекстов: 1

Менеджер динамической памяти ".SysUserHeap(.SysUser)"
Потеряно блоков: 124, байтов: 2544


▓ Программа: "frres.exe"  Время запуска: 15:04:20 15/06/2025
▓ Исполняемый модуль: "C:\Galaktika\AVAZ\avaz_ptz\Exe_support\frres.exe"
▓ Система: Windows NT  Логин: "Дмитрий"  Станция: "LAPUS-VICTUS"

Менеджер динамической памяти ".SysUserHeap(.SysUser)"
Потеряно блоков: 1, байтов: 56


▓ Программа: "vip.exe"  Время запуска: 15:14:31 15/06/2025
▓ Исполняемый модуль: "C:\Galaktika\AVAZ\avaz_ptz\Exe_support\vip.exe"
▓ Система: Windows NT

Контекст исполнения ".SysUser"
Потеряно хип-контекстов: 1

Менеджер динамической памяти ".SysUserHeap(.SysUser)"
Потеряно блоков: 124, байтов: 2540


▓ Программа: "frres.exe"  Время запуска: 15:14:33 15/06/2025
▓ Исполняемый модуль: "C:\Galaktika\AVAZ\avaz_ptz\Exe_support\frres.exe"
▓ Система: Windows NT  Логин: "Дмитрий"  Станция: "LAPUS-VICTUS"

Менеджер динамической памяти ".SysUserHeap(.SysUser)"
Потеряно блоков: 1, байтов: 56


▓ Программа: "vip.exe"  Время запуска: 15:21:56 15/06/2025
▓ Исполняемый модуль: "C:\Galaktika\AVAZ\avaz_ptz\Exe_support\vip.exe"
▓ Система: Windows NT

Контекст исполнения ".SysUser"
Потеряно хип-контекстов: 1

Менеджер динамической памяти ".SysUserHeap(.SysUser)"
Потеряно блоков: 124, байтов: 2536


▓ Программа: "frres.exe"  Время запуска: 15:21:59 15/06/2025
▓ Исполняемый модуль: "C:\Galaktika\AVAZ\avaz_ptz\Exe_support\frres.exe"
▓ Система: Windows NT  Логин: "Дмитрий"  Станция: "LAPUS-VICTUS"

Менеджер динамической памяти ".SysUserHeap(.SysUser)"
Потеряно блоков: 1, байтов: 56


▓ Программа: "vip.exe"  Время запуска: 15:23:03 15/06/2025
▓ Исполняемый модуль: "C:\Galaktika\AVAZ\avaz_ptz\Exe_support\vip.exe"
▓ Система: Windows NT

Контекст исполнения ".SysUser"
Потеряно хип-контекстов: 1

Менеджер динамической памяти ".SysUserHeap(.SysUser)"
Потеряно блоков: 121, байтов: 2508


▓ Программа: "frres.exe"  Время запуска: 15:23:06 15/06/2025
▓ Исполняемый модуль: "C:\Galaktika\AVAZ\avaz_ptz\Exe_support\frres.exe"
▓ Система: Windows NT  Логин: "Дмитрий"  Станция: "LAPUS-VICTUS"

Менеджер динамической памяти ".SysUserHeap(.SysUser)"
Потеряно блоков: 1, байтов: 56


▓ Программа: "vip.exe"  Время запуска: 18:47:25 15/06/2025
▓ Исполняемый модуль: "C:\Galaktika\AVAZ\avaz_ptz\Exe_support\vip.exe"
▓ Система: Windows NT

Контекст исполнения ".SysUser"
Потеряно хип-контекстов: 1

Менеджер динамической памяти ".SysUserHeap(.SysUser)"
Потеряно блоков: 121, байтов: 2516


▓ Программа: "frres.exe"  Время запуска: 18:47:30 15/06/2025
▓ Исполняемый модуль: "C:\Galaktika\AVAZ\avaz_ptz\Exe_support\frres.exe"
▓ Система: Windows NT  Логин: "Дмитрий"  Станция: "LAPUS-VICTUS"

Менеджер динамической памяти ".SysUserHeap(.SysUser)"
Потеряно блоков: 1, байтов: 56


▓ Программа: "vip.exe"  Время запуска: 19:41:38 15/06/2025
▓ Исполняемый модуль: "C:\Galaktika\AVAZ\avaz_ptz\Exe_support\vip.exe"
▓ Система: Windows NT

Контекст исполнения ".SysUser"
Потеряно хип-контекстов: 1

Менеджер динамической памяти ".SysUserHeap(.SysUser)"
Потеряно блоков: 229, байтов: 7248


▓ Программа: "frres.exe"  Время запуска: 19:42:02 15/06/2025
▓ Исполняемый модуль: "C:\Galaktika\AVAZ\avaz_ptz\Exe_support\frres.exe"
▓ Система: Windows NT  Логин: "Дмитрий"  Станция: "LAPUS-VICTUS"

Менеджер динамической памяти ".SysUserHeap(.SysUser)"
Потеряно блоков: 1, байтов: 56


▓ Программа: "vip.exe"  Время запуска: 19:49:46 15/06/2025
▓ Исполняемый модуль: "C:\Galaktika\AVAZ\avaz_ptz\Exe_support\vip.exe"
▓ Система: Windows NT

Контекст исполнения ".SysUser"
Потеряно хип-контекстов: 1

Менеджер динамической памяти ".SysUserHeap(.SysUser)"
Потеряно блоков: 121, байтов: 2508


▓ Программа: "frres.exe"  Время запуска: 19:49:48 15/06/2025
▓ Исполняемый модуль: "C:\Galaktika\AVAZ\avaz_ptz\Exe_support\frres.exe"
▓ Система: Windows NT  Логин: "Дмитрий"  Станция: "LAPUS-VICTUS"

Менеджер динамической памяти ".SysUserHeap(.SysUser)"
Потеряно блоков: 1, байтов: 56


▓ Программа: "vip.exe"  Время запуска: 19:52:37 15/06/2025
▓ Исполняемый модуль: "C:\Galaktika\AVAZ\avaz_ptz\Exe_support\vip.exe"
▓ Система: Windows NT

Контекст исполнения ".SysUser"
Потеряно хип-контекстов: 1

Менеджер динамической памяти ".SysUserHeap(.SysUser)"
Потеряно блоков: 121, байтов: 2476


▓ Программа: "frres.exe"  Время запуска: 19:52:40 15/06/2025
▓ Исполняемый модуль: "C:\Galaktika\AVAZ\avaz_ptz\Exe_support\frres.exe"
▓ Система: Windows NT  Логин: "Дмитрий"  Станция: "LAPUS-VICTUS"

Менеджер динамической памяти ".SysUserHeap(.SysUser)"
Потеряно блоков: 1, байтов: 56


▓ Программа: "vip.exe"  Время запуска: 19:53:20 15/06/2025
▓ Исполняемый модуль: "C:\Galaktika\AVAZ\avaz_ptz\Exe_support\vip.exe"
▓ Система: Windows NT

Контекст исполнения ".SysUser"
Потеряно хип-контекстов: 1

Менеджер динамической памяти ".SysUserHeap(.SysUser)"
Потеряно блоков: 121, байтов: 2504


▓ Программа: "frres.exe"  Время запуска: 19:53:23 15/06/2025
▓ Исполняемый модуль: "C:\Galaktika\AVAZ\avaz_ptz\Exe_support\frres.exe"
▓ Система: Windows NT  Логин: "Дмитрий"  Станция: "LAPUS-VICTUS"

Менеджер динамической памяти ".SysUserHeap(.SysUser)"
Потеряно блоков: 1, байтов: 56


▓ Программа: "vip.exe"  Время запуска: 19:55:03 15/06/2025
▓ Исполняемый модуль: "C:\Galaktika\AVAZ\avaz_ptz\Exe_support\vip.exe"
▓ Система: Windows NT

Контекст исполнения ".SysUser"
Потеряно хип-контекстов: 1

Менеджер динамической памяти ".SysUserHeap(.SysUser)"
Потеряно блоков: 121, байтов: 2528


▓ Программа: "frres.exe"  Время запуска: 19:55:06 15/06/2025
▓ Исполняемый модуль: "C:\Galaktika\AVAZ\avaz_ptz\Exe_support\frres.exe"
▓ Система: Windows NT  Логин: "Дмитрий"  Станция: "LAPUS-VICTUS"

Менеджер динамической памяти ".SysUserHeap(.SysUser)"
Потеряно блоков: 1, байтов: 56


▓ Программа: "vip.exe"  Время запуска: 20:55:41 15/06/2025
▓ Исполняемый модуль: "C:\Galaktika\AVAZ\avaz_ptz\Exe_support\vip.exe"
▓ Система: Windows NT

Контекст исполнения ".SysUser"
Потеряно хип-контекстов: 1

Менеджер динамической памяти ".SysUserHeap(.SysUser)"
Потеряно блоков: 125, байтов: 2612


▓ Программа: "frres.exe"  Время запуска: 20:55:44 15/06/2025
▓ Исполняемый модуль: "C:\Galaktika\AVAZ\avaz_ptz\Exe_support\frres.exe"
▓ Система: Windows NT  Логин: "Дмитрий"  Станция: "LAPUS-VICTUS"

Менеджер динамической памяти ".SysUserHeap(.SysUser)"
Потеряно блоков: 1, байтов: 56


▓ Программа: "vip.exe"  Время запуска: 20:56:06 15/06/2025
▓ Исполняемый модуль: "C:\Galaktika\AVAZ\avaz_ptz\Exe_support\vip.exe"
▓ Система: Windows NT

Контекст исполнения ".SysUser"
Потеряно хип-контекстов: 1

Менеджер динамической памяти ".SysUserHeap(.SysUser)"
Потеряно блоков: 125, байтов: 2576


▓ Программа: "frres.exe"  Время запуска: 20:56:09 15/06/2025
▓ Исполняемый модуль: "C:\Galaktika\AVAZ\avaz_ptz\Exe_support\frres.exe"
▓ Система: Windows NT  Логин: "Дмитрий"  Станция: "LAPUS-VICTUS"

Менеджер динамической памяти ".SysUserHeap(.SysUser)"
Потеряно блоков: 1, байтов: 56


▓ Программа: "vip.exe"  Время запуска: 20:56:29 15/06/2025
▓ Исполняемый модуль: "C:\Galaktika\AVAZ\avaz_ptz\Exe_support\vip.exe"
▓ Система: Windows NT

Контекст исполнения ".SysUser"
Потеряно хип-контекстов: 1

Менеджер динамической памяти ".SysUserHeap(.SysUser)"
Потеряно блоков: 125, байтов: 2560


▓ Программа: "frres.exe"  Время запуска: 20:56:32 15/06/2025
▓ Исполняемый модуль: "C:\Galaktika\AVAZ\avaz_ptz\Exe_support\frres.exe"
▓ Система: Windows NT  Логин: "Дмитрий"  Станция: "LAPUS-VICTUS"

Менеджер динамической памяти ".SysUserHeap(.SysUser)"
Потеряно блоков: 1, байтов: 56


▓ Программа: "vip.exe"  Время запуска: 20:57:31 15/06/2025
▓ Исполняемый модуль: "C:\Galaktika\AVAZ\avaz_ptz\Exe_support\vip.exe"
▓ Система: Windows NT

Контекст исполнения ".SysUser"
Потеряно хип-контекстов: 1

Менеджер динамической памяти ".SysUserHeap(.SysUser)"
Потеряно блоков: 125, байтов: 2548


▓ Программа: "frres.exe"  Время запуска: 20:57:34 15/06/2025
▓ Исполняемый модуль: "C:\Galaktika\AVAZ\avaz_ptz\Exe_support\frres.exe"
▓ Система: Windows NT  Логин: "Дмитрий"  Станция: "LAPUS-VICTUS"

Менеджер динамической памяти ".SysUserHeap(.SysUser)"
Потеряно блоков: 1, байтов: 56


▓ Программа: "vip.exe"  Время запуска: 21:03:08 15/06/2025
▓ Исполняемый модуль: "C:\Galaktika\AVAZ\avaz_ptz\Exe_support\vip.exe"
▓ Система: Windows NT

Контекст исполнения ".SysUser"
Потеряно хип-контекстов: 1

Менеджер динамической памяти ".SysUserHeap(.SysUser)"
Потеряно блоков: 125, байтов: 2584


▓ Программа: "frres.exe"  Время запуска: 21:03:11 15/06/2025
▓ Исполняемый модуль: "C:\Galaktika\AVAZ\avaz_ptz\Exe_support\frres.exe"
▓ Система: Windows NT  Логин: "Дмитрий"  Станция: "LAPUS-VICTUS"

Менеджер динамической памяти ".SysUserHeap(.SysUser)"
Потеряно блоков: 1, байтов: 56


▓ Программа: "vip.exe"  Время запуска: 21:15:01 15/06/2025
▓ Исполняемый модуль: "C:\Galaktika\AVAZ\avaz_ptz\Exe_support\vip.exe"
▓ Система: Windows NT

Контекст исполнения ".SysUser"
Потеряно хип-контекстов: 1

Менеджер динамической памяти ".SysUserHeap(.SysUser)"
Потеряно блоков: 125, байтов: 2580


▓ Программа: "frres.exe"  Время запуска: 21:15:04 15/06/2025
▓ Исполняемый модуль: "C:\Galaktika\AVAZ\avaz_ptz\Exe_support\frres.exe"
▓ Система: Windows NT  Логин: "Дмитрий"  Станция: "LAPUS-VICTUS"

Менеджер динамической памяти ".SysUserHeap(.SysUser)"
Потеряно блоков: 1, байтов: 56


▓ Программа: "vip.exe"  Время запуска: 21:17:23 15/06/2025
▓ Исполняемый модуль: "C:\Galaktika\AVAZ\avaz_ptz\Exe_support\vip.exe"
▓ Система: Windows NT

Контекст исполнения ".SysUser"
Потеряно хип-контекстов: 1

Менеджер динамической памяти ".SysUserHeap(.SysUser)"
Потеряно блоков: 125, байтов: 2584


▓ Программа: "frres.exe"  Время запуска: 21:17:26 15/06/2025
▓ Исполняемый модуль: "C:\Galaktika\AVAZ\avaz_ptz\Exe_support\frres.exe"
▓ Система: Windows NT  Логин: "Дмитрий"  Станция: "LAPUS-VICTUS"

Менеджер динамической памяти ".SysUserHeap(.SysUser)"
Потеряно блоков: 1, байтов: 56


▓ Программа: "vip.exe"  Время запуска: 21:18:59 15/06/2025
▓ Исполняемый модуль: "C:\Galaktika\AVAZ\avaz_ptz\Exe_support\vip.exe"
▓ Система: Windows NT

Контекст исполнения ".SysUser"
Потеряно хип-контекстов: 1

Менеджер динамической памяти ".SysUserHeap(.SysUser)"
Потеряно блоков: 125, байтов: 2576


▓ Программа: "frres.exe"  Время запуска: 21:19:02 15/06/2025
▓ Исполняемый модуль: "C:\Galaktika\AVAZ\avaz_ptz\Exe_support\frres.exe"
▓ Система: Windows NT  Логин: "Дмитрий"  Станция: "LAPUS-VICTUS"

Менеджер динамической памяти ".SysUserHeap(.SysUser)"
Потеряно блоков: 1, байтов: 56


▓ Программа: "vip.exe"  Время запуска: 21:22:44 15/06/2025
▓ Исполняемый модуль: "C:\Galaktika\AVAZ\avaz_ptz\Exe_support\vip.exe"
▓ Система: Windows NT

Контекст исполнения ".SysUser"
Потеряно хип-контекстов: 1

Менеджер динамической памяти ".SysUserHeap(.SysUser)"
Потеряно блоков: 125, байтов: 2568


▓ Программа: "frres.exe"  Время запуска: 21:22:47 15/06/2025
▓ Исполняемый модуль: "C:\Galaktika\AVAZ\avaz_ptz\Exe_support\frres.exe"
▓ Система: Windows NT  Логин: "Дмитрий"  Станция: "LAPUS-VICTUS"

Менеджер динамической памяти ".SysUserHeap(.SysUser)"
Потеряно блоков: 1, байтов: 56


▓ Программа: "vip.exe"  Время запуска: 21:24:01 15/06/2025
▓ Исполняемый модуль: "C:\Galaktika\AVAZ\avaz_ptz\Exe_support\vip.exe"
▓ Система: Windows NT

Контекст исполнения ".SysUser"
Потеряно хип-контекстов: 1

Менеджер динамической памяти ".SysUserHeap(.SysUser)"
Потеряно блоков: 125, байтов: 2600


▓ Программа: "frres.exe"  Время запуска: 21:24:04 15/06/2025
▓ Исполняемый модуль: "C:\Galaktika\AVAZ\avaz_ptz\Exe_support\frres.exe"
▓ Система: Windows NT  Логин: "Дмитрий"  Станция: "LAPUS-VICTUS"

Менеджер динамической памяти ".SysUserHeap(.SysUser)"
Потеряно блоков: 1, байтов: 56

