▓▓▓▓▓▓▓▓▓▓▓▓▓▓▓▓▓▓▓▓▓▓▓▓▓▓▓▓▓▓▓▓▓▓▓▓▓▓▓▓▓▓▓▓▓▓▓▓▓▓▓▓▓▓▓▓▓▓▓▓▓▓▓▓▓▓▓▓▓▓▓▓▓▓▓▓▓▓▓
▓▓▓▓▓ Запишите следующую информацию об ошибке и отошлите ее разработчикам ▓▓▓▓▓
▓ вместе с описанием ситуации, названием, версией и датой EXE-файла программы ▓
▓▓▓▓▓▓▓▓▓▓▓▓▓▓▓▓▓▓▓▓▓▓▓▓▓▓▓▓▓▓▓▓▓▓▓▓▓▓▓▓▓▓▓▓▓▓▓▓▓▓▓▓▓▓▓▓▓▓▓▓▓▓▓▓▓▓▓▓▓▓▓▓▓▓▓▓▓▓▓


▓ Программа: "vip.exe"  Время запуска: 10:01:51 08/06/2025
▓ Исполняемый модуль: "C:\Galaktika\AVAZ\avaz_ptz\Exe_support\vip.exe"
▓ Система: Windows NT  Логин: "Дмитрий"  Станция: "LAPUS-VICTUS"

Необработанная исключительная ситуация
Код исключения: C0000005 (Общее нарушение защиты доступа к памяти)
Параметры исключения (2): 00000000 00000027
Адрес исключения: 010EC719 streams_.dll.1:0001B719
Содержимое регистров процессора
 EAX = 00000000
 EBX = 0019F7AC
 ECX = 02DC9A8C
 EDX = 0325A8E0
 ESI = FFFFFFFF
 EDI = 02DC9A8C
 EBP = 0019F454
 ESP = 0019EF08
 EIP = 010EC719 streams_.dll.1:0001B719
 CS = 0023 База: 00000000 Размер: FFFFFFFF Флаги: CFB
 DS = 002B База: 00000000 Размер: FFFFFFFF Флаги: CF3
 SS = 002B База: 00000000 Размер: FFFFFFFF Флаги: CF3
 ES = 002B База: 00000000 Размер: FFFFFFFF Флаги: CF3
 FS = 0053 База: 00284000 Размер: 00000FFF Флаги: 4F3
 GS = 002B База: 00000000 Размер: FFFFFFFF Флаги: CF3
Содержимое стека
 0019EF38: 0111798E streams_.dll.1:0004698E
 0019EF70: 01117840 streams_.dll.1:00046840
 0019EF8C: 01116C6E streams_.dll.1:00045C6E
 0019EF94: 0118A2C8 streams_.dll.3:000062C8
 0019EFA8: 0118A2C8 streams_.dll.3:000062C8
 0019EFC0: 0100DAE3 atlantis.rtl.1:0002CAE3
 0019EFC8: 010541C5 atlantis.rtl.1:000731C5
 0019EFD8: 0100DD57 atlantis.rtl.1:0002CD57
 0019EFE0: 01000995 atlantis.rtl.1:0001F995
 0019EFF4: 01033553 atlantis.rtl.1:00052553
Текущее время
 08-06-2025 10:02:25.2261787
Параметры программы
 "C:\Galaktika\AVAZ\avaz_ptz\Exe_support\vip.EXE  Vip.prj /r:STAFF.res /c:vip.cfg /u:supervisor /def:Atl60"
Переменные окружения
 =::=::\
 =C:=C:\Galaktika\_git\Izhevsk\COMMON
 ALLUSERSPROFILE=C:\ProgramData
 APPDATA=C:\Users\─ьшЄЁшщ\AppData\Roaming
 CommonProgramFiles=C:\Program Files (x86)\Common Files
 CommonProgramFiles(x86)=C:\Program Files (x86)\Common Files
 CommonProgramW6432=C:\Program Files\Common Files
 COMPUTERNAME=LAPUS-VICTUS
 ComSpec=C:\WINDOWS\system32\cmd.exe
 DD=20250608
 DriverData=C:\Windows\System32\Drivers\DriverData
 EFC_12544=1
 exedir=C:\Galaktika\AVAZ\avaz_ptz\Exe_support
 FPS_BROWSER_APP_PROFILE_STRING=Internet Explorer
 FPS_BROWSER_USER_PROFILE_STRING=Default
 HOMEDRIVE=C:
 HOMEPATH=\Users\─ьшЄЁшщ
 LOCALAPPDATA=C:\Users\─ьшЄЁшщ\AppData\Local
 LOGONSERVER=\\LAPUS-VICTUS
 NUMBER_OF_PROCESSORS=16
 OneDrive=C:\Users\─ьшЄЁшщ\OneDrive
 OPENSSL_CONF=C:\Program Files\PostgreSQL\psqlODBC\etc\openssl.cnf
 OS=Windows_NT
 Path=C:\Program Files (x86)\Common Files\Oracle\Java\javapath;C:\Program Files\Microsoft\jdk-11.0.16.101-hotspot\bin;C:\Program Files (x86)\NVIDIA Corporation\PhysX\Common;C:\Windows\system32;C:\Windows;C:\Windows\System32\Wbem;C:\Windows\System32\WindowsPowerShell\v1.0\;C:\Windows\System32\OpenSSH\;C:\Program Files\Microsoft SQL Server\Client SDK\ODBC\170\Tools\Binn\;C:\Program Files (x86)\Microsoft SQL Server\150\Tools\Binn\;C:\Program Files\Microsoft SQL Server\150\Tools\Binn\;C:\Program Files\Microsoft SQL Server\150\DTS\Binn\;C:\Program Files (x86)\Microsoft SQL Server\150\DTS\Binn\;C:\WINDOWS\system32;C:\WINDOWS;C:\WINDOWS\System32\Wbem;C:\WINDOWS\System32\WindowsPowerShell\v1.0\;C:\WINDOWS\System32\OpenSSH\;C:\Program Files\dotnet\;C:\Program Files (x86)\dotnet\;C:\Program Files\PuTTY\;C:\WINDOWS\system32;C:\WINDOWS;C:\WINDOWS\System32\Wbem;C:\WINDOWS\System32\WindowsPowerShell\v1.0\;C:\WINDOWS\System32\OpenSSH\;C:\Program Files\Microsoft SQL Server\Client SDK\ODBC\130\Tools\Binn\;C:\Galaktika\ATL6\Libs\;C:\Galaktika\ATL6\Libs\x64;C:\Program Files (x86)\Microsoft SQL Server\160\DTS\Binn\;C:\Program Files\Git\cmd;C:\Program Files\GitExtensions\;C:\Users\─ьшЄЁшщ\AppData\Local\Programs\Python\Python311\Scripts\;C:\Users\─ьшЄЁшщ\AppData\Local\Programs\Python\Python311\;C:\Users\─ьшЄЁшщ\AppData\Local\Microsoft\WindowsApps;C:\Program Files\Azure Data Studio\bin;C:\Users\─ьшЄЁшщ\.dotnet\tools;C:\SRCFlutter\flutter\bin;;C:\Users\─ьшЄЁшщ\AppData\Local\Programs\Microsoft VS Code\bin;C:\Users\─ьшЄЁшщ\AppData\Local\JetBrains\PyCharm Community Edition 2022.3.2\bin;
 PATHEXT=.COM;.EXE;.BAT;.CMD;.VBS;.VBE;.JS;.JSE;.WSF;.WSH;.MSC
 PROCESSOR_ARCHITECTURE=x86
 PROCESSOR_ARCHITEW6432=AMD64
 PROCESSOR_IDENTIFIER=AMD64 Family 25 Model 80 Stepping 0, AuthenticAMD
 PROCESSOR_LEVEL=25
 PROCESSOR_REVISION=5000
 ProgramData=C:\ProgramData
 ProgramFiles=C:\Program Files (x86)
 ProgramFiles(x86)=C:\Program Files (x86)
 ProgramW6432=C:\Program Files
 PROMPT=$P$G
 PSModulePath=C:\Program Files\WindowsPowerShell\Modules;C:\WINDOWS\system32\WindowsPowerShell\v1.0\Modules;C:\Program Files (x86)\Microsoft SQL Server\150\Tools\PowerShell\Modules\
 PUBLIC=C:\Users\Public
 PyCharm Community Edition=C:\Users\─ьшЄЁшщ\AppData\Local\JetBrains\PyCharm Community Edition 2022.3.2\bin;
 SESSIONNAME=Console
 SystemDrive=C:
 SystemRoot=C:\WINDOWS
 TEMP=C:\Users\AACE~1\AppData\Local\Temp
 TMP=C:\Users\AACE~1\AppData\Local\Temp
 USERDOMAIN=LAPUS-VICTUS
 USERDOMAIN_ROAMINGPROFILE=LAPUS-VICTUS
 USERNAME=─ьшЄЁшщ
 USERPROFILE=C:\Users\─ьшЄЁшщ
 windir=C:\WINDOWS
 _ExceptModuleDesc=
 _ExceptModuleName=Frigate3.exe
 _ExceptModuleVer=3.36.0.9
 _ExceptMsg=[SafeCall Exception]: List index out of bounds (0).
 _LineBreak=

 _MainModuleDesc=
 _MainModuleName=Frigate3.exe
 _MainModuleVer=3.36.0.9
 __PSLockDownPolicy=0
Список загруженных модулей
 vip.exe              00400000 00431000 65535/65535 07/мар/2025 12:51:21 C:\Galaktika\AVAZ\avaz_ptz\Exe_support\vip.exe *6.0.5.0
 ntdll.dll            77750000 001BA000 65535/65535 31/янв/2025 22:56:14 C:\WINDOWS\SYSTEM32\ntdll.dll *10.0.26100.3037
 KERNEL32.DLL         75F00000 000F0000 65535/65535 31/янв/2025 22:56:13 C:\WINDOWS\System32\KERNEL32.DLL *10.0.26100.3037
 KERNELBASE.dll       768C0000 002A9000 65535/65535 31/янв/2025 22:56:13 C:\WINDOWS\System32\KERNELBASE.dll *10.0.26100.3037
 ole32.dll            75520000 00151000     2/2     31/янв/2025 22:55:48 C:\WINDOWS\System32\ole32.dll *10.0.26100.3037
 msvcp_win.dll        75790000 00085000     3/3     06/дек/2024 20:14:55 C:\WINDOWS\System32\msvcp_win.dll *10.0.26100.1882
 ucrtbase.dll         77110000 00110000     7/7     31/янв/2025 22:56:22 C:\WINDOWS\System32\ucrtbase.dll *10.0.26100.3037
 GDI32.dll            75860000 00022000     7/7     06/дек/2024 20:14:18 C:\WINDOWS\System32\GDI32.dll *10.0.26100.2033
 win32u.dll           75840000 0001A000     1/1     31/янв/2025 22:56:23 C:\WINDOWS\System32\win32u.dll *10.0.26100.3037
 gdi32full.dll        77560000 000EB000     7/7     31/янв/2025 22:56:05 C:\WINDOWS\System32\gdi32full.dll *10.0.26100.3037
 USER32.dll           76DC0000 001C5000     7/7     31/янв/2025 22:56:22 C:\WINDOWS\System32\USER32.dll *10.0.26100.3037
 combase.dll          77230000 0027F000     4/4     31/янв/2025 22:55:48 C:\WINDOWS\System32\combase.dll *10.0.26100.3037
 RPCRT4.dll           76800000 000B9000     6/6     31/янв/2025 22:56:14 C:\WINDOWS\System32\RPCRT4.dll *10.0.26100.3037
 atllib_.dll          10000000 00037000    13/13    07/мар/2025 13:39:49 C:\Galaktika\AVAZ\avaz_ptz\Exe_support\atllib_.dll *6.0.5.0
 oleaut32.dll         76C10000 0009E000     3/3     31/янв/2025 22:56:14 C:\WINDOWS\System32\oleaut32.dll *10.0.26100.3037
 libxml2.dll          6AC00000 003F4000     2/2     07/мар/2025 13:39:49 C:\Galaktika\AVAZ\avaz_ptz\Exe_support\libxml2.dll *2.9.7.0
 winspool.drv         72530000 00090000     2/2     31/янв/2025 22:56:14 C:\WINDOWS\SYSTEM32\winspool.drv *10.0.26100.3037
 msvcrt.dll           76CC0000 000C7000     4/4     06/дек/2024 20:14:16 C:\WINDOWS\System32\msvcrt.dll *7.0.26100.1882/10.0.26100.1882
 shcore.dll           75450000 000C8000     1/1     31/янв/2025 22:56:17 C:\WINDOWS\System32\shcore.dll *10.0.26100.3037
 WS2_32.dll           75890000 00060000     3/3     06/дек/2024 20:14:16 C:\WINDOWS\System32\WS2_32.dll *10.0.26100.1882
 cfgmgr32.dll         74710000 00049000     1/1     31/янв/2025 22:55:46 C:\WINDOWS\SYSTEM32\cfgmgr32.dll *10.0.26100.3037
 WSOCK32.DLL          73580000 00008000     2/2     01/апр/2024 10:22:15 C:\WINDOWS\SYSTEM32\WSOCK32.DLL *10.0.26100.1
 atlantis.rtl         00FE0000 000E9000    14/14    07/мар/2025 13:39:49 C:\Galaktika\AVAZ\avaz_ptz\Exe_support\atlantis.rtl *6.0.5.0
 ADVAPI32.DLL         76120000 0007F000     3/3     06/дек/2024 20:14:17 C:\WINDOWS\System32\ADVAPI32.DLL *10.0.26100.2033
 sechost.dll          776B0000 00083000     1/1     31/янв/2025 22:56:15 C:\WINDOWS\System32\sechost.dll *10.0.26100.3037
 streams_.dll         010D0000 00101000    12/12    07/мар/2025 13:39:49 C:\Galaktika\AVAZ\avaz_ptz\Exe_support\streams_.dll *6.0.5.0
 ecc_.dll             011E0000 00031000     4/4     07/мар/2025 13:39:49 C:\Galaktika\AVAZ\avaz_ptz\Exe_support\ecc_.dll *6.0.5.0
 base.dll             01220000 0007F000     4/4     07/мар/2025 13:39:49 C:\Galaktika\AVAZ\avaz_ptz\Exe_support\base.dll *6.0.5.0
 lotdll_.dll          012A0000 00039000     1/1     07/мар/2025 13:39:49 C:\Galaktika\AVAZ\avaz_ptz\Exe_support\lotdll_.dll *6.0.5.0
 forms_.dll           012E0000 000AB000     2/2     07/мар/2025 13:39:49 C:\Galaktika\AVAZ\avaz_ptz\Exe_support\forms_.dll *6.0.5.0
 editor_.dll          00A10000 0002A000     1/1     07/мар/2025 13:39:49 C:\Galaktika\AVAZ\avaz_ptz\Exe_support\editor_.dll *6.0.5.0
 protect_.dll         01390000 00011000     4/4     07/мар/2025 13:39:49 C:\Galaktika\AVAZ\avaz_ptz\Exe_support\protect_.dll *6.0.5.0
 _cfg.dll             013B0000 00018000     1/1     07/мар/2025 13:39:49 C:\Galaktika\AVAZ\avaz_ptz\Exe_support\_cfg.dll *6.0.5.0
 ifcobjs_.dll         013D0000 00011000     1/1     07/мар/2025 13:39:49 C:\Galaktika\AVAZ\avaz_ptz\Exe_support\ifcobjs_.dll *6.0.5.0
 jitvip.dll           01410000 0001D000     1/1     07/мар/2025 13:39:49 C:\Galaktika\AVAZ\avaz_ptz\Exe_support\jitvip.dll *6.0.5.0
 atvipobj.dll         013F0000 0001A000     1/1     07/мар/2025 13:39:49 C:\Galaktika\AVAZ\avaz_ptz\Exe_support\atvipobj.dll *6.0.5.0
 atlpop.dll           01430000 0005C000     1/1     07/мар/2025 13:39:49 C:\Galaktika\AVAZ\avaz_ptz\Exe_support\atlpop.dll *6.0.5.0
 nation_.dll          01490000 00009000     1/1     07/мар/2025 13:39:49 C:\Galaktika\AVAZ\avaz_ptz\Exe_support\nation_.dll *6.0.5.0
 IMM32.DLL            76D90000 00025000     1/1     01/апр/2024 10:22:13 C:\WINDOWS\System32\IMM32.DLL *10.0.26100.1
 SspiCli.dll          734E0000 0002B000     4/4     31/янв/2025 22:56:13 C:\WINDOWS\SYSTEM32\SspiCli.dll *10.0.26100.3037
 libeay32.dll         02C80000 0012D000     2/2     06/мар/2024 15:57:12 C:\Galaktika\AVAZ\avaz_ptz\Exe_support\libeay32.dll *0.9.8.7
 ssleay32.dll         035C0000 00040000     1/1     06/мар/2024 15:57:12 C:\Galaktika\AVAZ\avaz_ptz\Exe_support\ssleay32.dll *0.9.8.7
 CRYPTSP.dll          73480000 00015000     1/1     07/дек/2024 11:13:37 C:\WINDOWS\SYSTEM32\CRYPTSP.dll *10.0.26100.2454
 rsaenh.dll           73440000 00031000     1/1     17/янв/2025 19:15:40 C:\WINDOWS\system32\rsaenh.dll *10.0.26100.2894
 CRYPTBASE.dll        73430000 0000B000     2/2     17/янв/2025 19:15:39 C:\WINDOWS\SYSTEM32\CRYPTBASE.dll *10.0.26100.2894
 bcryptPrimitives.dll 76220000 00069000 65535/65535 31/янв/2025 22:55:47 C:\WINDOWS\System32\bcryptPrimitives.dll *10.0.26100.3037
 mpr.dll              727A0000 00019000     1/1     06/дек/2024 20:14:18 C:\WINDOWS\SYSTEM32\mpr.dll *10.0.26100.1882
 vision_w.dll         03BA0000 0026E000     1/1     07/мар/2025 13:39:49 C:\Galaktika\AVAZ\avaz_ptz\Exe_support\vision_w.dll *6.0.5.0
 SHELL32.DLL          75900000 005EB000     3/3     31/янв/2025 22:56:18 C:\WINDOWS\System32\SHELL32.DLL *10.0.26100.3037
 gdesk.dll            03E10000 0001D000     1/1     07/мар/2025 13:39:49 C:\Galaktika\AVAZ\avaz_ptz\Exe_support\gdesk.dll *6.0.5.0
 uxtheme.dll          70290000 00082000     3/3     31/янв/2025 22:56:23 C:\WINDOWS\system32\uxtheme.dll *10.0.26100.3037
 MSCTF.dll            76000000 00117000     1/1     31/янв/2025 22:56:22 C:\WINDOWS\System32\MSCTF.dll *10.0.26100.3037
 dwmapi.dll           6E120000 00025000     1/1     31/янв/2025 22:55:48 C:\WINDOWS\SYSTEM32\dwmapi.dll *10.0.26100.3037
 zprint_w.dll         03E40000 00026000     2/2     07/мар/2025 13:39:49 C:\Galaktika\AVAZ\avaz_ptz\Exe_support\zprint_w.dll *6.0.5.0
 pg90drv.dll          03F50000 00347000     1/1     07/мар/2025 13:39:49 C:\Galaktika\AVAZ\avaz_ptz\Exe_support\pg90drv.dll *6.0.5.0
 ODBC32.dll           73040000 000A7000     2/2     31/янв/2025 22:56:13 C:\WINDOWS\SYSTEM32\ODBC32.dll *10.0.26100.3037
 CRYPT32.dll          75680000 00107000     1/1     31/янв/2025 22:55:48 C:\WINDOWS\System32\CRYPT32.dll *10.0.26100.3037
 DPAPI.DLL            73030000 00009000     1/1     01/апр/2024 10:22:15 C:\WINDOWS\SYSTEM32\DPAPI.DLL *10.0.26100.1
 bcrypt.dll           750C0000 0001A000 65535/65535 31/янв/2025 22:55:47 C:\WINDOWS\SYSTEM32\bcrypt.dll *10.0.26100.3037
 psqlodbc35w.dll      64E90000 0007F000     1/1     23/июн/2023 16:22:44 C:\Program Files (x86)\psqlODBC\1500\bin\psqlodbc35w.dll *15.0.0.0
 VCRUNTIME140.dll     6C970000 00013000 65535/65535 22/дек/2021 23:34:52 C:\Program Files (x86)\psqlODBC\1500\bin\VCRUNTIME140.dll *14.16.27033.0
 WINMM.dll            6DCE0000 00033000     1/1     31/янв/2025 22:55:47 C:\WINDOWS\SYSTEM32\WINMM.dll *10.0.26100.3037
 LIBPQ.dll            03EC0000 00044000     1/1     20/июн/2023 13:14:36 C:\Program Files (x86)\psqlODBC\1500\bin\LIBPQ.dll *15.0.3.23170
 WLDAP32.dll          75370000 00061000     1/1     31/янв/2025 22:56:13 C:\WINDOWS\System32\WLDAP32.dll *10.0.26100.3037
 libssl-3.dll         64DF0000 0009B000     1/1     20/июн/2023 12:04:06 C:\Program Files (x86)\psqlODBC\1500\bin\libssl-3.dll *3.0.9.0
 libcrypto-3.dll      648A0000 00340000 65535/65535 20/июн/2023 12:04:06 C:\Program Files (x86)\psqlODBC\1500\bin\libcrypto-3.dll *3.0.9.0
 Secur32.dll          73670000 0000A000     1/1     01/апр/2024 10:22:14 C:\WINDOWS\SYSTEM32\Secur32.dll *10.0.26100.1
 odbccp32.dll         72F40000 00020000     1/1     01/апр/2024 10:22:19 C:\WINDOWS\system32\odbccp32.dll *10.0.26100.1
 VERSION.dll          73110000 00008000     1/1     01/апр/2024 10:22:14 C:\WINDOWS\SYSTEM32\VERSION.dll *10.0.26100.1
 mswsock.dll          74760000 00052000     6/6     06/дек/2024 20:14:18 C:\WINDOWS\system32\mswsock.dll *10.0.26100.1882
 DNSAPI.dll           73330000 000DB000 65535/65535 31/янв/2025 22:55:49 C:\WINDOWS\SYSTEM32\DNSAPI.dll *10.0.26100.3037
 IPHLPAPI.DLL         74BB0000 00025000 65535/65535 31/янв/2025 22:56:22 C:\WINDOWS\SYSTEM32\IPHLPAPI.DLL *10.0.26100.3037
 NSI.dll              76F90000 00007000 65535/65535 17/янв/2025 19:15:41 C:\WINDOWS\System32\NSI.dll *10.0.26100.2894
 rasadhlp.dll         72E30000 00008000     1/1     01/апр/2024 10:22:34 C:\Windows\System32\rasadhlp.dll *10.0.26100.1
 fwpuclnt.dll         747D0000 00061000     1/1     31/янв/2025 22:56:14 C:\WINDOWS\System32\fwpuclnt.dll *10.0.26100.3037
 dhcpcsvc.DLL         73220000 0001D000     1/1     31/янв/2025 22:55:48 C:\WINDOWS\SYSTEM32\dhcpcsvc.DLL *10.0.26100.3037
 atlsock.dll          04920000 00013000     2/2     07/мар/2025 13:39:49 C:\Galaktika\AVAZ\avaz_ptz\Exe_support\atlsock.dll *6.0.5.0
 NETAPI32.DLL         74970000 00015000     1/1     01/апр/2024 10:22:13 C:\WINDOWS\SYSTEM32\NETAPI32.DLL *10.0.26100.1
 SRVCLI.DLL           73750000 0001E000     1/1     01/апр/2024 10:22:15 C:\WINDOWS\SYSTEM32\SRVCLI.DLL *10.0.26100.1
 NETUTILS.DLL         73780000 0000B000     1/1     06/дек/2024 20:14:19 C:\WINDOWS\SYSTEM32\NETUTILS.DLL *10.0.26100.1882
 SAMCLI.DLL           746F0000 00015000     1/1     01/апр/2024 10:22:15 C:\WINDOWS\SYSTEM32\SAMCLI.DLL *10.0.26100.1
 napinsp.dll          73410000 00012000     1/1     01/апр/2024 10:22:15 C:\WINDOWS\system32\napinsp.dll *10.0.26100.1
 winrnr.dll           732D0000 0000E000     1/1     06/дек/2024 20:14:16 C:\WINDOWS\System32\winrnr.dll *10.0.26100.1882
 nlansp_c.dll         732B0000 00019000     1/1     31/янв/2025 22:56:14 C:\WINDOWS\system32\nlansp_c.dll *10.0.26100.3037
 wshbth.dll           73290000 00012000     1/1     06/дек/2024 20:14:17 C:\WINDOWS\system32\wshbth.dll *10.0.26100.1882
 mt_drv.dll           04A80000 0005A000     1/1     07/мар/2025 13:39:49 C:\Galaktika\AVAZ\avaz_ptz\Exe_support\mt_drv.dll *6.0.5.0

▓▓▓▓▓▓▓▓▓▓▓▓▓▓▓▓▓▓▓▓▓▓▓▓▓▓▓▓▓▓▓▓▓▓▓▓▓▓▓▓▓▓▓▓▓▓▓▓▓▓▓▓▓▓▓▓▓▓▓▓▓▓▓▓▓▓▓▓▓▓▓▓▓▓▓▓▓▓▓



▓▓▓▓▓▓▓▓▓▓▓▓▓▓▓▓▓▓▓▓▓▓▓▓▓▓▓▓▓▓▓▓▓▓▓▓▓▓▓▓▓▓▓▓▓▓▓▓▓▓▓▓▓▓▓▓▓▓▓▓▓▓▓▓▓▓▓▓▓▓▓▓▓▓▓▓▓▓▓
▓▓▓▓▓ Запишите следующую информацию об ошибке и отошлите ее разработчикам ▓▓▓▓▓
▓ вместе с описанием ситуации, названием, версией и датой EXE-файла программы ▓
▓▓▓▓▓▓▓▓▓▓▓▓▓▓▓▓▓▓▓▓▓▓▓▓▓▓▓▓▓▓▓▓▓▓▓▓▓▓▓▓▓▓▓▓▓▓▓▓▓▓▓▓▓▓▓▓▓▓▓▓▓▓▓▓▓▓▓▓▓▓▓▓▓▓▓▓▓▓▓


▓ Программа: "vip.exe"  Время запуска: 10:10:18 08/06/2025
▓ Исполняемый модуль: "C:\Galaktika\AVAZ\avaz_ptz\Exe_support\vip.exe"
▓ Система: Windows NT  Логин: "Дмитрий"  Станция: "LAPUS-VICTUS"

Необработанная исключительная ситуация
Код исключения: C0000005 (Общее нарушение защиты доступа к памяти)
Параметры исключения (2): 00000000 00000027
Адрес исключения: 0113C719 streams_.dll.1:0001B719
Содержимое регистров процессора
 EAX = 00000000
 EBX = 0019F7AC
 ECX = 02E69A8C
 EDX = 032FA8C0
 ESI = FFFFFFFF
 EDI = 02E69A8C
 EBP = 0019F454
 ESP = 0019EF08
 EIP = 0113C719 streams_.dll.1:0001B719
 CS = 0023 База: 00000000 Размер: FFFFFFFF Флаги: CFB
 DS = 002B База: 00000000 Размер: FFFFFFFF Флаги: CF3
 SS = 002B База: 00000000 Размер: FFFFFFFF Флаги: CF3
 ES = 002B База: 00000000 Размер: FFFFFFFF Флаги: CF3
 FS = 0053 База: 002E0000 Размер: 00000FFF Флаги: 4F3
 GS = 002B База: 00000000 Размер: FFFFFFFF Флаги: CF3
Содержимое стека
 0019EF38: 0116798E streams_.dll.1:0004698E
 0019EF70: 01167840 streams_.dll.1:00046840
 0019EF8C: 01166C6E streams_.dll.1:00045C6E
 0019EF94: 011DA2C8 streams_.dll.3:000062C8
 0019EFA8: 011DA2C8 streams_.dll.3:000062C8
 0019EFC0: 00FDDAE3 atlantis.rtl.1:0002CAE3
 0019EFC8: 010241C5 atlantis.rtl.1:000731C5
 0019EFD8: 00FDDD57 atlantis.rtl.1:0002CD57
 0019EFE0: 00FD0995 atlantis.rtl.1:0001F995
 0019EFF4: 01003553 atlantis.rtl.1:00052553
Текущее время
 08-06-2025 10:11:08.2741755
Параметры программы
 "C:\Galaktika\AVAZ\avaz_ptz\Exe_support\vip.EXE  Vip.prj /r:STAFF.res /c:vip.cfg /u:supervisor /def:Atl60"
Переменные окружения
 =::=::\
 =C:=C:\Galaktika\_git\Izhevsk\COMMON
 ALLUSERSPROFILE=C:\ProgramData
 APPDATA=C:\Users\─ьшЄЁшщ\AppData\Roaming
 CommonProgramFiles=C:\Program Files (x86)\Common Files
 CommonProgramFiles(x86)=C:\Program Files (x86)\Common Files
 CommonProgramW6432=C:\Program Files\Common Files
 COMPUTERNAME=LAPUS-VICTUS
 ComSpec=C:\WINDOWS\system32\cmd.exe
 DD=20250608
 DriverData=C:\Windows\System32\Drivers\DriverData
 EFC_12544=1
 exedir=C:\Galaktika\AVAZ\avaz_ptz\Exe_support
 FPS_BROWSER_APP_PROFILE_STRING=Internet Explorer
 FPS_BROWSER_USER_PROFILE_STRING=Default
 HOMEDRIVE=C:
 HOMEPATH=\Users\─ьшЄЁшщ
 LOCALAPPDATA=C:\Users\─ьшЄЁшщ\AppData\Local
 LOGONSERVER=\\LAPUS-VICTUS
 NUMBER_OF_PROCESSORS=16
 OneDrive=C:\Users\─ьшЄЁшщ\OneDrive
 OPENSSL_CONF=C:\Program Files\PostgreSQL\psqlODBC\etc\openssl.cnf
 OS=Windows_NT
 Path=C:\Program Files (x86)\Common Files\Oracle\Java\javapath;C:\Program Files\Microsoft\jdk-11.0.16.101-hotspot\bin;C:\Program Files (x86)\NVIDIA Corporation\PhysX\Common;C:\Windows\system32;C:\Windows;C:\Windows\System32\Wbem;C:\Windows\System32\WindowsPowerShell\v1.0\;C:\Windows\System32\OpenSSH\;C:\Program Files\Microsoft SQL Server\Client SDK\ODBC\170\Tools\Binn\;C:\Program Files (x86)\Microsoft SQL Server\150\Tools\Binn\;C:\Program Files\Microsoft SQL Server\150\Tools\Binn\;C:\Program Files\Microsoft SQL Server\150\DTS\Binn\;C:\Program Files (x86)\Microsoft SQL Server\150\DTS\Binn\;C:\WINDOWS\system32;C:\WINDOWS;C:\WINDOWS\System32\Wbem;C:\WINDOWS\System32\WindowsPowerShell\v1.0\;C:\WINDOWS\System32\OpenSSH\;C:\Program Files\dotnet\;C:\Program Files (x86)\dotnet\;C:\Program Files\PuTTY\;C:\WINDOWS\system32;C:\WINDOWS;C:\WINDOWS\System32\Wbem;C:\WINDOWS\System32\WindowsPowerShell\v1.0\;C:\WINDOWS\System32\OpenSSH\;C:\Program Files\Microsoft SQL Server\Client SDK\ODBC\130\Tools\Binn\;C:\Galaktika\ATL6\Libs\;C:\Galaktika\ATL6\Libs\x64;C:\Program Files (x86)\Microsoft SQL Server\160\DTS\Binn\;C:\Program Files\Git\cmd;C:\Program Files\GitExtensions\;C:\Users\─ьшЄЁшщ\AppData\Local\Programs\Python\Python311\Scripts\;C:\Users\─ьшЄЁшщ\AppData\Local\Programs\Python\Python311\;C:\Users\─ьшЄЁшщ\AppData\Local\Microsoft\WindowsApps;C:\Program Files\Azure Data Studio\bin;C:\Users\─ьшЄЁшщ\.dotnet\tools;C:\SRCFlutter\flutter\bin;;C:\Users\─ьшЄЁшщ\AppData\Local\Programs\Microsoft VS Code\bin;C:\Users\─ьшЄЁшщ\AppData\Local\JetBrains\PyCharm Community Edition 2022.3.2\bin;
 PATHEXT=.COM;.EXE;.BAT;.CMD;.VBS;.VBE;.JS;.JSE;.WSF;.WSH;.MSC
 PROCESSOR_ARCHITECTURE=x86
 PROCESSOR_ARCHITEW6432=AMD64
 PROCESSOR_IDENTIFIER=AMD64 Family 25 Model 80 Stepping 0, AuthenticAMD
 PROCESSOR_LEVEL=25
 PROCESSOR_REVISION=5000
 ProgramData=C:\ProgramData
 ProgramFiles=C:\Program Files (x86)
 ProgramFiles(x86)=C:\Program Files (x86)
 ProgramW6432=C:\Program Files
 PROMPT=$P$G
 PSModulePath=C:\Program Files\WindowsPowerShell\Modules;C:\WINDOWS\system32\WindowsPowerShell\v1.0\Modules;C:\Program Files (x86)\Microsoft SQL Server\150\Tools\PowerShell\Modules\
 PUBLIC=C:\Users\Public
 PyCharm Community Edition=C:\Users\─ьшЄЁшщ\AppData\Local\JetBrains\PyCharm Community Edition 2022.3.2\bin;
 SESSIONNAME=Console
 SystemDrive=C:
 SystemRoot=C:\WINDOWS
 TEMP=C:\Users\AACE~1\AppData\Local\Temp
 TMP=C:\Users\AACE~1\AppData\Local\Temp
 USERDOMAIN=LAPUS-VICTUS
 USERDOMAIN_ROAMINGPROFILE=LAPUS-VICTUS
 USERNAME=─ьшЄЁшщ
 USERPROFILE=C:\Users\─ьшЄЁшщ
 windir=C:\WINDOWS
 _ExceptModuleDesc=
 _ExceptModuleName=Frigate3.exe
 _ExceptModuleVer=3.36.0.9
 _ExceptMsg=[SafeCall Exception]: List index out of bounds (0).
 _LineBreak=

 _MainModuleDesc=
 _MainModuleName=Frigate3.exe
 _MainModuleVer=3.36.0.9
 __PSLockDownPolicy=0
Список загруженных модулей
 vip.exe              00400000 00431000 65535/65535 07/мар/2025 12:51:21 C:\Galaktika\AVAZ\avaz_ptz\Exe_support\vip.exe *6.0.5.0
 ntdll.dll            77750000 001BA000 65535/65535 31/янв/2025 22:56:14 C:\WINDOWS\SYSTEM32\ntdll.dll *10.0.26100.3037
 KERNEL32.DLL         75F00000 000F0000 65535/65535 31/янв/2025 22:56:13 C:\WINDOWS\System32\KERNEL32.DLL *10.0.26100.3037
 KERNELBASE.dll       768C0000 002A9000 65535/65535 31/янв/2025 22:56:13 C:\WINDOWS\System32\KERNELBASE.dll *10.0.26100.3037
 ole32.dll            75520000 00151000     2/2     31/янв/2025 22:55:48 C:\WINDOWS\System32\ole32.dll *10.0.26100.3037
 msvcp_win.dll        75790000 00085000     3/3     06/дек/2024 20:14:55 C:\WINDOWS\System32\msvcp_win.dll *10.0.26100.1882
 ucrtbase.dll         77110000 00110000     7/7     31/янв/2025 22:56:22 C:\WINDOWS\System32\ucrtbase.dll *10.0.26100.3037
 GDI32.dll            75860000 00022000     7/7     06/дек/2024 20:14:18 C:\WINDOWS\System32\GDI32.dll *10.0.26100.2033
 win32u.dll           75840000 0001A000     1/1     31/янв/2025 22:56:23 C:\WINDOWS\System32\win32u.dll *10.0.26100.3037
 gdi32full.dll        77560000 000EB000     7/7     31/янв/2025 22:56:05 C:\WINDOWS\System32\gdi32full.dll *10.0.26100.3037
 USER32.dll           76DC0000 001C5000     7/7     31/янв/2025 22:56:22 C:\WINDOWS\System32\USER32.dll *10.0.26100.3037
 combase.dll          77230000 0027F000     4/4     31/янв/2025 22:55:48 C:\WINDOWS\System32\combase.dll *10.0.26100.3037
 RPCRT4.dll           76800000 000B9000     6/6     31/янв/2025 22:56:14 C:\WINDOWS\System32\RPCRT4.dll *10.0.26100.3037
 atllib_.dll          10000000 00037000    13/13    07/мар/2025 13:39:49 C:\Galaktika\AVAZ\avaz_ptz\Exe_support\atllib_.dll *6.0.5.0
 oleaut32.dll         76C10000 0009E000     3/3     31/янв/2025 22:56:14 C:\WINDOWS\System32\oleaut32.dll *10.0.26100.3037
 libxml2.dll          6AC00000 003F4000     2/2     07/мар/2025 13:39:49 C:\Galaktika\AVAZ\avaz_ptz\Exe_support\libxml2.dll *2.9.7.0
 winspool.drv         72530000 00090000     2/2     31/янв/2025 22:56:14 C:\WINDOWS\SYSTEM32\winspool.drv *10.0.26100.3037
 msvcrt.dll           76CC0000 000C7000     4/4     06/дек/2024 20:14:16 C:\WINDOWS\System32\msvcrt.dll *7.0.26100.1882/10.0.26100.1882
 WS2_32.dll           75890000 00060000     3/3     06/дек/2024 20:14:16 C:\WINDOWS\System32\WS2_32.dll *10.0.26100.1882
 shcore.dll           75450000 000C8000     1/1     31/янв/2025 22:56:17 C:\WINDOWS\System32\shcore.dll *10.0.26100.3037
 cfgmgr32.dll         74710000 00049000     1/1     31/янв/2025 22:55:46 C:\WINDOWS\SYSTEM32\cfgmgr32.dll *10.0.26100.3037
 WSOCK32.DLL          73580000 00008000     2/2     01/апр/2024 10:22:15 C:\WINDOWS\SYSTEM32\WSOCK32.DLL *10.0.26100.1
 atlantis.rtl         00FB0000 000E9000    14/14    07/мар/2025 13:39:49 C:\Galaktika\AVAZ\avaz_ptz\Exe_support\atlantis.rtl *6.0.5.0
 ADVAPI32.DLL         76120000 0007F000     3/3     06/дек/2024 20:14:17 C:\WINDOWS\System32\ADVAPI32.DLL *10.0.26100.2033
 sechost.dll          776B0000 00083000     1/1     31/янв/2025 22:56:15 C:\WINDOWS\System32\sechost.dll *10.0.26100.3037
 base.dll             010A0000 0007F000     4/4     07/мар/2025 13:39:49 C:\Galaktika\AVAZ\avaz_ptz\Exe_support\base.dll *6.0.5.0
 streams_.dll         01120000 00101000    12/12    07/мар/2025 13:39:49 C:\Galaktika\AVAZ\avaz_ptz\Exe_support\streams_.dll *6.0.5.0
 editor_.dll          01230000 0002A000     1/1     07/мар/2025 13:39:49 C:\Galaktika\AVAZ\avaz_ptz\Exe_support\editor_.dll *6.0.5.0
 ecc_.dll             01260000 00031000     4/4     07/мар/2025 13:39:49 C:\Galaktika\AVAZ\avaz_ptz\Exe_support\ecc_.dll *6.0.5.0
 lotdll_.dll          01350000 00039000     1/1     07/мар/2025 13:39:49 C:\Galaktika\AVAZ\avaz_ptz\Exe_support\lotdll_.dll *6.0.5.0
 forms_.dll           012A0000 000AB000     2/2     07/мар/2025 13:39:49 C:\Galaktika\AVAZ\avaz_ptz\Exe_support\forms_.dll *6.0.5.0
 protect_.dll         01390000 00011000     4/4     07/мар/2025 13:39:49 C:\Galaktika\AVAZ\avaz_ptz\Exe_support\protect_.dll *6.0.5.0
 _cfg.dll             013B0000 00018000     1/1     07/мар/2025 13:39:49 C:\Galaktika\AVAZ\avaz_ptz\Exe_support\_cfg.dll *6.0.5.0
 ifcobjs_.dll         013D0000 00011000     1/1     07/мар/2025 13:39:49 C:\Galaktika\AVAZ\avaz_ptz\Exe_support\ifcobjs_.dll *6.0.5.0
 atvipobj.dll         013F0000 0001A000     1/1     07/мар/2025 13:39:49 C:\Galaktika\AVAZ\avaz_ptz\Exe_support\atvipobj.dll *6.0.5.0
 jitvip.dll           01410000 0001D000     1/1     07/мар/2025 13:39:49 C:\Galaktika\AVAZ\avaz_ptz\Exe_support\jitvip.dll *6.0.5.0
 atlpop.dll           01430000 0005C000     1/1     07/мар/2025 13:39:49 C:\Galaktika\AVAZ\avaz_ptz\Exe_support\atlpop.dll *6.0.5.0
 nation_.dll          01490000 00009000     1/1     07/мар/2025 13:39:49 C:\Galaktika\AVAZ\avaz_ptz\Exe_support\nation_.dll *6.0.5.0
 IMM32.DLL            76D90000 00025000     1/1     01/апр/2024 10:22:13 C:\WINDOWS\System32\IMM32.DLL *10.0.26100.1
 SspiCli.dll          734E0000 0002B000     4/4     31/янв/2025 22:56:13 C:\WINDOWS\SYSTEM32\SspiCli.dll *10.0.26100.3037
 libeay32.dll         02CB0000 0012D000     2/2     06/мар/2024 15:57:12 C:\Galaktika\AVAZ\avaz_ptz\Exe_support\libeay32.dll *0.9.8.7
 ssleay32.dll         02C60000 00040000     1/1     06/мар/2024 15:57:12 C:\Galaktika\AVAZ\avaz_ptz\Exe_support\ssleay32.dll *0.9.8.7
 CRYPTSP.dll          73480000 00015000     1/1     07/дек/2024 11:13:37 C:\WINDOWS\SYSTEM32\CRYPTSP.dll *10.0.26100.2454
 rsaenh.dll           73440000 00031000     1/1     17/янв/2025 19:15:40 C:\WINDOWS\system32\rsaenh.dll *10.0.26100.2894
 CRYPTBASE.dll        73430000 0000B000     2/2     17/янв/2025 19:15:39 C:\WINDOWS\SYSTEM32\CRYPTBASE.dll *10.0.26100.2894
 bcryptPrimitives.dll 76220000 00069000 65535/65535 31/янв/2025 22:55:47 C:\WINDOWS\System32\bcryptPrimitives.dll *10.0.26100.3037
 mpr.dll              727A0000 00019000     1/1     06/дек/2024 20:14:18 C:\WINDOWS\SYSTEM32\mpr.dll *10.0.26100.1882
 vision_w.dll         03FA0000 0026E000     1/1     07/мар/2025 13:39:49 C:\Galaktika\AVAZ\avaz_ptz\Exe_support\vision_w.dll *6.0.5.0
 SHELL32.DLL          75900000 005EB000     3/3     31/янв/2025 22:56:18 C:\WINDOWS\System32\SHELL32.DLL *10.0.26100.3037
 gdesk.dll            04210000 0001D000     1/1     07/мар/2025 13:39:49 C:\Galaktika\AVAZ\avaz_ptz\Exe_support\gdesk.dll *6.0.5.0
 uxtheme.dll          70290000 00082000     3/3     31/янв/2025 22:56:23 C:\WINDOWS\system32\uxtheme.dll *10.0.26100.3037
 MSCTF.dll            76000000 00117000     1/1     31/янв/2025 22:56:22 C:\WINDOWS\System32\MSCTF.dll *10.0.26100.3037
 dwmapi.dll           6E120000 00025000     1/1     31/янв/2025 22:55:48 C:\WINDOWS\SYSTEM32\dwmapi.dll *10.0.26100.3037
 zprint_w.dll         04270000 00026000     2/2     07/мар/2025 13:39:49 C:\Galaktika\AVAZ\avaz_ptz\Exe_support\zprint_w.dll *6.0.5.0
 pg90drv.dll          046A0000 00347000     1/1     07/мар/2025 13:39:49 C:\Galaktika\AVAZ\avaz_ptz\Exe_support\pg90drv.dll *6.0.5.0
 ODBC32.dll           73040000 000A7000     2/2     31/янв/2025 22:56:13 C:\WINDOWS\SYSTEM32\ODBC32.dll *10.0.26100.3037
 CRYPT32.dll          75680000 00107000     1/1     31/янв/2025 22:55:48 C:\WINDOWS\System32\CRYPT32.dll *10.0.26100.3037
 DPAPI.DLL            73030000 00009000     1/1     01/апр/2024 10:22:15 C:\WINDOWS\SYSTEM32\DPAPI.DLL *10.0.26100.1
 bcrypt.dll           750C0000 0001A000 65535/65535 31/янв/2025 22:55:47 C:\WINDOWS\SYSTEM32\bcrypt.dll *10.0.26100.3037
 psqlodbc35w.dll      64E90000 0007F000     1/1     23/июн/2023 16:22:44 C:\Program Files (x86)\psqlODBC\1500\bin\psqlodbc35w.dll *15.0.0.0
 VCRUNTIME140.dll     6C970000 00013000 65535/65535 22/дек/2021 23:34:52 C:\Program Files (x86)\psqlODBC\1500\bin\VCRUNTIME140.dll *14.16.27033.0
 WINMM.dll            6DCE0000 00033000     1/1     31/янв/2025 22:55:47 C:\WINDOWS\SYSTEM32\WINMM.dll *10.0.26100.3037
 LIBPQ.dll            04A30000 00044000     1/1     20/июн/2023 13:14:36 C:\Program Files (x86)\psqlODBC\1500\bin\LIBPQ.dll *15.0.3.23170
 WLDAP32.dll          75370000 00061000     1/1     31/янв/2025 22:56:13 C:\WINDOWS\System32\WLDAP32.dll *10.0.26100.3037
 libcrypto-3.dll      648A0000 00340000 65535/65535 20/июн/2023 12:04:06 C:\Program Files (x86)\psqlODBC\1500\bin\libcrypto-3.dll *3.0.9.0
 libssl-3.dll         64DF0000 0009B000     1/1     20/июн/2023 12:04:06 C:\Program Files (x86)\psqlODBC\1500\bin\libssl-3.dll *3.0.9.0
 Secur32.dll          73670000 0000A000     1/1     01/апр/2024 10:22:14 C:\WINDOWS\SYSTEM32\Secur32.dll *10.0.26100.1
 odbccp32.dll         72F40000 00020000     1/1     01/апр/2024 10:22:19 C:\WINDOWS\system32\odbccp32.dll *10.0.26100.1
 VERSION.dll          73110000 00008000     1/1     01/апр/2024 10:22:14 C:\WINDOWS\SYSTEM32\VERSION.dll *10.0.26100.1
 mswsock.dll          74760000 00052000     6/6     06/дек/2024 20:14:18 C:\WINDOWS\system32\mswsock.dll *10.0.26100.1882
 DNSAPI.dll           73330000 000DB000 65535/65535 31/янв/2025 22:55:49 C:\WINDOWS\SYSTEM32\DNSAPI.dll *10.0.26100.3037
 IPHLPAPI.DLL         74BB0000 00025000 65535/65535 31/янв/2025 22:56:22 C:\WINDOWS\SYSTEM32\IPHLPAPI.DLL *10.0.26100.3037
 NSI.dll              76F90000 00007000 65535/65535 17/янв/2025 19:15:41 C:\WINDOWS\System32\NSI.dll *10.0.26100.2894
 rasadhlp.dll         72E30000 00008000     1/1     01/апр/2024 10:22:34 C:\Windows\System32\rasadhlp.dll *10.0.26100.1
 fwpuclnt.dll         747D0000 00061000     1/1     31/янв/2025 22:56:14 C:\WINDOWS\System32\fwpuclnt.dll *10.0.26100.3037
 dhcpcsvc.DLL         73220000 0001D000     1/1     31/янв/2025 22:55:48 C:\WINDOWS\SYSTEM32\dhcpcsvc.DLL *10.0.26100.3037
 atlsock.dll          04D10000 00013000     2/2     07/мар/2025 13:39:49 C:\Galaktika\AVAZ\avaz_ptz\Exe_support\atlsock.dll *6.0.5.0
 NETAPI32.DLL         74970000 00015000     1/1     01/апр/2024 10:22:13 C:\WINDOWS\SYSTEM32\NETAPI32.DLL *10.0.26100.1
 SRVCLI.DLL           73750000 0001E000     1/1     01/апр/2024 10:22:15 C:\WINDOWS\SYSTEM32\SRVCLI.DLL *10.0.26100.1
 NETUTILS.DLL         73780000 0000B000     1/1     06/дек/2024 20:14:19 C:\WINDOWS\SYSTEM32\NETUTILS.DLL *10.0.26100.1882
 SAMCLI.DLL           746F0000 00015000     1/1     01/апр/2024 10:22:15 C:\WINDOWS\SYSTEM32\SAMCLI.DLL *10.0.26100.1
 napinsp.dll          73410000 00012000     1/1     01/апр/2024 10:22:15 C:\WINDOWS\system32\napinsp.dll *10.0.26100.1
 winrnr.dll           732D0000 0000E000     1/1     06/дек/2024 20:14:16 C:\WINDOWS\System32\winrnr.dll *10.0.26100.1882
 nlansp_c.dll         732B0000 00019000     1/1     31/янв/2025 22:56:14 C:\WINDOWS\system32\nlansp_c.dll *10.0.26100.3037
 wshbth.dll           73290000 00012000     1/1     06/дек/2024 20:14:17 C:\WINDOWS\system32\wshbth.dll *10.0.26100.1882
 mt_drv.dll           04E70000 0005A000     1/1     07/мар/2025 13:39:49 C:\Galaktika\AVAZ\avaz_ptz\Exe_support\mt_drv.dll *6.0.5.0

▓▓▓▓▓▓▓▓▓▓▓▓▓▓▓▓▓▓▓▓▓▓▓▓▓▓▓▓▓▓▓▓▓▓▓▓▓▓▓▓▓▓▓▓▓▓▓▓▓▓▓▓▓▓▓▓▓▓▓▓▓▓▓▓▓▓▓▓▓▓▓▓▓▓▓▓▓▓▓



