
▓ Программа: "vip.exe"  Время запуска: 20:56:27 01/06/2025
▓ Исполняемый модуль: "C:\Galaktika\AVAZ\avaz_ptz\Exe_support\vip.exe"
▓ Система: Windows NT

Контекст исполнения ".SysUser"
Потеряно хип-контекстов: 1

Менеджер динамической памяти ".SysUserHeap(.SysUser)"
Потеряно блоков: 267, байтов: 4860


▓ Программа: "frres.exe"  Время запуска: 20:56:36 01/06/2025
▓ Исполняемый модуль: "C:\Galaktika\AVAZ\avaz_ptz\Exe_support\frres.exe"
▓ Система: Windows NT  Логин: "Дмитрий"  Станция: "LAPUS-VICTUS"

Менеджер динамической памяти ".SysUserHeap(.SysUser)"
Потеряно блоков: 1, байтов: 56


▓ Программа: "vip.exe"  Время запуска: 10:02:17 08/06/2025
▓ Исполняемый модуль: "C:\Galaktika\AVAZ\avaz_ptz\Exe_support\vip.exe"
▓ Система: Windows NT

Контекст исполнения ".SysUser"
Потеряно хип-контекстов: 1

Менеджер динамической памяти ".SysUserHeap(.SysUser)"
Потеряно блоков: 1, байтов: 56


▓ Программа: "frres.exe"  Время запуска: 10:02:18 08/06/2025
▓ Исполняемый модуль: "C:\Galaktika\AVAZ\avaz_ptz\Exe_support\frres.exe"
▓ Система: Windows NT  Логин: "Дмитрий"  Станция: "LAPUS-VICTUS"

Менеджер динамической памяти ".SysUserHeap(.SysUser)"
Потеряно блоков: 1, байтов: 56


▓ Программа: "frres.exe"  Время запуска: 10:02:25 08/06/2025
▓ Исполняемый модуль: "C:\Galaktika\AVAZ\avaz_ptz\Exe_support\frres.exe"
▓ Система: Windows NT  Логин: "Дмитрий"  Станция: "LAPUS-VICTUS"

Менеджер динамической памяти ".SysUserHeap(.SysUser)"
Потеряно блоков: 1, байтов: 56


▓ Программа: "vip.exe"  Время запуска: 10:11:00 08/06/2025
▓ Исполняемый модуль: "C:\Galaktika\AVAZ\avaz_ptz\Exe_support\vip.exe"
▓ Система: Windows NT

Контекст исполнения ".SysUser"
Потеряно хип-контекстов: 1

Менеджер динамической памяти ".SysUserHeap(.SysUser)"
Потеряно блоков: 1, байтов: 56


▓ Программа: "frres.exe"  Время запуска: 10:11:01 08/06/2025
▓ Исполняемый модуль: "C:\Galaktika\AVAZ\avaz_ptz\Exe_support\frres.exe"
▓ Система: Windows NT  Логин: "Дмитрий"  Станция: "LAPUS-VICTUS"

Менеджер динамической памяти ".SysUserHeap(.SysUser)"
Потеряно блоков: 1, байтов: 56


▓ Программа: "frres.exe"  Время запуска: 10:11:08 08/06/2025
▓ Исполняемый модуль: "C:\Galaktika\AVAZ\avaz_ptz\Exe_support\frres.exe"
▓ Система: Windows NT  Логин: "Дмитрий"  Станция: "LAPUS-VICTUS"

Менеджер динамической памяти ".SysUserHeap(.SysUser)"
Потеряно блоков: 1, байтов: 56


▓ Программа: "vip.exe"  Время запуска: 10:12:32 08/06/2025
▓ Исполняемый модуль: "C:\Galaktika\AVAZ\avaz_ptz\Exe_support\vip.exe"
▓ Система: Windows NT

Контекст исполнения ".SysUser"
Потеряно хип-контекстов: 1

Менеджер динамической памяти ".SysUserHeap(.SysUser)"
Потеряно блоков: 1899, байтов: 53100


▓ Программа: "frres.exe"  Время запуска: 10:13:21 08/06/2025
▓ Исполняемый модуль: "C:\Galaktika\AVAZ\avaz_ptz\Exe_support\frres.exe"
▓ Система: Windows NT  Логин: "Дмитрий"  Станция: "LAPUS-VICTUS"

Менеджер динамической памяти ".SysUserHeap(.SysUser)"
Потеряно блоков: 1, байтов: 56


▓ Программа: "vip.exe"  Время запуска: 10:13:25 08/06/2025
▓ Исполняемый модуль: "C:\Galaktika\AVAZ\avaz_ptz\Exe_support\vip.exe"
▓ Система: Windows NT

Контекст исполнения ".SysUser"
Потеряно хип-контекстов: 1

Менеджер динамической памяти ".SysUserHeap(.SysUser)"
Потеряно блоков: 1899, байтов: 53072


▓ Программа: "frres.exe"  Время запуска: 10:16:25 08/06/2025
▓ Исполняемый модуль: "C:\Galaktika\AVAZ\avaz_ptz\Exe_support\frres.exe"
▓ Система: Windows NT  Логин: "Дмитрий"  Станция: "LAPUS-VICTUS"

Менеджер динамической памяти ".SysUserHeap(.SysUser)"
Потеряно блоков: 1, байтов: 56


▓ Программа: "vip.exe"  Время запуска: 10:23:36 08/06/2025
▓ Исполняемый модуль: "C:\Galaktika\AVAZ\avaz_ptz\Exe_support\vip.exe"
▓ Система: Windows NT

Контекст исполнения ".SysUser"
Потеряно хип-контекстов: 1

Менеджер динамической памяти ".SysUserHeap(.SysUser)"
Потеряно блоков: 2033, байтов: 55512


▓ Программа: "frres.exe"  Время запуска: 10:24:19 08/06/2025
▓ Исполняемый модуль: "C:\Galaktika\AVAZ\avaz_ptz\Exe_support\frres.exe"
▓ Система: Windows NT  Логин: "Дмитрий"  Станция: "LAPUS-VICTUS"

Менеджер динамической памяти ".SysUserHeap(.SysUser)"
Потеряно блоков: 1, байтов: 56


▓ Программа: "vip.exe"  Время запуска: 10:24:55 08/06/2025
▓ Исполняемый модуль: "C:\Galaktika\AVAZ\avaz_ptz\Exe_support\vip.exe"
▓ Система: Windows NT

Контекст исполнения ".SysUser"
Потеряно хип-контекстов: 1

Менеджер динамической памяти ".SysUserHeap(.SysUser)"
Потеряно блоков: 2354, байтов: 84588


▓ Программа: "frres.exe"  Время запуска: 10:25:05 08/06/2025
▓ Исполняемый модуль: "C:\Galaktika\AVAZ\avaz_ptz\Exe_support\frres.exe"
▓ Система: Windows NT  Логин: "Дмитрий"  Станция: "LAPUS-VICTUS"

Менеджер динамической памяти ".SysUserHeap(.SysUser)"
Потеряно блоков: 1, байтов: 56


▓ Программа: "vip.exe"  Время запуска: 10:25:27 08/06/2025
▓ Исполняемый модуль: "C:\Galaktika\AVAZ\avaz_ptz\Exe_support\vip.exe"
▓ Система: Windows NT

Контекст исполнения ".SysUser"
Потеряно хип-контекстов: 1

Менеджер динамической памяти ".SysUserHeap(.SysUser)"
Потеряно блоков: 2354, байтов: 84544


▓ Программа: "frres.exe"  Время запуска: 10:25:36 08/06/2025
▓ Исполняемый модуль: "C:\Galaktika\AVAZ\avaz_ptz\Exe_support\frres.exe"
▓ Система: Windows NT  Логин: "Дмитрий"  Станция: "LAPUS-VICTUS"

Менеджер динамической памяти ".SysUserHeap(.SysUser)"
Потеряно блоков: 1, байтов: 56


▓ Программа: "vip.exe"  Время запуска: 10:54:05 08/06/2025
▓ Исполняемый модуль: "C:\Galaktika\AVAZ\avaz_ptz\Exe_support\vip.exe"
▓ Система: Windows NT

Контекст исполнения ".SysUser"
Потеряно хип-контекстов: 1

Менеджер динамической памяти ".SysUserHeap(.SysUser)"
Потеряно блоков: 2354, байтов: 84508


▓ Программа: "frres.exe"  Время запуска: 10:54:15 08/06/2025
▓ Исполняемый модуль: "C:\Galaktika\AVAZ\avaz_ptz\Exe_support\frres.exe"
▓ Система: Windows NT  Логин: "Дмитрий"  Станция: "LAPUS-VICTUS"

Менеджер динамической памяти ".SysUserHeap(.SysUser)"
Потеряно блоков: 1, байтов: 56


▓ Программа: "vip.exe"  Время запуска: 07:20:22 12/06/2025
▓ Исполняемый модуль: "C:\Galaktika\AVAZ\avaz_ptz\Exe_support\vip.exe"
▓ Система: Windows NT

Контекст исполнения ".SysUser"
Потеряно хип-контекстов: 1

Менеджер динамической памяти ".SysUserHeap(.SysUser)"
Потеряно блоков: 2354, байтов: 84600


▓ Программа: "frres.exe"  Время запуска: 07:20:33 12/06/2025
▓ Исполняемый модуль: "C:\Galaktika\AVAZ\avaz_ptz\Exe_support\frres.exe"
▓ Система: Windows NT  Логин: "Дмитрий"  Станция: "LAPUS-VICTUS"

Менеджер динамической памяти ".SysUserHeap(.SysUser)"
Потеряно блоков: 1, байтов: 56


▓ Программа: "vip.exe"  Время запуска: 07:28:46 12/06/2025
▓ Исполняемый модуль: "C:\Galaktika\AVAZ\avaz_ptz\Exe_support\vip.exe"
▓ Система: Windows NT

Контекст исполнения ".SysUser"
Потеряно хип-контекстов: 1

Менеджер динамической памяти ".SysUserHeap(.SysUser)"
Потеряно блоков: 760, байтов: 26380


▓ Программа: "frres.exe"  Время запуска: 07:30:41 12/06/2025
▓ Исполняемый модуль: "C:\Galaktika\AVAZ\avaz_ptz\Exe_support\frres.exe"
▓ Система: Windows NT  Логин: "Дмитрий"  Станция: "LAPUS-VICTUS"

Менеджер динамической памяти ".SysUserHeap(.SysUser)"
Потеряно блоков: 1, байтов: 56


▓ Программа: "vip.exe"  Время запуска: 07:35:12 12/06/2025
▓ Исполняемый модуль: "C:\Galaktika\AVAZ\avaz_ptz\Exe_support\vip.exe"
▓ Система: Windows NT

Контекст исполнения ".SysUser"
Потеряно хип-контекстов: 1

Менеджер динамической памяти ".SysUserHeap(.SysUser)"
Потеряно блоков: 920, байтов: 29752


▓ Программа: "frres.exe"  Время запуска: 07:38:56 12/06/2025
▓ Исполняемый модуль: "C:\Galaktika\AVAZ\avaz_ptz\Exe_support\frres.exe"
▓ Система: Windows NT  Логин: "Дмитрий"  Станция: "LAPUS-VICTUS"

Менеджер динамической памяти ".SysUserHeap(.SysUser)"
Потеряно блоков: 1, байтов: 56


▓ Программа: "vip.exe"  Время запуска: 07:38:59 12/06/2025
▓ Исполняемый модуль: "C:\Galaktika\AVAZ\avaz_ptz\Exe_support\vip.exe"
▓ Система: Windows NT

Контекст исполнения ".SysUser"
Потеряно хип-контекстов: 1

Менеджер динамической памяти ".SysUserHeap(.SysUser)"
Потеряно блоков: 918, байтов: 29892


▓ Программа: "frres.exe"  Время запуска: 07:39:51 12/06/2025
▓ Исполняемый модуль: "C:\Galaktika\AVAZ\avaz_ptz\Exe_support\frres.exe"
▓ Система: Windows NT  Логин: "Дмитрий"  Станция: "LAPUS-VICTUS"

Менеджер динамической памяти ".SysUserHeap(.SysUser)"
Потеряно блоков: 1, байтов: 56


▓ Программа: "vip.exe"  Время запуска: 07:40:17 12/06/2025
▓ Исполняемый модуль: "C:\Galaktika\AVAZ\avaz_ptz\Exe_support\vip.exe"
▓ Система: Windows NT

Контекст исполнения ".SysUser"
Потеряно хип-контекстов: 1

Менеджер динамической памяти ".SysUserHeap(.SysUser)"
Потеряно блоков: 920, байтов: 29860


▓ Программа: "frres.exe"  Время запуска: 07:40:25 12/06/2025
▓ Исполняемый модуль: "C:\Galaktika\AVAZ\avaz_ptz\Exe_support\frres.exe"
▓ Система: Windows NT  Логин: "Дмитрий"  Станция: "LAPUS-VICTUS"

Менеджер динамической памяти ".SysUserHeap(.SysUser)"
Потеряно блоков: 1, байтов: 56


▓ Программа: "vip.exe"  Время запуска: 07:43:43 12/06/2025
▓ Исполняемый модуль: "C:\Galaktika\AVAZ\avaz_ptz\Exe_support\vip.exe"
▓ Система: Windows NT

Контекст исполнения ".SysUser"
Потеряно хип-контекстов: 1

Менеджер динамической памяти ".SysUserHeap(.SysUser)"
Потеряно блоков: 920, байтов: 29784


▓ Программа: "frres.exe"  Время запуска: 07:44:57 12/06/2025
▓ Исполняемый модуль: "C:\Galaktika\AVAZ\avaz_ptz\Exe_support\frres.exe"
▓ Система: Windows NT  Логин: "Дмитрий"  Станция: "LAPUS-VICTUS"

Менеджер динамической памяти ".SysUserHeap(.SysUser)"
Потеряно блоков: 1, байтов: 56


▓ Программа: "vip.exe"  Время запуска: 07:47:43 12/06/2025
▓ Исполняемый модуль: "C:\Galaktika\AVAZ\avaz_ptz\Exe_support\vip.exe"
▓ Система: Windows NT

Контекст исполнения ".SysUser"
Потеряно хип-контекстов: 1

Менеджер динамической памяти ".SysUserHeap(.SysUser)"
Потеряно блоков: 920, байтов: 29756


▓ Программа: "frres.exe"  Время запуска: 07:47:58 12/06/2025
▓ Исполняемый модуль: "C:\Galaktika\AVAZ\avaz_ptz\Exe_support\frres.exe"
▓ Система: Windows NT  Логин: "Дмитрий"  Станция: "LAPUS-VICTUS"

Менеджер динамической памяти ".SysUserHeap(.SysUser)"
Потеряно блоков: 1, байтов: 56


▓ Программа: "vip.exe"  Время запуска: 08:03:13 12/06/2025
▓ Исполняемый модуль: "C:\Galaktika\AVAZ\avaz_ptz\Exe_support\vip.exe"
▓ Система: Windows NT

Контекст исполнения ".SysUser"
Потеряно хип-контекстов: 1

Менеджер динамической памяти ".SysUserHeap(.SysUser)"
Потеряно блоков: 922, байтов: 29864


▓ Программа: "frres.exe"  Время запуска: 08:03:22 12/06/2025
▓ Исполняемый модуль: "C:\Galaktika\AVAZ\avaz_ptz\Exe_support\frres.exe"
▓ Система: Windows NT  Логин: "Дмитрий"  Станция: "LAPUS-VICTUS"

Менеджер динамической памяти ".SysUserHeap(.SysUser)"
Потеряно блоков: 1, байтов: 56


▓ Программа: "vip.exe"  Время запуска: 08:04:35 12/06/2025
▓ Исполняемый модуль: "C:\Galaktika\AVAZ\avaz_ptz\Exe_support\vip.exe"
▓ Система: Windows NT

Контекст исполнения ".SysUser"
Потеряно хип-контекстов: 1

Менеджер динамической памяти ".SysUserHeap(.SysUser)"
Потеряно блоков: 922, байтов: 30020


▓ Программа: "frres.exe"  Время запуска: 08:04:46 12/06/2025
▓ Исполняемый модуль: "C:\Galaktika\AVAZ\avaz_ptz\Exe_support\frres.exe"
▓ Система: Windows NT  Логин: "Дмитрий"  Станция: "LAPUS-VICTUS"

Менеджер динамической памяти ".SysUserHeap(.SysUser)"
Потеряно блоков: 1, байтов: 56


▓ Программа: "vip.exe"  Время запуска: 08:05:09 12/06/2025
▓ Исполняемый модуль: "C:\Galaktika\AVAZ\avaz_ptz\Exe_support\vip.exe"
▓ Система: Windows NT

Контекст исполнения ".SysUser"
Потеряно хип-контекстов: 1

Менеджер динамической памяти ".SysUserHeap(.SysUser)"
Потеряно блоков: 922, байтов: 29768


▓ Программа: "frres.exe"  Время запуска: 08:05:41 12/06/2025
▓ Исполняемый модуль: "C:\Galaktika\AVAZ\avaz_ptz\Exe_support\frres.exe"
▓ Система: Windows NT  Логин: "Дмитрий"  Станция: "LAPUS-VICTUS"

Менеджер динамической памяти ".SysUserHeap(.SysUser)"
Потеряно блоков: 1, байтов: 56


▓ Программа: "vip.exe"  Время запуска: 08:06:26 12/06/2025
▓ Исполняемый модуль: "C:\Galaktika\AVAZ\avaz_ptz\Exe_support\vip.exe"
▓ Система: Windows NT

Контекст исполнения ".SysUser"
Потеряно хип-контекстов: 1

Менеджер динамической памяти ".SysUserHeap(.SysUser)"
Потеряно блоков: 922, байтов: 29892


▓ Программа: "frres.exe"  Время запуска: 08:07:17 12/06/2025
▓ Исполняемый модуль: "C:\Galaktika\AVAZ\avaz_ptz\Exe_support\frres.exe"
▓ Система: Windows NT  Логин: "Дмитрий"  Станция: "LAPUS-VICTUS"

Менеджер динамической памяти ".SysUserHeap(.SysUser)"
Потеряно блоков: 1, байтов: 56


▓ Программа: "vip.exe"  Время запуска: 08:07:22 12/06/2025
▓ Исполняемый модуль: "C:\Galaktika\AVAZ\avaz_ptz\Exe_support\vip.exe"
▓ Система: Windows NT

Контекст исполнения ".SysUser"
Потеряно хип-контекстов: 1

Менеджер динамической памяти ".SysUserHeap(.SysUser)"
Потеряно блоков: 922, байтов: 29800


▓ Программа: "frres.exe"  Время запуска: 08:07:47 12/06/2025
▓ Исполняемый модуль: "C:\Galaktika\AVAZ\avaz_ptz\Exe_support\frres.exe"
▓ Система: Windows NT  Логин: "Дмитрий"  Станция: "LAPUS-VICTUS"

Менеджер динамической памяти ".SysUserHeap(.SysUser)"
Потеряно блоков: 1, байтов: 56


▓ Программа: "vip.exe"  Время запуска: 08:08:32 12/06/2025
▓ Исполняемый модуль: "C:\Galaktika\AVAZ\avaz_ptz\Exe_support\vip.exe"
▓ Система: Windows NT

Контекст исполнения ".SysUser"
Потеряно хип-контекстов: 1

Менеджер динамической памяти ".SysUserHeap(.SysUser)"
Потеряно блоков: 922, байтов: 30004


▓ Программа: "frres.exe"  Время запуска: 08:09:22 12/06/2025
▓ Исполняемый модуль: "C:\Galaktika\AVAZ\avaz_ptz\Exe_support\frres.exe"
▓ Система: Windows NT  Логин: "Дмитрий"  Станция: "LAPUS-VICTUS"

Менеджер динамической памяти ".SysUserHeap(.SysUser)"
Потеряно блоков: 1, байтов: 56


▓ Программа: "vip.exe"  Время запуска: 08:09:25 12/06/2025
▓ Исполняемый модуль: "C:\Galaktika\AVAZ\avaz_ptz\Exe_support\vip.exe"
▓ Система: Windows NT

Контекст исполнения ".SysUser"
Потеряно хип-контекстов: 1

Менеджер динамической памяти ".SysUserHeap(.SysUser)"
Потеряно блоков: 922, байтов: 29844


▓ Программа: "frres.exe"  Время запуска: 08:09:57 12/06/2025
▓ Исполняемый модуль: "C:\Galaktika\AVAZ\avaz_ptz\Exe_support\frres.exe"
▓ Система: Windows NT  Логин: "Дмитрий"  Станция: "LAPUS-VICTUS"

Менеджер динамической памяти ".SysUserHeap(.SysUser)"
Потеряно блоков: 1, байтов: 56


▓ Программа: "vip.exe"  Время запуска: 08:11:06 12/06/2025
▓ Исполняемый модуль: "C:\Galaktika\AVAZ\avaz_ptz\Exe_support\vip.exe"
▓ Система: Windows NT

Контекст исполнения ".SysUser"
Потеряно хип-контекстов: 1

Менеджер динамической памяти ".SysUserHeap(.SysUser)"
Потеряно блоков: 922, байтов: 29732


▓ Программа: "frres.exe"  Время запуска: 08:11:18 12/06/2025
▓ Исполняемый модуль: "C:\Galaktika\AVAZ\avaz_ptz\Exe_support\frres.exe"
▓ Система: Windows NT  Логин: "Дмитрий"  Станция: "LAPUS-VICTUS"

Менеджер динамической памяти ".SysUserHeap(.SysUser)"
Потеряно блоков: 1, байтов: 56


▓ Программа: "vip.exe"  Время запуска: 08:11:51 12/06/2025
▓ Исполняемый модуль: "C:\Galaktika\AVAZ\avaz_ptz\Exe_support\vip.exe"
▓ Система: Windows NT

Контекст исполнения ".SysUser"
Потеряно хип-контекстов: 1

Менеджер динамической памяти ".SysUserHeap(.SysUser)"
Потеряно блоков: 2354, байтов: 84260


▓ Программа: "frres.exe"  Время запуска: 08:12:01 12/06/2025
▓ Исполняемый модуль: "C:\Galaktika\AVAZ\avaz_ptz\Exe_support\frres.exe"
▓ Система: Windows NT  Логин: "Дмитрий"  Станция: "LAPUS-VICTUS"

Менеджер динамической памяти ".SysUserHeap(.SysUser)"
Потеряно блоков: 1, байтов: 56


▓ Программа: "vip.exe"  Время запуска: 08:18:41 12/06/2025
▓ Исполняемый модуль: "C:\Galaktika\AVAZ\avaz_ptz\Exe_support\vip.exe"
▓ Система: Windows NT

Контекст исполнения ".SysUser"
Потеряно хип-контекстов: 1

Менеджер динамической памяти ".SysUserHeap(.SysUser)"
Потеряно блоков: 2354, байтов: 84416


▓ Программа: "frres.exe"  Время запуска: 08:18:51 12/06/2025
▓ Исполняемый модуль: "C:\Galaktika\AVAZ\avaz_ptz\Exe_support\frres.exe"
▓ Система: Windows NT  Логин: "Дмитрий"  Станция: "LAPUS-VICTUS"

Менеджер динамической памяти ".SysUserHeap(.SysUser)"
Потеряно блоков: 1, байтов: 56

