Добавлен: "C:\Galaktika\_git\Izhevsk\STAFF\fr3\EM_Z_STAFFORDERS!!NFORMRD14 DTS_RPD14 _ЭМ Приказ о досрочном завершении отп....fr3".
Добавлен: "C:\Galaktika\_git\Izhevsk\STAFF\fr3\GP_STAFF!!FAVOURPROFFR FavourProfStream Перечень льготных профессий.fr3".
Добавлен: "C:\Galaktika\_git\Izhevsk\STAFF\fr3\GP_STAFF!!GP_KPI_ALGPICKANDEDIT dtsKPI_ALG Список алгоритмов.fr3".
Добавлен: "C:\Galaktika\_git\Izhevsk\STAFF\fr3\GP_STAFF!!GP_KPI_DOC_RAISEEDIT dtsKPI_DOC_BASE Ведомость премирования.fr3".
Добавлен: "C:\Galaktika\_git\Izhevsk\STAFF\fr3\GP_STAFF!!GP_KPI_DOC_RAISEEDIT dtsKPI_DOC_IT Ведомость премирования подразделения.fr3".
Добавлен: "C:\Galaktika\_git\Izhevsk\STAFF\fr3\GP_STAFF!!GP_NFORMRD105 DTS_NForm105 Приказ о назначении единовременных выплат работникам.fr3".
Добавлен: "C:\Galaktika\_git\Izhevsk\STAFF\fr3\GP_STAFF!!GP_NFORMRD107 DTS_NForm107 Реестр работников на выплату компенсаций стоимости услуг ведомственной гостиницы (ЭМ).fr3".
Добавлен: "C:\Galaktika\_git\Izhevsk\STAFF\fr3\GP_STAFF!!GP_NFORMRD107 DTS_NForm107 Реестр работников на удержание стоимости услуг ведомственной гостиницы (ЭМ).fr3".
Добавлен: "C:\Galaktika\_git\Izhevsk\STAFF\fr3\GP_STAFF!!GP_NFORMRD108 DTS_NForm108 Выписка из решения комиссии по соц вопросам о распределении путевок (ЭМ).fr3".
Добавлен: "C:\Galaktika\_git\Izhevsk\STAFF\fr3\GP_STAFF!!GP_NFORMRD108 DTS_NForm108 Реестр работников на удержание части стоимости путевок (ЭМ).fr3".
Добавлен: "C:\Galaktika\_git\Izhevsk\STAFF\fr3\GP_STAFF!!GP_NFORMRD108 DTS_NForm108 Список детей(ЭМ).fr3".
Добавлен: "C:\Galaktika\_git\Izhevsk\STAFF\fr3\GP_STAFF!!GP_NFORMRD114 DTS_NForm114 Приложение к доп соглашению.fr3".
Добавлен: "C:\Galaktika\_git\Izhevsk\STAFF\fr3\GP_STAFF!!GP_NFORMRD115 DTS_NForm115 Реестр работников.fr3".
Добавлен: "C:\Galaktika\_git\Izhevsk\STAFF\fr3\GP_STAFF!!GP_NFORMRD90_CLAIM DSRep Служебная записка на работу в выходные и праздничные дни.fr3".
Добавлен: "C:\Galaktika\_git\Izhevsk\STAFF\fr3\GP_STAFF!!GP_NFormRD103 DTS_NForm103 Реестр работников на компенсацию стоимости проезда к месту работы и обратно (ЭМ).fr3".
Добавлен: "C:\Galaktika\_git\Izhevsk\STAFF\fr3\GP_STAFF!!GP_REPSHRCHANGES dsRep Изменение в штатном расписании.fr3".
Добавлен: "C:\Galaktika\_git\Izhevsk\STAFF\fr3\GP_STAFF!!GP_RPD120_REPORT dsRPD120 Погашение подотчетных сумм Остатки по АО.fr3".
Добавлен: "C:\Galaktika\_git\Izhevsk\STAFF\fr3\GP_STAFF!!GP_RPD120_REPORT dsRPD120 Погашение подотчетных сумм Перерасход по АО.fr3".
Добавлен: "C:\Galaktika\_git\Izhevsk\STAFF\fr3\GP_STAFF!!GP_SCUD_STATEMENTONABSENT dts_One Заявление.fr3".
Добавлен: "C:\Galaktika\_git\Izhevsk\STAFF\fr3\GP_STAFF!!GP_STATEMENTOFEVALUATIONKPI DTS Ведомость показателей премирования.fr3".
Добавлен: "C:\Galaktika\_git\Izhevsk\STAFF\fr3\GP_STAFF!!ICHANGESTAFFSTURCT ChangeStaffSturctStream Отчет по изменениям ШР ЭМ.fr3".
Добавлен: "C:\Galaktika\_git\Izhevsk\STAFF\fr3\GP_STAFF!!INOTIFEMPABOUTREDUCTION NotifEmpAboutReductionStream Уведомление работников о СОУТ.fr3".
Добавлен: "C:\Galaktika\_git\Izhevsk\STAFF\fr3\GP_STAFF!!INOTIFEMPABOUTREDUCTION NotifEmpAboutReductionStream Уведомление работников о сокращении.fr3".
Добавлен: "C:\Galaktika\_git\Izhevsk\STAFF\fr3\GP_STAFF!!KPIREPORT KPIReportCrossFondStream Отчет по премиальным фондам.fr3".
Добавлен: "C:\Galaktika\_git\Izhevsk\STAFF\fr3\GP_STAFF!!KPIREPORT KPIReportFondStream Отчет по премиальным фондам.fr3".
Добавлен: "C:\Galaktika\_git\Izhevsk\STAFF\fr3\GP_STAFF!!KPIREPORT KPIReportStream Ведомость оценки выполнения исполнительской дисциплины.fr3".
Добавлен: "C:\Galaktika\_git\Izhevsk\STAFF\fr3\GP_STAFF!!KPIREPORT KPIReportStream Ведомость премирования работников цеха отдела.fr3".
Добавлен: "C:\Galaktika\_git\Izhevsk\STAFF\fr3\GP_STAFF!!KPIREPORT KPIReportStream Ведомость премирования.fr3".
Добавлен: "C:\Galaktika\_git\Izhevsk\STAFF\fr3\GP_STAFF!!KPIREPORT KPIReportStream Годовая ведомость премирования руководителей.fr3".
Добавлен: "C:\Galaktika\_git\Izhevsk\STAFF\fr3\GP_STAFF!!KPIREPORT KPIReportStream Ежемесячная премия по положению.fr3".
Добавлен: "C:\Galaktika\_git\Izhevsk\STAFF\fr3\GP_STAFF!!KPIREPORT KPIReportStream Квартальная ведомость премирования руководителей.fr3".
Добавлен: "C:\Galaktika\_git\Izhevsk\STAFF\fr3\GP_STAFF!!KPIREPORT KPIReportStream Месячная ведомость премирования руководителей среднего звена.fr3".
Добавлен: "C:\Galaktika\_git\Izhevsk\STAFF\fr3\GP_STAFF!!KPIREPORT KPIReportStream Месячная ведомость премирования руководителей.fr3".
Добавлен: "C:\Galaktika\_git\Izhevsk\STAFF\fr3\GP_STAFF!!KPIREPORT KPIReportStream Резерв высшего звена.fr3".
Добавлен: "C:\Galaktika\_git\Izhevsk\STAFF\fr3\GP_STAFF!!KPIREPORT KPIReportStream Резерв среднего звена.fr3".
Добавлен: "C:\Galaktika\_git\Izhevsk\STAFF\fr3\GP_STAFF!!KPIREPORT KPIReportStream Резерв.fr3".
Добавлен: "C:\Galaktika\_git\Izhevsk\STAFF\fr3\GP_STAFF!!TARSTAVREPORT TarStavReportStream Тарифные ставки и профессии (расширенный).fr3".
Добавлен: "C:\Galaktika\_git\Izhevsk\STAFF\fr3\GP_STAFF!!TARSTAVREPORT TarStavReportStream Тарифные ставки и профессии.fr3".
Добавлен: "C:\Galaktika\_git\Izhevsk\STAFF\fr3\Z_STAFF!!ATTESTATION AttestationList График аттестации.fr3".
Добавлен: "C:\Galaktika\_git\Izhevsk\STAFF\fr3\Z_STAFF!!ATTORDER AttSream Аттестационный лист (ЭМ).fr3".
Добавлен: "C:\Galaktika\_git\Izhevsk\STAFF\fr3\Z_STAFF!!ATTORDER AttSream Список сотрудников, направляемых на аттестацию (ЭМ).fr3".
Добавлен: "C:\Galaktika\_git\Izhevsk\STAFF\fr3\Z_STAFF!!CHANGETDPRINT DTS_ChangeTD Изменение к ТД Удаленная работа.fr3".
Добавлен: "C:\Galaktika\_git\Izhevsk\STAFF\fr3\Z_STAFF!!IMEDSTAFFLIST dsDangerStaffList ЭМ_Поименный список.fr3".
Добавлен: "C:\Galaktika\_git\Izhevsk\STAFF\fr3\Z_STAFFORDERS!!NFORMRD09A DTS_NForm9a GP Ведомость премирования УОТЗП.fr3".
Добавлен: "C:\Galaktika\_git\Izhevsk\STAFF\fr3\Z_STAFFORDERS!!NFORMRD09A DTS_NForm9a GP Цеховая ведомость.fr3".
Добавлен: "C:\Galaktika\_git\Izhevsk\STAFF\fr3\Z_STAFFORDERS!!NFORMRD09A DTS_NForm9a НИИМ Назначение надбавок(групповой).fr3".
Добавлен: "C:\Galaktika\_git\Izhevsk\STAFF\fr3\Z_STAFFORDERS!!NFORMRD10A DTS_NForm10a ЭМ Снятие надбавок(групповой).fr3".
Добавлен: "C:\Galaktika\_git\Izhevsk\STAFF\fr3\Z_STAFFORDERS!!NFORMRD14 DTS_RPD14 _ЭМ Приказ о досрочном завершении отпуска по уходу за ребенком.fr3".
Добавлен: "C:\Galaktika\_git\Izhevsk\STAFF\fr3\Z_STAFFORDERS!!NFORMRD20A DTS_NForm20a GP Цеховая ведомость.fr3".
Добавлен: "C:\Galaktika\_git\Izhevsk\STAFF\fr3\Z_STAFFORDERS!!NFORMRD20A DTS_NForm20a Приложение к приказу.fr3".
Добавлен: "C:\Galaktika\_git\Izhevsk\STAFF\fr3\Z_STAFFORDERS!!NFORMRD38A DTS_NFormRD38a ЭМ_Изменение план-графика отпусков (групповой).fr3".
Добавлен: "C:\Galaktika\_git\Izhevsk\STAFF\fr3\Z_STAFFORDERS!!NFORMRD39 DTS_NFormRD39 РПД42 Перенос отпуска.fr3".
Добавлен: "C:\Galaktika\_git\Izhevsk\STAFF\fr3\Z_STAFFORDERS!!NFORMRD44 DTS_RPD44 ЭМ Приказ о досрочном завершении временного замещения.fr3".
Добавлен: "C:\Galaktika\_git\Izhevsk\STAFF\fr3\Z_STAFFORDERS!!NFORMRD44A DTS_RPD44A ЭМ Приказ о досрочном завершении временного замещения (групповой).fr3".
Добавлен: "C:\Galaktika\_git\Izhevsk\STAFF\fr3\Z_STAFFRECRUITING!!PRINTDETAILONSTAFFSTRUCT dsPrintDetailOnStaffStruct Свободные и освобождаемые вакансии.fr3".
Добавлен: "C:\Galaktika\_git\Izhevsk\STAFF\fr3\Z_STAFFRECRUITING!!VACANCYLIST GP_DS_VacancyList Список вакансий (с суммой вакансий по отчету).fr3".
Добавлен: "C:\Galaktika\_git\Izhevsk\STAFF\fr3\Z_STAFFRECRUITING!!VACANCYLIST GP_DS_VacancyList Список вакансий.fr3".
Добавлен: "C:\Galaktika\_git\Izhevsk\STAFF\fr3\Z_STAFFREPORTS!!ATTJORN JRegAtt Журнал учета сотрудников ЭМ.fr3".
Добавлен: "C:\Galaktika\_git\Izhevsk\STAFF\fr3\Z_STAFFREPORTS!!ATTJORN JRegAtt Журнал учета сотрудников.fr3".
Добавлен: "C:\Galaktika\_git\Izhevsk\STAFF\fr3\Z_STAFFREPORTS!!CHANGPERSONS DSChange Журнал регистрации переводов сотрудников (ЭМ).fr3".
Добавлен: "C:\Galaktika\_git\Izhevsk\STAFF\fr3\Z_STAFFREPORTS!!CHANGPERSONS DSChange Журнал регистрации переводов сотрудников (с окладом) (ЭМ).fr3".
Добавлен: "C:\Galaktika\_git\Izhevsk\STAFF\fr3\Z_STAFFREPORTS!!GRAFIKOTPUSK dsReport График отпусков Факел.fr3".
Добавлен: "C:\Galaktika\_git\Izhevsk\STAFF\fr3\Z_STAFFREPORTS!!GRAFIKOTPUSK dsReport График отпусков ЭМ.fr3".
