
▓ Программа: "vip.exe"  Время запуска: 21:42:47 27/10/2025
▓ Исполняемый модуль: "C:\Galaktika\AVAZ\chumachenko\exe_vaz12_2\vip.exe"
▓ Система: Windows NT  Логин: "Дмитрий"  Станция: "LAPUS-VICTUS"

Менеджер динамической памяти ".SysUserHeap(.SysUser)"
Потеряно блоков: 5694, байтов: 2269712


▓ Программа: "vip64x.exe"  Время запуска: 21:45:18 27/10/2025
▓ Исполняемый модуль: "C:\Galaktika\AVAZ\chumachenko\6.0.09.0\exe\vip64x.exe"
▓ Система: Windows NT  Логин: "Дмитрий"  Станция: "LAPUS-VICTUS"

Класс окна "Atlantis Font Window" не был разрегистрирован: 1411
(Класс не существует)
 0000000014ECFB48: 00000001024CDD85 atlantis64x.rtl.1:000CCD85
 0000000014ECFB50: 000000006AA2B030 vision_w64x.dll.3:00028030
 0000000014ECFB98: 000000006A9FFBA8 vision_w64x.dll.2:00018BA8
 0000000014ECFBF0: 000000006A88CBA0 vision_w64x.dll.1:0000BBA0
 0000000014ECFC08: 000000006A88CBF5 vision_w64x.dll.1:0000BBF5
 0000000014ECFCD0: 000000006A88CBA0 vision_w64x.dll.1:0000BBA0
 0000000014ECFD40: 000000000120011E jitvip64x.dll.1:0000F11E

Контекст исполнения ".SysUser"
Потеряно хип-контекстов: 1
Потеряно серверных потоков: 1

Менеджер динамической памяти ".SysUserHeap(.SysUser)"
Потеряно блоков: 382447, байтов: 227723852


▓ Программа: "vip64x.exe"  Время запуска: 21:45:46 27/10/2025
▓ Исполняемый модуль: "C:\Galaktika\AVAZ\chumachenko\6.0.09.0\exe\vip64x.exe"
▓ Система: Windows NT  Логин: "Дмитрий"  Станция: "LAPUS-VICTUS"

Класс окна "Atlantis Font Window" не был разрегистрирован: 1411
(Класс не существует)
 0000000014E6FB48: 00000001024CDD85 atlantis64x.rtl.1:000CCD85
 0000000014E6FB50: 000000006AA2B030 vision_w64x.dll.3:00028030
 0000000014E6FB98: 000000006A9FFBA8 vision_w64x.dll.2:00018BA8
 0000000014E6FBF0: 000000006A88CBA0 vision_w64x.dll.1:0000BBA0
 0000000014E6FC08: 000000006A88CBF5 vision_w64x.dll.1:0000BBF5
 0000000014E6FCD0: 000000006A88CBA0 vision_w64x.dll.1:0000BBA0
 0000000014E6FD40: 000000000120011E forms_64x.dll.1:0004F11E

Контекст исполнения ".SysUser"
Потеряно хип-контекстов: 1
Потеряно серверных потоков: 1

Менеджер динамической памяти ".SysUserHeap(.SysUser)"
Потеряно блоков: 383002, байтов: 228299940


▓ Программа: "vip64x.exe"  Время запуска: 21:47:12 27/10/2025
▓ Исполняемый модуль: "C:\Galaktika\AVAZ\chumachenko\6.0.09.0\exe\vip64x.exe"
▓ Система: Windows NT

Контекст исполнения ".SysUser"
Потеряно хип-контекстов: 1

Менеджер динамической памяти ".SysUserHeap(.SysUser)"
Потеряно блоков: 47, байтов: 93140


▓ Программа: "vip64x.exe"  Время запуска: 09:23:45 08/11/2025
▓ Исполняемый модуль: "C:\Galaktika\AVAZ\chumachenko\6.0.09.0\exe\vip64x.exe"
▓ Система: Windows NT

Контекст исполнения ".SysUser"
Потеряно хип-контекстов: 1

Менеджер динамической памяти ".SysUserHeap(.SysUser)"
Потеряно блоков: 50, байтов: 93252


▓ Программа: "vip64x.exe"  Время запуска: 09:42:16 08/11/2025
▓ Исполняемый модуль: "C:\Galaktika\AVAZ\chumachenko\6.0.09.0\exe\vip64x.exe"
▓ Система: Windows NT  Логин: "Дмитрий"  Станция: "LAPUS-VICTUS"

Класс окна "Atlantis Font Window" не был разрегистрирован: 1411
(Класс не существует)
 0000000014E6FB48: 00000001024CDD85 atlantis64x.rtl.1:000CCD85
 0000000014E6FB50: 000000006AA2B030 vision_w64x.dll.3:00028030
 0000000014E6FB98: 000000006A9FFBA8 vision_w64x.dll.2:00018BA8
 0000000014E6FBF0: 000000006A88CBA0 vision_w64x.dll.1:0000BBA0
 0000000014E6FC08: 000000006A88CBF5 vision_w64x.dll.1:0000BBF5
 0000000014E6FCD0: 000000006A88CBA0 vision_w64x.dll.1:0000BBA0
 0000000014E6FD40: 000000000120011E jitvip64x.dll.6:0000211E

Контекст исполнения ".SysUser"
Потеряно хип-контекстов: 1
Потеряно серверных потоков: 1

Менеджер динамической памяти ".SysUserHeap(.SysUser)"
Потеряно блоков: 381863, байтов: 228252500


▓ Программа: "vip64x.exe"  Время запуска: 09:42:40 08/11/2025
▓ Исполняемый модуль: "C:\Galaktika\AVAZ\chumachenko\6.0.09.0\exe\vip64x.exe"
▓ Система: Windows NT

Контекст исполнения ".SysUser"
Потеряно хип-контекстов: 1

Менеджер динамической памяти ".SysUserHeap(.SysUser)"
Потеряно блоков: 50, байтов: 93248


▓ Программа: "vip64x.exe"  Время запуска: 09:43:29 08/11/2025
▓ Исполняемый модуль: "C:\Galaktika\AVAZ\chumachenko\6.0.09.0\exe\vip64x.exe"
▓ Система: Windows NT

Контекст исполнения ".SysUser"
Потеряно хип-контекстов: 1

Менеджер динамической памяти ".SysUserHeap(.SysUser)"
Потеряно блоков: 50, байтов: 93256


▓ Программа: "vip64x.exe"  Время запуска: 09:44:18 08/11/2025
▓ Исполняемый модуль: "C:\Galaktika\AVAZ\chumachenko\6.0.09.0\exe\vip64x.exe"
▓ Система: Windows NT

Контекст исполнения ".SysUser"
Потеряно хип-контекстов: 1

Менеджер динамической памяти ".SysUserHeap(.SysUser)"
Потеряно блоков: 50, байтов: 93272


▓ Программа: "vip64x.exe"  Время запуска: 09:44:32 08/11/2025
▓ Исполняемый модуль: "C:\Galaktika\AVAZ\chumachenko\6.0.09.0\exe\vip64x.exe"
▓ Система: Windows NT

Контекст исполнения ".SysUser"
Потеряно хип-контекстов: 1

Менеджер динамической памяти ".SysUserHeap(.SysUser)"
Потеряно блоков: 50, байтов: 93272


▓ Программа: "vip64x.exe"  Время запуска: 09:44:42 08/11/2025
▓ Исполняемый модуль: "C:\Galaktika\AVAZ\chumachenko\6.0.09.0\exe\vip64x.exe"
▓ Система: Windows NT

Контекст исполнения ".SysUser"
Потеряно хип-контекстов: 1

Менеджер динамической памяти ".SysUserHeap(.SysUser)"
Потеряно блоков: 50, байтов: 93268


▓ Программа: "vip64x.exe"  Время запуска: 09:44:57 08/11/2025
▓ Исполняемый модуль: "C:\Galaktika\AVAZ\chumachenko\6.0.09.0\exe\vip64x.exe"
▓ Система: Windows NT

Контекст исполнения ".SysUser"
Потеряно хип-контекстов: 1

Менеджер динамической памяти ".SysUserHeap(.SysUser)"
Потеряно блоков: 50, байтов: 93260


▓ Программа: "vip64x.exe"  Время запуска: 09:45:32 08/11/2025
▓ Исполняемый модуль: "C:\Galaktika\AVAZ\chumachenko\6.0.09.0\exe\vip64x.exe"
▓ Система: Windows NT

Контекст исполнения ".SysUser"
Потеряно хип-контекстов: 1

Менеджер динамической памяти ".SysUserHeap(.SysUser)"
Потеряно блоков: 50, байтов: 93248


▓ Программа: "vip64x.exe"  Время запуска: 09:46:39 08/11/2025
▓ Исполняемый модуль: "C:\Galaktika\AVAZ\chumachenko\6.0.09.0\exe\vip64x.exe"
▓ Система: Windows NT

Контекст исполнения ".SysUser"
Потеряно хип-контекстов: 1

Менеджер динамической памяти ".SysUserHeap(.SysUser)"
Потеряно блоков: 50, байтов: 93248


▓ Программа: "vip64x.exe"  Время запуска: 09:47:04 08/11/2025
▓ Исполняемый модуль: "C:\Galaktika\AVAZ\chumachenko\6.0.09.0\exe\vip64x.exe"
▓ Система: Windows NT

Контекст исполнения ".SysUser"
Потеряно хип-контекстов: 1

Менеджер динамической памяти ".SysUserHeap(.SysUser)"
Потеряно блоков: 50, байтов: 93264


▓ Программа: "vip64x.exe"  Время запуска: 09:53:06 08/11/2025
▓ Исполняемый модуль: "C:\Galaktika\AVAZ\chumachenko\6.0.09.0\exe\vip64x.exe"
▓ Система: Windows NT  Логин: "Дмитрий"  Станция: "LAPUS-VICTUS"

Класс окна "Atlantis Font Window" не был разрегистрирован: 1411
(Класс не существует)
 0000000014B2FB48: 00000001024CDD85 atlantis64x.rtl.1:000CCD85
 0000000014B2FB50: 000000006AA2B030 vision_w64x.dll.3:00028030
 0000000014B2FB98: 000000006A9FFBA8 vision_w64x.dll.2:00018BA8
 0000000014B2FBF0: 000000006A88CBA0 vision_w64x.dll.1:0000BBA0
 0000000014B2FC08: 000000006A88CBF5 vision_w64x.dll.1:0000BBF5
 0000000014B2FCD0: 000000006A88CBA0 vision_w64x.dll.1:0000BBA0
 0000000014B2FD40: 000000000120011E jitvip64x.dll.6:0000211E

Контекст исполнения ".SysUser"
Потеряно хип-контекстов: 1
Потеряно серверных потоков: 1

Менеджер динамической памяти ".SysUserHeap(.SysUser)"
Потеряно блоков: 383711, байтов: 228542120


▓ Программа: "vip64x.exe"  Время запуска: 09:54:27 08/11/2025
▓ Исполняемый модуль: "C:\Galaktika\AVAZ\chumachenko\6.0.09.0\exe\vip64x.exe"
▓ Система: Windows NT  Логин: "Дмитрий"  Станция: "LAPUS-VICTUS"

Класс окна "Atlantis Font Window" не был разрегистрирован: 1411
(Класс не существует)
 0000000014E8FB48: 00000001024CDD85 atlantis64x.rtl.1:000CCD85
 0000000014E8FB50: 000000006AA2B030 vision_w64x.dll.3:00028030
 0000000014E8FB98: 000000006A9FFBA8 vision_w64x.dll.2:00018BA8
 0000000014E8FBF0: 000000006A88CBA0 vision_w64x.dll.1:0000BBA0
 0000000014E8FC08: 000000006A88CBF5 vision_w64x.dll.1:0000BBF5
 0000000014E8FCD0: 000000006A88CBA0 vision_w64x.dll.1:0000BBA0

Контекст исполнения ".SysUser"
Потеряно хип-контекстов: 1
Потеряно серверных потоков: 1

Менеджер динамической памяти ".SysUserHeap(.SysUser)"
Потеряно блоков: 383711, байтов: 228542420


▓ Программа: "vip64x.exe"  Время запуска: 09:54:57 08/11/2025
▓ Исполняемый модуль: "C:\Galaktika\AVAZ\chumachenko\6.0.09.0\exe\vip64x.exe"
▓ Система: Windows NT

Контекст исполнения ".SysUser"
Потеряно хип-контекстов: 1

Менеджер динамической памяти ".SysUserHeap(.SysUser)"
Потеряно блоков: 50, байтов: 93252


▓ Программа: "vip64x.exe"  Время запуска: 10:07:17 08/11/2025
▓ Исполняемый модуль: "C:\Galaktika\AVAZ\chumachenko\6.0.09.0\exe\vip64x.exe"
▓ Система: Windows NT

Контекст исполнения ".SysUser"
Потеряно хип-контекстов: 1

Менеджер динамической памяти ".SysUserHeap(.SysUser)"
Потеряно блоков: 44, байтов: 92248


▓ Программа: "vip64x.exe"  Время запуска: 10:40:21 08/11/2025
▓ Исполняемый модуль: "C:\Galaktika\AVAZ\chumachenko\6.0.09.0\exe\vip64x.exe"
▓ Система: Windows NT

Контекст исполнения ".SysUser"
Потеряно хип-контекстов: 1

Менеджер динамической памяти ".SysUserHeap(.SysUser)"
Потеряно блоков: 44, байтов: 92232


▓ Программа: "vip64x.exe"  Время запуска: 09:55:14 08/11/2025
▓ Исполняемый модуль: "C:\Galaktika\AVAZ\chumachenko\6.0.09.0\exe\vip64x.exe"
▓ Система: Windows NT  Логин: "Дмитрий"  Станция: "LAPUS-VICTUS"

Класс окна "Atlantis Font Window" не был разрегистрирован: 1411
(Класс не существует)
 0000000000A8FB48: 00000001024CDD85 atlantis64x.rtl.1:000CCD85
 0000000000A8FB50: 000000006AA2B030 vision_w64x.dll.3:00028030
 0000000000A8FB98: 000000006A9FFBA8 vision_w64x.dll.2:00018BA8
 0000000000A8FBF0: 000000006A88CBA0 vision_w64x.dll.1:0000BBA0
 0000000000A8FC08: 000000006A88CBF5 vision_w64x.dll.1:0000BBF5
 0000000000A8FCD0: 000000006A88CBA0 vision_w64x.dll.1:0000BBA0

Контекст исполнения ".SysUser"
Потеряно хип-контекстов: 1
Потеряно серверных потоков: 1

Менеджер динамической памяти ".SysUserHeap(.SysUser)"
Потеряно блоков: 383983, байтов: 228561264


▓ Программа: "vip64x.exe"  Время запуска: 10:40:35 08/11/2025
▓ Исполняемый модуль: "C:\Galaktika\AVAZ\chumachenko\6.0.09.0\exe\vip64x.exe"
▓ Система: Windows NT  Логин: "Дмитрий"  Станция: "LAPUS-VICTUS"

Класс окна "Atlantis Font Window" не был разрегистрирован: 1411
(Класс не существует)
 0000000014E8FB48: 00000001024CDD85 atlantis64x.rtl.1:000CCD85
 0000000014E8FB50: 000000006AA2B030 vision_w64x.dll.3:00028030
 0000000014E8FB98: 000000006A9FFBA8 vision_w64x.dll.2:00018BA8
 0000000014E8FBF0: 000000006A88CBA0 vision_w64x.dll.1:0000BBA0
 0000000014E8FC08: 000000006A88CBF5 vision_w64x.dll.1:0000BBF5
 0000000014E8FCD0: 000000006A88CBA0 vision_w64x.dll.1:0000BBA0
 0000000014E8FD40: 000000000120011E jitvip64x.dll.6:0000211E

Контекст исполнения ".SysUser"
Потеряно хип-контекстов: 1
Потеряно серверных потоков: 1

Менеджер динамической памяти ".SysUserHeap(.SysUser)"
Потеряно блоков: 384026, байтов: 228563132


▓ Программа: "vip64x.exe"  Время запуска: 10:41:33 08/11/2025
▓ Исполняемый модуль: "C:\Galaktika\AVAZ\chumachenko\6.0.09.0\exe\vip64x.exe"
▓ Система: Windows NT  Логин: "Дмитрий"  Станция: "LAPUS-VICTUS"

Класс окна "Atlantis Font Window" не был разрегистрирован: 1411
(Класс не существует)
 0000000014A3FB48: 00000001024CDD85 atlantis64x.rtl.1:000CCD85
 0000000014A3FB50: 000000006AA2B030 vision_w64x.dll.3:00028030
 0000000014A3FB98: 000000006A9FFBA8 vision_w64x.dll.2:00018BA8
 0000000014A3FBF0: 000000006A88CBA0 vision_w64x.dll.1:0000BBA0
 0000000014A3FC08: 000000006A88CBF5 vision_w64x.dll.1:0000BBF5
 0000000014A3FCD0: 000000006A88CBA0 vision_w64x.dll.1:0000BBA0

Контекст исполнения ".SysUser"
Потеряно хип-контекстов: 1
Потеряно серверных потоков: 1

Менеджер динамической памяти ".SysUserHeap(.SysUser)"
Потеряно блоков: 380632, байтов: 228294840


▓ Программа: "vip64x.exe"  Время запуска: 10:43:58 08/11/2025
▓ Исполняемый модуль: "C:\Galaktika\AVAZ\chumachenko\6.0.09.0\exe\vip64x.exe"
▓ Система: Windows NT

Контекст исполнения ".SysUser"
Потеряно хип-контекстов: 1

Менеджер динамической памяти ".SysUserHeap(.SysUser)"
Потеряно блоков: 47, байтов: 93140


▓ Программа: "vip64x.exe"  Время запуска: 10:44:21 08/11/2025
▓ Исполняемый модуль: "C:\Galaktika\AVAZ\chumachenko\6.0.09.0\exe\vip64x.exe"
▓ Система: Windows NT

Контекст исполнения ".SysUser"
Потеряно хип-контекстов: 1

Менеджер динамической памяти ".SysUserHeap(.SysUser)"
Потеряно блоков: 51, байтов: 93288


▓ Программа: "vip64x.exe"  Время запуска: 10:45:13 08/11/2025
▓ Исполняемый модуль: "C:\Galaktika\AVAZ\chumachenko\6.0.09.0\exe\vip64x.exe"
▓ Система: Windows NT  Логин: "Дмитрий"  Станция: "LAPUS-VICTUS"

Класс окна "Atlantis Font Window" не был разрегистрирован: 1411
(Класс не существует)
 0000000014E8FB48: 00000001024CDD85 atlantis64x.rtl.1:000CCD85
 0000000014E8FB50: 000000006AA2B030 vision_w64x.dll.3:00028030
 0000000014E8FB98: 000000006A9FFBA8 vision_w64x.dll.2:00018BA8
 0000000014E8FBF0: 000000006A88CBA0 vision_w64x.dll.1:0000BBA0
 0000000014E8FC08: 000000006A88CBF5 vision_w64x.dll.1:0000BBF5
 0000000014E8FCD0: 000000006A88CBA0 vision_w64x.dll.1:0000BBA0

Контекст исполнения ".SysUser"
Потеряно хип-контекстов: 1
Потеряно серверных потоков: 1

Менеджер динамической памяти ".SysUserHeap(.SysUser)"
Потеряно блоков: 380553, байтов: 228289208


▓ Программа: "vip64x.exe"  Время запуска: 10:47:28 08/11/2025
▓ Исполняемый модуль: "C:\Galaktika\AVAZ\chumachenko\6.0.09.0\exe\vip64x.exe"
▓ Система: Windows NT  Логин: "Дмитрий"  Станция: "LAPUS-VICTUS"

Класс окна "Atlantis Font Window" не был разрегистрирован: 1411
(Класс не существует)
 0000000014F2FB48: 00000001024CDD85 atlantis64x.rtl.1:000CCD85
 0000000014F2FB50: 000000006AA2B030 vision_w64x.dll.3:00028030
 0000000014F2FB98: 000000006A9FFBA8 vision_w64x.dll.2:00018BA8
 0000000014F2FBF0: 000000006A88CBA0 vision_w64x.dll.1:0000BBA0
 0000000014F2FC08: 000000006A88CBF5 vision_w64x.dll.1:0000BBF5
 0000000014F2FCD0: 000000006A88CBA0 vision_w64x.dll.1:0000BBA0

Контекст исполнения ".SysUser"
Потеряно хип-контекстов: 1
Потеряно серверных потоков: 1

Менеджер динамической памяти ".SysUserHeap(.SysUser)"
Потеряно блоков: 379781, байтов: 226810864


▓ Программа: "vip64x.exe"  Время запуска: 10:47:51 08/11/2025
▓ Исполняемый модуль: "C:\Galaktika\AVAZ\chumachenko\6.0.09.0\exe\vip64x.exe"
▓ Система: Windows NT  Логин: "Дмитрий"  Станция: "LAPUS-VICTUS"

Класс окна "Atlantis Font Window" не был разрегистрирован: 1411
(Класс не существует)
 0000000014ABFB48: 00000001024CDD85 atlantis64x.rtl.1:000CCD85
 0000000014ABFB50: 000000006AA2B030 vision_w64x.dll.3:00028030
 0000000014ABFB98: 000000006A9FFBA8 vision_w64x.dll.2:00018BA8
 0000000014ABFBF0: 000000006A88CBA0 vision_w64x.dll.1:0000BBA0
 0000000014ABFC08: 000000006A88CBF5 vision_w64x.dll.1:0000BBF5
 0000000014ABFCD0: 000000006A88CBA0 vision_w64x.dll.1:0000BBA0
 0000000014ABFD40: 000000000120011E jitvip64x.dll.6:0000211E

Контекст исполнения ".SysUser"
Потеряно хип-контекстов: 1
Потеряно серверных потоков: 1

Менеджер динамической памяти ".SysUserHeap(.SysUser)"
Потеряно блоков: 384786, байтов: 228515308


▓ Программа: "vip64x.exe"  Время запуска: 10:54:36 08/11/2025
▓ Исполняемый модуль: "C:\Galaktika\AVAZ\chumachenko\6.0.09.0\exe\vip64x.exe"
▓ Система: Windows NT  Логин: "Дмитрий"  Станция: "LAPUS-VICTUS"

Класс окна "Atlantis Font Window" не был разрегистрирован: 1411
(Класс не существует)
 0000000014A9FB48: 00000001024CDD85 atlantis64x.rtl.1:000CCD85
 0000000014A9FB50: 000000006AA2B030 vision_w64x.dll.3:00028030
 0000000014A9FB98: 000000006A9FFBA8 vision_w64x.dll.2:00018BA8
 0000000014A9FBF0: 000000006A88CBA0 vision_w64x.dll.1:0000BBA0
 0000000014A9FC08: 000000006A88CBF5 vision_w64x.dll.1:0000BBF5
 0000000014A9FCD0: 000000006A88CBA0 vision_w64x.dll.1:0000BBA0

Контекст исполнения ".SysUser"
Потеряно хип-контекстов: 1
Потеряно серверных потоков: 1

Менеджер динамической памяти ".SysUserHeap(.SysUser)"
Потеряно блоков: 383895, байтов: 227007108


▓ Программа: "vip64x.exe"  Время запуска: 10:56:02 08/11/2025
▓ Исполняемый модуль: "C:\Galaktika\AVAZ\chumachenko\6.0.09.0\exe\vip64x.exe"
▓ Система: Windows NT  Логин: "Дмитрий"  Станция: "LAPUS-VICTUS"

Класс окна "Atlantis Font Window" не был разрегистрирован: 1411
(Класс не существует)
 0000000014A6FB48: 00000001024CDD85 atlantis64x.rtl.1:000CCD85
 0000000014A6FB50: 000000006AA2B030 vision_w64x.dll.3:00028030
 0000000014A6FB98: 000000006A9FFBA8 vision_w64x.dll.2:00018BA8
 0000000014A6FBF0: 000000006A88CBA0 vision_w64x.dll.1:0000BBA0
 0000000014A6FC08: 000000006A88CBF5 vision_w64x.dll.1:0000BBF5
 0000000014A6FCD0: 000000006A88CBA0 vision_w64x.dll.1:0000BBA0
 0000000014A6FD40: 000000000120011E jitvip64x.dll.6:0000211E

Контекст исполнения ".SysUser"
Потеряно хип-контекстов: 1
Потеряно серверных потоков: 1

Менеджер динамической памяти ".SysUserHeap(.SysUser)"
Потеряно блоков: 383895, байтов: 227007448


▓ Программа: "vip64x.exe"  Время запуска: 10:56:18 08/11/2025
▓ Исполняемый модуль: "C:\Galaktika\AVAZ\chumachenko\6.0.09.0\exe\vip64x.exe"
▓ Система: Windows NT  Логин: "Дмитрий"  Станция: "LAPUS-VICTUS"

Класс окна "Atlantis Font Window" не был разрегистрирован: 1411
(Класс не существует)
 0000000014A7FB48: 00000001024CDD85 atlantis64x.rtl.1:000CCD85
 0000000014A7FB50: 000000006AA2B030 vision_w64x.dll.3:00028030
 0000000014A7FB98: 000000006A9FFBA8 vision_w64x.dll.2:00018BA8
 0000000014A7FBF0: 000000006A88CBA0 vision_w64x.dll.1:0000BBA0
 0000000014A7FC08: 000000006A88CBF5 vision_w64x.dll.1:0000BBF5
 0000000014A7FCD0: 000000006A88CBA0 vision_w64x.dll.1:0000BBA0

Контекст исполнения ".SysUser"
Потеряно хип-контекстов: 1
Потеряно серверных потоков: 1

Менеджер динамической памяти ".SysUserHeap(.SysUser)"
Потеряно блоков: 384776, байтов: 228514492


▓ Программа: "vip64x.exe"  Время запуска: 10:57:58 08/11/2025
▓ Исполняемый модуль: "C:\Galaktika\AVAZ\chumachenko\6.0.09.0\exe\vip64x.exe"
▓ Система: Windows NT  Логин: "Дмитрий"  Станция: "LAPUS-VICTUS"

Класс окна "Atlantis Font Window" не был разрегистрирован: 1411
(Класс не существует)
 0000000014E4FB48: 00000001024CDD85 atlantis64x.rtl.1:000CCD85
 0000000014E4FB50: 000000006AA2B030 vision_w64x.dll.3:00028030
 0000000014E4FB98: 000000006A9FFBA8 vision_w64x.dll.2:00018BA8
 0000000014E4FBF0: 000000006A88CBA0 vision_w64x.dll.1:0000BBA0
 0000000014E4FC08: 000000006A88CBF5 vision_w64x.dll.1:0000BBF5
 0000000014E4FCD0: 000000006A88CBA0 vision_w64x.dll.1:0000BBA0

Контекст исполнения ".SysUser"
Потеряно хип-контекстов: 1
Потеряно серверных потоков: 1

Менеджер динамической памяти ".SysUserHeap(.SysUser)"
Потеряно блоков: 386885, байтов: 227696452


▓ Программа: "vip64x.exe"  Время запуска: 11:05:52 08/11/2025
▓ Исполняемый модуль: "C:\Galaktika\AVAZ\chumachenko\6.0.09.0\exe\vip64x.exe"
▓ Система: Windows NT  Логин: "Дмитрий"  Станция: "LAPUS-VICTUS"

Класс окна "Atlantis Font Window" не был разрегистрирован: 1411
(Класс не существует)
 00000000009FFB48: 00000001024CDD85 atlantis64x.rtl.1:000CCD85
 00000000009FFB50: 000000006AA2B030 vision_w64x.dll.3:00028030
 00000000009FFB98: 000000006A9FFBA8 vision_w64x.dll.2:00018BA8
 00000000009FFBF0: 000000006A88CBA0 vision_w64x.dll.1:0000BBA0
 00000000009FFC08: 000000006A88CBF5 vision_w64x.dll.1:0000BBF5
 00000000009FFCD0: 000000006A88CBA0 vision_w64x.dll.1:0000BBA0
 00000000009FFD40: 000000000120011E jitvip64x.dll.6:0000211E

Контекст исполнения ".SysUser"
Потеряно хип-контекстов: 1
Потеряно серверных потоков: 1

Менеджер динамической памяти ".SysUserHeap(.SysUser)"
Потеряно блоков: 384718, байтов: 228508664


▓ Программа: "vip64x.exe"  Время запуска: 11:06:58 08/11/2025
▓ Исполняемый модуль: "C:\Galaktika\AVAZ\chumachenko\6.0.09.0\exe\vip64x.exe"
▓ Система: Windows NT

Контекст исполнения ".SysUser"
Потеряно хип-контекстов: 1

Менеджер динамической памяти ".SysUserHeap(.SysUser)"
Потеряно блоков: 50, байтов: 93256


▓ Программа: "vip64x.exe"  Время запуска: 11:07:11 08/11/2025
▓ Исполняемый модуль: "C:\Galaktika\AVAZ\chumachenko\6.0.09.0\exe\vip64x.exe"
▓ Система: Windows NT

Контекст исполнения ".SysUser"
Потеряно хип-контекстов: 1

Менеджер динамической памяти ".SysUserHeap(.SysUser)"
Потеряно блоков: 54, байтов: 93416


▓ Программа: "vip64x.exe"  Время запуска: 11:07:19 08/11/2025
▓ Исполняемый модуль: "C:\Galaktika\AVAZ\chumachenko\6.0.09.0\exe\vip64x.exe"
▓ Система: Windows NT

Контекст исполнения ".SysUser"
Потеряно хип-контекстов: 1

Менеджер динамической памяти ".SysUserHeap(.SysUser)"
Потеряно блоков: 51, байтов: 93276


▓ Программа: "vip64x.exe"  Время запуска: 11:07:32 08/11/2025
▓ Исполняемый модуль: "C:\Galaktika\AVAZ\chumachenko\6.0.09.0\exe\vip64x.exe"
▓ Система: Windows NT

Контекст исполнения ".SysUser"
Потеряно хип-контекстов: 1

Менеджер динамической памяти ".SysUserHeap(.SysUser)"
Потеряно блоков: 51, байтов: 93276


▓ Программа: "vip64x.exe"  Время запуска: 11:07:42 08/11/2025
▓ Исполняемый модуль: "C:\Galaktika\AVAZ\chumachenko\6.0.09.0\exe\vip64x.exe"
▓ Система: Windows NT

Контекст исполнения ".SysUser"
Потеряно хип-контекстов: 1

Менеджер динамической памяти ".SysUserHeap(.SysUser)"
Потеряно блоков: 50, байтов: 93264


▓ Программа: "vip64x.exe"  Время запуска: 11:10:50 08/11/2025
▓ Исполняемый модуль: "C:\Galaktika\AVAZ\chumachenko\6.0.09.0\exe\vip64x.exe"
▓ Система: Windows NT

Контекст исполнения ".SysUser"
Потеряно хип-контекстов: 1

Менеджер динамической памяти ".SysUserHeap(.SysUser)"
Потеряно блоков: 54, байтов: 93432


▓ Программа: "vip64x.exe"  Время запуска: 11:13:31 08/11/2025
▓ Исполняемый модуль: "C:\Galaktika\AVAZ\chumachenko\6.0.09.0\exe\vip64x.exe"
▓ Система: Windows NT

Контекст исполнения ".SysUser"
Потеряно хип-контекстов: 1

Менеджер динамической памяти ".SysUserHeap(.SysUser)"
Потеряно блоков: 51, байтов: 93272


▓ Программа: "vip64x.exe"  Время запуска: 11:13:50 08/11/2025
▓ Исполняемый модуль: "C:\Galaktika\AVAZ\chumachenko\6.0.09.0\exe\vip64x.exe"
▓ Система: Windows NT

Контекст исполнения ".SysUser"
Потеряно хип-контекстов: 1

Менеджер динамической памяти ".SysUserHeap(.SysUser)"
Потеряно блоков: 53, байтов: 93388


▓ Программа: "vip64x.exe"  Время запуска: 11:14:20 08/11/2025
▓ Исполняемый модуль: "C:\Galaktika\AVAZ\chumachenko\6.0.09.0\exe\vip64x.exe"
▓ Система: Windows NT

Контекст исполнения ".SysUser"
Потеряно хип-контекстов: 1

Менеджер динамической памяти ".SysUserHeap(.SysUser)"
Потеряно блоков: 53, байтов: 93396


▓ Программа: "vip64x.exe"  Время запуска: 11:14:31 08/11/2025
▓ Исполняемый модуль: "C:\Galaktika\AVAZ\chumachenko\6.0.09.0\exe\vip64x.exe"
▓ Система: Windows NT

Контекст исполнения ".SysUser"
Потеряно хип-контекстов: 1

Менеджер динамической памяти ".SysUserHeap(.SysUser)"
Потеряно блоков: 53, байтов: 93404


▓ Программа: "vip64x.exe"  Время запуска: 11:14:42 08/11/2025
▓ Исполняемый модуль: "C:\Galaktika\AVAZ\chumachenko\6.0.09.0\exe\vip64x.exe"
▓ Система: Windows NT

Контекст исполнения ".SysUser"
Потеряно хип-контекстов: 1

Менеджер динамической памяти ".SysUserHeap(.SysUser)"
Потеряно блоков: 53, байтов: 93388


▓ Программа: "vip64x.exe"  Время запуска: 11:15:33 08/11/2025
▓ Исполняемый модуль: "C:\Galaktika\AVAZ\chumachenko\6.0.09.0\exe\vip64x.exe"
▓ Система: Windows NT

Контекст исполнения ".SysUser"
Потеряно хип-контекстов: 1

Менеджер динамической памяти ".SysUserHeap(.SysUser)"
Потеряно блоков: 55, байтов: 93460


▓ Программа: "vip64x.exe"  Время запуска: 11:16:12 08/11/2025
▓ Исполняемый модуль: "C:\Galaktika\AVAZ\chumachenko\6.0.09.0\exe\vip64x.exe"
▓ Система: Windows NT

Контекст исполнения ".SysUser"
Потеряно хип-контекстов: 1

Менеджер динамической памяти ".SysUserHeap(.SysUser)"
Потеряно блоков: 55, байтов: 93460


▓ Программа: "vip64x.exe"  Время запуска: 11:16:36 08/11/2025
▓ Исполняемый модуль: "C:\Galaktika\AVAZ\chumachenko\6.0.09.0\exe\vip64x.exe"
▓ Система: Windows NT

Контекст исполнения ".SysUser"
Потеряно хип-контекстов: 1

Менеджер динамической памяти ".SysUserHeap(.SysUser)"
Потеряно блоков: 55, байтов: 93456


▓ Программа: "vip64x.exe"  Время запуска: 11:18:45 08/11/2025
▓ Исполняемый модуль: "C:\Galaktika\AVAZ\chumachenko\6.0.09.0\exe\vip64x.exe"
▓ Система: Windows NT

Контекст исполнения ".SysUser"
Потеряно хип-контекстов: 1

Менеджер динамической памяти ".SysUserHeap(.SysUser)"
Потеряно блоков: 55, байтов: 93464


▓ Программа: "vip64x.exe"  Время запуска: 11:18:57 08/11/2025
▓ Исполняемый модуль: "C:\Galaktika\AVAZ\chumachenko\6.0.09.0\exe\vip64x.exe"
▓ Система: Windows NT  Логин: "Дмитрий"  Станция: "LAPUS-VICTUS"

Класс окна "Atlantis Font Window" не был разрегистрирован: 1411
(Класс не существует)
 00000000152DFB48: 00000001024CDD85 atlantis64x.rtl.1:000CCD85
 00000000152DFB50: 000000006AA2B030 vision_w64x.dll.3:00028030
 00000000152DFB98: 000000006A9FFBA8 vision_w64x.dll.2:00018BA8
 00000000152DFBF0: 000000006A88CBA0 vision_w64x.dll.1:0000BBA0
 00000000152DFC08: 000000006A88CBF5 vision_w64x.dll.1:0000BBF5
 00000000152DFCD0: 000000006A88CBA0 vision_w64x.dll.1:0000BBA0
 00000000152DFD40: 000000000120011E jitvip64x.dll.6:0000211E

Контекст исполнения ".SysUser"
Потеряно хип-контекстов: 1
Потеряно серверных потоков: 1

Менеджер динамической памяти ".SysUserHeap(.SysUser)"
Потеряно блоков: 406209, байтов: 230045068


▓ Программа: "vip64x.exe"  Время запуска: 11:19:38 08/11/2025
▓ Исполняемый модуль: "C:\Galaktika\AVAZ\chumachenko\6.0.09.0\exe\vip64x.exe"
▓ Система: Windows NT  Логин: "Дмитрий"  Станция: "LAPUS-VICTUS"

Класс окна "Atlantis Font Window" не был разрегистрирован: 1411
(Класс не существует)
 00000000152DFB48: 00000001024CDD85 atlantis64x.rtl.1:000CCD85
 00000000152DFB50: 000000006AA2B030 vision_w64x.dll.3:00028030
 00000000152DFB98: 000000006A9FFBA8 vision_w64x.dll.2:00018BA8
 00000000152DFBF0: 000000006A88CBA0 vision_w64x.dll.1:0000BBA0
 00000000152DFC08: 000000006A88CBF5 vision_w64x.dll.1:0000BBF5
 00000000152DFCD0: 000000006A88CBA0 vision_w64x.dll.1:0000BBA0
 00000000152DFD40: 000000000120011E jitvip64x.dll.6:0000211E

Контекст исполнения ".SysUser"
Потеряно хип-контекстов: 1
Потеряно серверных потоков: 1

Менеджер динамической памяти ".SysUserHeap(.SysUser)"
Потеряно блоков: 408800, байтов: 230231904


▓ Программа: "vip64x.exe"  Время запуска: 11:20:27 08/11/2025
▓ Исполняемый модуль: "C:\Galaktika\AVAZ\chumachenko\6.0.09.0\exe\vip64x.exe"
▓ Система: Windows NT  Логин: "Дмитрий"  Станция: "LAPUS-VICTUS"

Класс окна "Atlantis Font Window" не был разрегистрирован: 1411
(Класс не существует)
 0000000014E6FB48: 00000001024CDD85 atlantis64x.rtl.1:000CCD85
 0000000014E6FB50: 000000006AA2B030 vision_w64x.dll.3:00028030
 0000000014E6FB98: 000000006A9FFBA8 vision_w64x.dll.2:00018BA8
 0000000014E6FBF0: 000000006A88CBA0 vision_w64x.dll.1:0000BBA0
 0000000014E6FC08: 000000006A88CBF5 vision_w64x.dll.1:0000BBF5
 0000000014E6FCD0: 000000006A88CBA0 vision_w64x.dll.1:0000BBA0
 0000000014E6FD40: 000000000120011E jitvip64x.dll.6:0000211E

Контекст исполнения ".SysUser"
Потеряно хип-контекстов: 1
Потеряно серверных потоков: 1

Менеджер динамической памяти ".SysUserHeap(.SysUser)"
Потеряно блоков: 406402, байтов: 230099548


▓ Программа: "vip64x.exe"  Время запуска: 11:20:45 08/11/2025
▓ Исполняемый модуль: "C:\Galaktika\AVAZ\chumachenko\6.0.09.0\exe\vip64x.exe"
▓ Система: Windows NT

Контекст исполнения ".SysUser"
Потеряно хип-контекстов: 1

Менеджер динамической памяти ".SysUserHeap(.SysUser)"
Потеряно блоков: 58, байтов: 93580


▓ Программа: "vip64x.exe"  Время запуска: 11:21:24 08/11/2025
▓ Исполняемый модуль: "C:\Galaktika\AVAZ\chumachenko\6.0.09.0\exe\vip64x.exe"
▓ Система: Windows NT  Логин: "Дмитрий"  Станция: "LAPUS-VICTUS"

Класс окна "Atlantis Font Window" не был разрегистрирован: 1411
(Класс не существует)
 0000000014F1FB48: 00000001024CDD85 atlantis64x.rtl.1:000CCD85
 0000000014F1FB50: 000000006AA2B030 vision_w64x.dll.3:00028030
 0000000014F1FB98: 000000006A9FFBA8 vision_w64x.dll.2:00018BA8
 0000000014F1FBF0: 000000006A88CBA0 vision_w64x.dll.1:0000BBA0
 0000000014F1FC08: 000000006A88CBF5 vision_w64x.dll.1:0000BBF5
 0000000014F1FCD0: 000000006A88CBA0 vision_w64x.dll.1:0000BBA0
 0000000014F1FD40: 000000000120011E jitvip64x.dll.1:0000F11E

Контекст исполнения ".SysUser"
Потеряно хип-контекстов: 1
Потеряно серверных потоков: 1

Менеджер динамической памяти ".SysUserHeap(.SysUser)"
Потеряно блоков: 409391, байтов: 230292952


▓ Программа: "vip64x.exe"  Время запуска: 11:22:17 08/11/2025
▓ Исполняемый модуль: "C:\Galaktika\AVAZ\chumachenko\6.0.09.0\exe\vip64x.exe"
▓ Система: Windows NT

Контекст исполнения ".SysUser"
Потеряно хип-контекстов: 1

Менеджер динамической памяти ".SysUserHeap(.SysUser)"
Потеряно блоков: 58, байтов: 93584


▓ Программа: "vip64x.exe"  Время запуска: 11:27:41 08/11/2025
▓ Исполняемый модуль: "C:\Galaktika\AVAZ\chumachenko\6.0.09.0\exe\vip64x.exe"
▓ Система: Windows NT

Контекст исполнения ".SysUser"
Потеряно хип-контекстов: 1

Менеджер динамической памяти ".SysUserHeap(.SysUser)"
Потеряно блоков: 60, байтов: 93616


▓ Программа: "vip64x.exe"  Время запуска: 11:30:50 08/11/2025
▓ Исполняемый модуль: "C:\Galaktika\AVAZ\chumachenko\6.0.09.0\exe\vip64x.exe"
▓ Система: Windows NT

Контекст исполнения ".SysUser"
Потеряно хип-контекстов: 1

Менеджер динамической памяти ".SysUserHeap(.SysUser)"
Потеряно блоков: 60, байтов: 93620


▓ Программа: "vip64x.exe"  Время запуска: 11:57:30 08/11/2025
▓ Исполняемый модуль: "C:\Galaktika\AVAZ\chumachenko\6.0.09.0\exe\vip64x.exe"
▓ Система: Windows NT  Логин: "Дмитрий"  Станция: "LAPUS-VICTUS"

Класс окна "Atlantis Font Window" не был разрегистрирован: 1411
(Класс не существует)
 0000000014E5FB48: 00000001024CDD85 atlantis64x.rtl.1:000CCD85
 0000000014E5FB50: 000000006AA2B030 vision_w64x.dll.3:00028030
 0000000014E5FB98: 000000006A9FFBA8 vision_w64x.dll.2:00018BA8
 0000000014E5FBF0: 000000006A88CBA0 vision_w64x.dll.1:0000BBA0
 0000000014E5FC08: 000000006A88CBF5 vision_w64x.dll.1:0000BBF5
 0000000014E5FCD0: 000000006A88CBA0 vision_w64x.dll.1:0000BBA0

Контекст исполнения ".SysUser"
Потеряно хип-контекстов: 1
Потеряно серверных потоков: 1

Менеджер динамической памяти ".SysUserHeap(.SysUser)"
Потеряно блоков: 408526, байтов: 230235512


▓ Программа: "vip64x.exe"  Время запуска: 11:58:22 08/11/2025
▓ Исполняемый модуль: "C:\Galaktika\AVAZ\chumachenko\6.0.09.0\exe\vip64x.exe"
▓ Система: Windows NT

Контекст исполнения ".SysUser"
Потеряно хип-контекстов: 1

Менеджер динамической памяти ".SysUserHeap(.SysUser)"
Потеряно блоков: 60, байтов: 93648


▓ Программа: "vip64x.exe"  Время запуска: 12:02:09 08/11/2025
▓ Исполняемый модуль: "C:\Galaktika\AVAZ\chumachenko\6.0.09.0\exe\vip64x.exe"
▓ Система: Windows NT

Контекст исполнения ".SysUser"
Потеряно хип-контекстов: 1

Менеджер динамической памяти ".SysUserHeap(.SysUser)"
Потеряно блоков: 60, байтов: 93660


▓ Программа: "vip64x.exe"  Время запуска: 12:06:10 08/11/2025
▓ Исполняемый модуль: "C:\Galaktika\AVAZ\chumachenko\6.0.09.0\exe\vip64x.exe"
▓ Система: Windows NT

Контекст исполнения ".SysUser"
Потеряно хип-контекстов: 1

Менеджер динамической памяти ".SysUserHeap(.SysUser)"
Потеряно блоков: 60, байтов: 93624


▓ Программа: "vip64x.exe"  Время запуска: 12:06:24 08/11/2025
▓ Исполняемый модуль: "C:\Galaktika\AVAZ\chumachenko\6.0.09.0\exe\vip64x.exe"
▓ Система: Windows NT

Контекст исполнения ".SysUser"
Потеряно хип-контекстов: 1

Менеджер динамической памяти ".SysUserHeap(.SysUser)"
Потеряно блоков: 60, байтов: 93636


▓ Программа: "vip64x.exe"  Время запуска: 13:03:35 08/11/2025
▓ Исполняемый модуль: "C:\Galaktika\AVAZ\chumachenko\6.0.09.0\exe\vip64x.exe"
▓ Система: Windows NT  Логин: "Дмитрий"  Станция: "LAPUS-VICTUS"

Класс окна "Atlantis Font Window" не был разрегистрирован: 1411
(Класс не существует)
 0000000014E6FB48: 00000001024CDD85 atlantis64x.rtl.1:000CCD85
 0000000014E6FB50: 000000006AA2B030 vision_w64x.dll.3:00028030
 0000000014E6FB98: 000000006A9FFBA8 vision_w64x.dll.2:00018BA8
 0000000014E6FBF0: 000000006A88CBA0 vision_w64x.dll.1:0000BBA0
 0000000014E6FC08: 000000006A88CBF5 vision_w64x.dll.1:0000BBF5
 0000000014E6FCD0: 000000006A88CBA0 vision_w64x.dll.1:0000BBA0

Контекст исполнения ".SysUser"
Потеряно хип-контекстов: 1
Потеряно серверных потоков: 1

Менеджер динамической памяти ".SysUserHeap(.SysUser)"
Потеряно блоков: 405495, байтов: 228364816


▓ Программа: "vip64x.exe"  Время запуска: 13:03:51 08/11/2025
▓ Исполняемый модуль: "C:\Galaktika\AVAZ\chumachenko\6.0.09.0\exe\vip64x.exe"
▓ Система: Windows NT

Контекст исполнения ".SysUser"
Потеряно хип-контекстов: 1

Менеджер динамической памяти ".SysUserHeap(.SysUser)"
Потеряно блоков: 54, байтов: 93424


▓ Программа: "vip64x.exe"  Время запуска: 13:04:11 08/11/2025
▓ Исполняемый модуль: "C:\Galaktika\AVAZ\chumachenko\6.0.09.0\exe\vip64x.exe"
▓ Система: Windows NT

Контекст исполнения ".SysUser"
Потеряно хип-контекстов: 1

Менеджер динамической памяти ".SysUserHeap(.SysUser)"
Потеряно блоков: 54, байтов: 93408


▓ Программа: "vip64x.exe"  Время запуска: 13:04:33 08/11/2025
▓ Исполняемый модуль: "C:\Galaktika\AVAZ\chumachenko\6.0.09.0\exe\vip64x.exe"
▓ Система: Windows NT

Контекст исполнения ".SysUser"
Потеряно хип-контекстов: 1

Менеджер динамической памяти ".SysUserHeap(.SysUser)"
Потеряно блоков: 54, байтов: 93440


▓ Программа: "vip64x.exe"  Время запуска: 13:04:44 08/11/2025
▓ Исполняемый модуль: "C:\Galaktika\AVAZ\chumachenko\6.0.09.0\exe\vip64x.exe"
▓ Система: Windows NT

Контекст исполнения ".SysUser"
Потеряно хип-контекстов: 1

Менеджер динамической памяти ".SysUserHeap(.SysUser)"
Потеряно блоков: 54, байтов: 93428


▓ Программа: "vip64x.exe"  Время запуска: 13:05:00 08/11/2025
▓ Исполняемый модуль: "C:\Galaktika\AVAZ\chumachenko\6.0.09.0\exe\vip64x.exe"
▓ Система: Windows NT

Контекст исполнения ".SysUser"
Потеряно хип-контекстов: 1

Менеджер динамической памяти ".SysUserHeap(.SysUser)"
Потеряно блоков: 54, байтов: 93448


▓ Программа: "vip64x.exe"  Время запуска: 13:05:13 08/11/2025
▓ Исполняемый модуль: "C:\Galaktika\AVAZ\chumachenko\6.0.09.0\exe\vip64x.exe"
▓ Система: Windows NT

Контекст исполнения ".SysUser"
Потеряно хип-контекстов: 1

Менеджер динамической памяти ".SysUserHeap(.SysUser)"
Потеряно блоков: 54, байтов: 93436


▓ Программа: "vip64x.exe"  Время запуска: 13:05:25 08/11/2025
▓ Исполняемый модуль: "C:\Galaktika\AVAZ\chumachenko\6.0.09.0\exe\vip64x.exe"
▓ Система: Windows NT

Контекст исполнения ".SysUser"
Потеряно хип-контекстов: 1

Менеджер динамической памяти ".SysUserHeap(.SysUser)"
Потеряно блоков: 54, байтов: 93444


▓ Программа: "vip64x.exe"  Время запуска: 13:05:38 08/11/2025
▓ Исполняемый модуль: "C:\Galaktika\AVAZ\chumachenko\6.0.09.0\exe\vip64x.exe"
▓ Система: Windows NT

Контекст исполнения ".SysUser"
Потеряно хип-контекстов: 1

Менеджер динамической памяти ".SysUserHeap(.SysUser)"
Потеряно блоков: 54, байтов: 93428


▓ Программа: "vip64x.exe"  Время запуска: 13:06:04 08/11/2025
▓ Исполняемый модуль: "C:\Galaktika\AVAZ\chumachenko\6.0.09.0\exe\vip64x.exe"
▓ Система: Windows NT

Контекст исполнения ".SysUser"
Потеряно хип-контекстов: 1

Менеджер динамической памяти ".SysUserHeap(.SysUser)"
Потеряно блоков: 60, байтов: 93636


▓ Программа: "vip64x.exe"  Время запуска: 13:06:29 08/11/2025
▓ Исполняемый модуль: "C:\Galaktika\AVAZ\chumachenko\6.0.09.0\exe\vip64x.exe"
▓ Система: Windows NT

Контекст исполнения ".SysUser"
Потеряно хип-контекстов: 1

Менеджер динамической памяти ".SysUserHeap(.SysUser)"
Потеряно блоков: 60, байтов: 93640


▓ Программа: "vip64x.exe"  Время запуска: 13:06:41 08/11/2025
▓ Исполняемый модуль: "C:\Galaktika\AVAZ\chumachenko\6.0.09.0\exe\vip64x.exe"
▓ Система: Windows NT

Контекст исполнения ".SysUser"
Потеряно хип-контекстов: 1

Менеджер динамической памяти ".SysUserHeap(.SysUser)"
Потеряно блоков: 60, байтов: 93628


▓ Программа: "vip64x.exe"  Время запуска: 13:06:56 08/11/2025
▓ Исполняемый модуль: "C:\Galaktika\AVAZ\chumachenko\6.0.09.0\exe\vip64x.exe"
▓ Система: Windows NT

Контекст исполнения ".SysUser"
Потеряно хип-контекстов: 1

Менеджер динамической памяти ".SysUserHeap(.SysUser)"
Потеряно блоков: 60, байтов: 93660


▓ Программа: "vip64x.exe"  Время запуска: 13:07:32 08/11/2025
▓ Исполняемый модуль: "C:\Galaktika\AVAZ\chumachenko\6.0.09.0\exe\vip64x.exe"
▓ Система: Windows NT

Контекст исполнения ".SysUser"
Потеряно хип-контекстов: 1

Менеджер динамической памяти ".SysUserHeap(.SysUser)"
Потеряно блоков: 60, байтов: 93624


▓ Программа: "vip64x.exe"  Время запуска: 13:07:44 08/11/2025
▓ Исполняемый модуль: "C:\Galaktika\AVAZ\chumachenko\6.0.09.0\exe\vip64x.exe"
▓ Система: Windows NT

Контекст исполнения ".SysUser"
Потеряно хип-контекстов: 1

Менеджер динамической памяти ".SysUserHeap(.SysUser)"
Потеряно блоков: 62, байтов: 93692


▓ Программа: "vip64x.exe"  Время запуска: 13:08:31 08/11/2025
▓ Исполняемый модуль: "C:\Galaktika\AVAZ\chumachenko\6.0.09.0\exe\vip64x.exe"
▓ Система: Windows NT

Контекст исполнения ".SysUser"
Потеряно хип-контекстов: 1

Менеджер динамической памяти ".SysUserHeap(.SysUser)"
Потеряно блоков: 62, байтов: 93712


▓ Программа: "vip64x.exe"  Время запуска: 13:08:49 08/11/2025
▓ Исполняемый модуль: "C:\Galaktika\AVAZ\chumachenko\6.0.09.0\exe\vip64x.exe"
▓ Система: Windows NT

Контекст исполнения ".SysUser"
Потеряно хип-контекстов: 1

Менеджер динамической памяти ".SysUserHeap(.SysUser)"
Потеряно блоков: 62, байтов: 93660


▓ Программа: "vip64x.exe"  Время запуска: 13:09:05 08/11/2025
▓ Исполняемый модуль: "C:\Galaktika\AVAZ\chumachenko\6.0.09.0\exe\vip64x.exe"
▓ Система: Windows NT

Контекст исполнения ".SysUser"
Потеряно хип-контекстов: 1

Менеджер динамической памяти ".SysUserHeap(.SysUser)"
Потеряно блоков: 67, байтов: 93836


▓ Программа: "vip64x.exe"  Время запуска: 13:09:25 08/11/2025
▓ Исполняемый модуль: "C:\Galaktika\AVAZ\chumachenko\6.0.09.0\exe\vip64x.exe"
▓ Система: Windows NT

Контекст исполнения ".SysUser"
Потеряно хип-контекстов: 1

Менеджер динамической памяти ".SysUserHeap(.SysUser)"
Потеряно блоков: 67, байтов: 93860


▓ Программа: "vip64x.exe"  Время запуска: 13:09:53 08/11/2025
▓ Исполняемый модуль: "C:\Galaktika\AVAZ\chumachenko\6.0.09.0\exe\vip64x.exe"
▓ Система: Windows NT

Контекст исполнения ".SysUser"
Потеряно хип-контекстов: 1

Менеджер динамической памяти ".SysUserHeap(.SysUser)"
Потеряно блоков: 67, байтов: 93856


▓ Программа: "vip64x.exe"  Время запуска: 13:10:14 08/11/2025
▓ Исполняемый модуль: "C:\Galaktika\AVAZ\chumachenko\6.0.09.0\exe\vip64x.exe"
▓ Система: Windows NT

Контекст исполнения ".SysUser"
Потеряно хип-контекстов: 1

Менеджер динамической памяти ".SysUserHeap(.SysUser)"
Потеряно блоков: 67, байтов: 93896


▓ Программа: "vip64x.exe"  Время запуска: 13:17:26 08/11/2025
▓ Исполняемый модуль: "C:\Galaktika\AVAZ\chumachenko\6.0.09.0\exe\vip64x.exe"
▓ Система: Windows NT

Контекст исполнения ".SysUser"
Потеряно хип-контекстов: 1

Менеджер динамической памяти ".SysUserHeap(.SysUser)"
Потеряно блоков: 69, байтов: 93856


▓ Программа: "vip64x.exe"  Время запуска: 13:17:40 08/11/2025
▓ Исполняемый модуль: "C:\Galaktika\AVAZ\chumachenko\6.0.09.0\exe\vip64x.exe"
▓ Система: Windows NT

Контекст исполнения ".SysUser"
Потеряно хип-контекстов: 1

Менеджер динамической памяти ".SysUserHeap(.SysUser)"
Потеряно блоков: 69, байтов: 93884


▓ Программа: "vip64x.exe"  Время запуска: 13:19:15 08/11/2025
▓ Исполняемый модуль: "C:\Galaktika\AVAZ\chumachenko\6.0.09.0\exe\vip64x.exe"
▓ Система: Windows NT

Контекст исполнения ".SysUser"
Потеряно хип-контекстов: 1

Менеджер динамической памяти ".SysUserHeap(.SysUser)"
Потеряно блоков: 69, байтов: 93896


▓ Программа: "vip64x.exe"  Время запуска: 13:21:51 08/11/2025
▓ Исполняемый модуль: "C:\Galaktika\AVAZ\chumachenko\6.0.09.0\exe\vip64x.exe"
▓ Система: Windows NT

Контекст исполнения ".SysUser"
Потеряно хип-контекстов: 1

Менеджер динамической памяти ".SysUserHeap(.SysUser)"
Потеряно блоков: 69, байтов: 93900


▓ Программа: "vip64x.exe"  Время запуска: 13:24:11 08/11/2025
▓ Исполняемый модуль: "C:\Galaktika\AVAZ\chumachenko\6.0.09.0\exe\vip64x.exe"
▓ Система: Windows NT

Контекст исполнения ".SysUser"
Потеряно хип-контекстов: 1

Менеджер динамической памяти ".SysUserHeap(.SysUser)"
Потеряно блоков: 69, байтов: 93892


▓ Программа: "vip64x.exe"  Время запуска: 13:27:37 08/11/2025
▓ Исполняемый модуль: "C:\Galaktika\AVAZ\chumachenko\6.0.09.0\exe\vip64x.exe"
▓ Система: Windows NT

Контекст исполнения ".SysUser"
Потеряно хип-контекстов: 1

Менеджер динамической памяти ".SysUserHeap(.SysUser)"
Потеряно блоков: 72, байтов: 93984


▓ Программа: "vip64x.exe"  Время запуска: 13:32:21 08/11/2025
▓ Исполняемый модуль: "C:\Galaktika\AVAZ\chumachenko\6.0.09.0\exe\vip64x.exe"
▓ Система: Windows NT

Контекст исполнения ".SysUser"
Потеряно хип-контекстов: 1

Менеджер динамической памяти ".SysUserHeap(.SysUser)"
Потеряно блоков: 72, байтов: 93980


▓ Программа: "vip64x.exe"  Время запуска: 13:32:42 08/11/2025
▓ Исполняемый модуль: "C:\Galaktika\AVAZ\chumachenko\6.0.09.0\exe\vip64x.exe"
▓ Система: Windows NT

Контекст исполнения ".SysUser"
Потеряно хип-контекстов: 1

Менеджер динамической памяти ".SysUserHeap(.SysUser)"
Потеряно блоков: 72, байтов: 93976


▓ Программа: "vip64x.exe"  Время запуска: 13:45:10 08/11/2025
▓ Исполняемый модуль: "C:\Galaktika\AVAZ\chumachenko\6.0.09.0\exe\vip64x.exe"
▓ Система: Windows NT

Контекст исполнения ".SysUser"
Потеряно хип-контекстов: 1

Менеджер динамической памяти ".SysUserHeap(.SysUser)"
Потеряно блоков: 81, байтов: 94168


▓ Программа: "vip64x.exe"  Время запуска: 13:49:04 08/11/2025
▓ Исполняемый модуль: "C:\Galaktika\AVAZ\chumachenko\6.0.09.0\exe\vip64x.exe"
▓ Система: Windows NT

Контекст исполнения ".SysUser"
Потеряно хип-контекстов: 1

Менеджер динамической памяти ".SysUserHeap(.SysUser)"
Потеряно блоков: 82, байтов: 94236


▓ Программа: "vip64x.exe"  Время запуска: 13:49:22 08/11/2025
▓ Исполняемый модуль: "C:\Galaktika\AVAZ\chumachenko\6.0.09.0\exe\vip64x.exe"
▓ Система: Windows NT

Контекст исполнения ".SysUser"
Потеряно хип-контекстов: 1

Менеджер динамической памяти ".SysUserHeap(.SysUser)"
Потеряно блоков: 82, байтов: 94212

