27.10.2025 21:42:48.056 || =================== Run vip.exe with  pg90drv.dll version 6.0.9.0 from Oct  2 2025 Platform WIN32 ===============================
27.10.2025 21:42:48.056 || Flush mode ON
27.10.2025 21:42:48.056 || User: Atlantis
27.10.2025 21:42:48.056 || Код ошибки IM014 с сообщением: [Microsoft][Диспетчер драйверов ODBC] В указанном DSN архитектура драйвера и архитектура приложения не соответствуют друг другу.

27.10.2025 21:42:48.056 || 
Ошибка: SQLConnect()
Код ошибки IM014 с сообщением: [Microsoft][Диспетчер драйверов ODBC] В указанном DSN архитектура драйвера и архитектура приложения не соответствуют друг другу.

27.10.2025 21:42:48.058 || Код ошибки IM014 с сообщением: [Microsoft][Диспетчер драйверов ODBC] В указанном DSN архитектура драйвера и архитектура приложения не соответствуют друг другу.

27.10.2025 21:42:48.058 || 
Ошибка: SQLConnect()
Код ошибки IM014 с сообщением: [Microsoft][Диспетчер драйверов ODBC] В указанном DSN архитектура драйвера и архитектура приложения не соответствуют друг другу.

27.10.2025 21:42:48.059 || Код ошибки IM014 с сообщением: [Microsoft][Диспетчер драйверов ODBC] В указанном DSN архитектура драйвера и архитектура приложения не соответствуют друг другу.

27.10.2025 21:42:48.059 || 
Ошибка: SQLConnect()
Код ошибки IM014 с сообщением: [Microsoft][Диспетчер драйверов ODBC] В указанном DSN архитектура драйвера и архитектура приложения не соответствуют друг другу.

27.10.2025 21:42:48.059 || Код ошибки IM014 с сообщением: [Microsoft][Диспетчер драйверов ODBC] В указанном DSN архитектура драйвера и архитектура приложения не соответствуют друг другу.

27.10.2025 21:42:48.060 || 
Ошибка: SQLConnect()
Код ошибки IM014 с сообщением: [Microsoft][Диспетчер драйверов ODBC] В указанном DSN архитектура драйвера и архитектура приложения не соответствуют друг другу.

27.10.2025 21:42:48.060 || Код ошибки IM014 с сообщением: [Microsoft][Диспетчер драйверов ODBC] В указанном DSN архитектура драйвера и архитектура приложения не соответствуют друг другу.

27.10.2025 21:42:48.060 || 
Ошибка: SQLConnect()
Код ошибки IM014 с сообщением: [Microsoft][Диспетчер драйверов ODBC] В указанном DSN архитектура драйвера и архитектура приложения не соответствуют друг другу.

27.10.2025 21:42:48.061 || Код ошибки IM014 с сообщением: [Microsoft][Диспетчер драйверов ODBC] В указанном DSN архитектура драйвера и архитектура приложения не соответствуют друг другу.

27.10.2025 21:42:48.061 || 
Ошибка: SQLConnect()
Код ошибки IM014 с сообщением: [Microsoft][Диспетчер драйверов ODBC] В указанном DSN архитектура драйвера и архитектура приложения не соответствуют друг другу.

27.10.2025 21:42:48.062 || Код ошибки IM014 с сообщением: [Microsoft][Диспетчер драйверов ODBC] В указанном DSN архитектура драйвера и архитектура приложения не соответствуют друг другу.

27.10.2025 21:42:48.062 || 
Ошибка: SQLConnect()
Код ошибки IM014 с сообщением: [Microsoft][Диспетчер драйверов ODBC] В указанном DSN архитектура драйвера и архитектура приложения не соответствуют друг другу.

27.10.2025 21:42:48.062 || Код ошибки IM014 с сообщением: [Microsoft][Диспетчер драйверов ODBC] В указанном DSN архитектура драйвера и архитектура приложения не соответствуют друг другу.

27.10.2025 21:42:48.062 || 
Ошибка: SQLConnect()
Код ошибки IM014 с сообщением: [Microsoft][Диспетчер драйверов ODBC] В указанном DSN архитектура драйвера и архитектура приложения не соответствуют друг другу.

27.10.2025 21:42:48.063 || Код ошибки IM014 с сообщением: [Microsoft][Диспетчер драйверов ODBC] В указанном DSN архитектура драйвера и архитектура приложения не соответствуют друг другу.

27.10.2025 21:42:48.063 || 
Ошибка: SQLConnect()
Код ошибки IM014 с сообщением: [Microsoft][Диспетчер драйверов ODBC] В указанном DSN архитектура драйвера и архитектура приложения не соответствуют друг другу.

27.10.2025 21:42:48.064 || Код ошибки IM014 с сообщением: [Microsoft][Диспетчер драйверов ODBC] В указанном DSN архитектура драйвера и архитектура приложения не соответствуют друг другу.

27.10.2025 21:42:48.064 || 
Ошибка: SQLConnect()
Код ошибки IM014 с сообщением: [Microsoft][Диспетчер драйверов ODBC] В указанном DSN архитектура драйвера и архитектура приложения не соответствуют друг другу.

27.10.2025 21:42:48.064 || Код ошибки IM014 с сообщением: [Microsoft][Диспетчер драйверов ODBC] В указанном DSN архитектура драйвера и архитектура приложения не соответствуют друг другу.

27.10.2025 21:42:48.064 || 
Ошибка: SQLConnect()
Код ошибки IM014 с сообщением: [Microsoft][Диспетчер драйверов ODBC] В указанном DSN архитектура драйвера и архитектура приложения не соответствуют друг другу.

27.10.2025 21:42:48.065 || Код ошибки IM014 с сообщением: [Microsoft][Диспетчер драйверов ODBC] В указанном DSN архитектура драйвера и архитектура приложения не соответствуют друг другу.

27.10.2025 21:42:48.065 || 
Ошибка: SQLConnect()
Код ошибки IM014 с сообщением: [Microsoft][Диспетчер драйверов ODBC] В указанном DSN архитектура драйвера и архитектура приложения не соответствуют друг другу.

27.10.2025 21:42:48.065 || Код ошибки IM014 с сообщением: [Microsoft][Диспетчер драйверов ODBC] В указанном DSN архитектура драйвера и архитектура приложения не соответствуют друг другу.

27.10.2025 21:42:48.065 || 
Ошибка: SQLConnect()
Код ошибки IM014 с сообщением: [Microsoft][Диспетчер драйверов ODBC] В указанном DSN архитектура драйвера и архитектура приложения не соответствуют друг другу.

27.10.2025 21:42:48.066 || Код ошибки IM014 с сообщением: [Microsoft][Диспетчер драйверов ODBC] В указанном DSN архитектура драйвера и архитектура приложения не соответствуют друг другу.

27.10.2025 21:42:48.066 || 
Ошибка: SQLConnect()
Код ошибки IM014 с сообщением: [Microsoft][Диспетчер драйверов ODBC] В указанном DSN архитектура драйвера и архитектура приложения не соответствуют друг другу.

27.10.2025 21:42:48.067 || Код ошибки IM014 с сообщением: [Microsoft][Диспетчер драйверов ODBC] В указанном DSN архитектура драйвера и архитектура приложения не соответствуют друг другу.

27.10.2025 21:42:48.067 || 
Ошибка: SQLConnect()
Код ошибки IM014 с сообщением: [Microsoft][Диспетчер драйверов ODBC] В указанном DSN архитектура драйвера и архитектура приложения не соответствуют друг другу.

27.10.2025 21:42:48.067 || Код ошибки IM014 с сообщением: [Microsoft][Диспетчер драйверов ODBC] В указанном DSN архитектура драйвера и архитектура приложения не соответствуют друг другу.

27.10.2025 21:42:48.067 || 
Ошибка: SQLConnect()
Код ошибки IM014 с сообщением: [Microsoft][Диспетчер драйверов ODBC] В указанном DSN архитектура драйвера и архитектура приложения не соответствуют друг другу.

27.10.2025 21:42:48.067 || Код ошибки IM014 с сообщением: [Microsoft][Диспетчер драйверов ODBC] В указанном DSN архитектура драйвера и архитектура приложения не соответствуют друг другу.

27.10.2025 21:42:48.069 || 
Ошибка: SQLConnect()
Код ошибки IM014 с сообщением: [Microsoft][Диспетчер драйверов ODBC] В указанном DSN архитектура драйвера и архитектура приложения не соответствуют друг другу.

27.10.2025 21:42:48.069 || Код ошибки IM014 с сообщением: [Microsoft][Диспетчер драйверов ODBC] В указанном DSN архитектура драйвера и архитектура приложения не соответствуют друг другу.

27.10.2025 21:42:48.069 || 
Ошибка: SQLConnect()
Код ошибки IM014 с сообщением: [Microsoft][Диспетчер драйверов ODBC] В указанном DSN архитектура драйвера и архитектура приложения не соответствуют друг другу.

27.10.2025 21:42:48.070 || Код ошибки IM014 с сообщением: [Microsoft][Диспетчер драйверов ODBC] В указанном DSN архитектура драйвера и архитектура приложения не соответствуют друг другу.

27.10.2025 21:42:48.070 || 
Ошибка: SQLConnect()
Код ошибки IM014 с сообщением: [Microsoft][Диспетчер драйверов ODBC] В указанном DSN архитектура драйвера и архитектура приложения не соответствуют друг другу.

27.10.2025 21:42:48.071 || Код ошибки IM014 с сообщением: [Microsoft][Диспетчер драйверов ODBC] В указанном DSN архитектура драйвера и архитектура приложения не соответствуют друг другу.

27.10.2025 21:42:48.071 || 
Ошибка: SQLConnect()
Код ошибки IM014 с сообщением: [Microsoft][Диспетчер драйверов ODBC] В указанном DSN архитектура драйвера и архитектура приложения не соответствуют друг другу.

27.10.2025 21:42:48.071 || Код ошибки IM014 с сообщением: [Microsoft][Диспетчер драйверов ODBC] В указанном DSN архитектура драйвера и архитектура приложения не соответствуют друг другу.

27.10.2025 21:42:48.071 || 
Ошибка: SQLConnect()
Код ошибки IM014 с сообщением: [Microsoft][Диспетчер драйверов ODBC] В указанном DSN архитектура драйвера и архитектура приложения не соответствуют друг другу.

27.10.2025 21:42:48.072 || Код ошибки IM014 с сообщением: [Microsoft][Диспетчер драйверов ODBC] В указанном DSN архитектура драйвера и архитектура приложения не соответствуют друг другу.

27.10.2025 21:42:48.072 || 
Ошибка: SQLConnect()
Код ошибки IM014 с сообщением: [Microsoft][Диспетчер драйверов ODBC] В указанном DSN архитектура драйвера и архитектура приложения не соответствуют друг другу.

27.10.2025 21:42:48.073 || Код ошибки IM014 с сообщением: [Microsoft][Диспетчер драйверов ODBC] В указанном DSN архитектура драйвера и архитектура приложения не соответствуют друг другу.

27.10.2025 21:42:48.073 || 
Ошибка: SQLConnect()
Код ошибки IM014 с сообщением: [Microsoft][Диспетчер драйверов ODBC] В указанном DSN архитектура драйвера и архитектура приложения не соответствуют друг другу.

27.10.2025 21:42:48.073 || Код ошибки IM014 с сообщением: [Microsoft][Диспетчер драйверов ODBC] В указанном DSN архитектура драйвера и архитектура приложения не соответствуют друг другу.

27.10.2025 21:42:48.073 || 
Ошибка: SQLConnect()
Код ошибки IM014 с сообщением: [Microsoft][Диспетчер драйверов ODBC] В указанном DSN архитектура драйвера и архитектура приложения не соответствуют друг другу.

27.10.2025 21:42:48.074 || Код ошибки IM014 с сообщением: [Microsoft][Диспетчер драйверов ODBC] В указанном DSN архитектура драйвера и архитектура приложения не соответствуют друг другу.

27.10.2025 21:42:48.074 || 
Ошибка: SQLConnect()
Код ошибки IM014 с сообщением: [Microsoft][Диспетчер драйверов ODBC] В указанном DSN архитектура драйвера и архитектура приложения не соответствуют друг другу.

27.10.2025 21:42:48.074 || Код ошибки IM014 с сообщением: [Microsoft][Диспетчер драйверов ODBC] В указанном DSN архитектура драйвера и архитектура приложения не соответствуют друг другу.

27.10.2025 21:42:48.074 || 
Ошибка: SQLConnect()
Код ошибки IM014 с сообщением: [Microsoft][Диспетчер драйверов ODBC] В указанном DSN архитектура драйвера и архитектура приложения не соответствуют друг другу.

27.10.2025 21:42:48.075 || Код ошибки IM014 с сообщением: [Microsoft][Диспетчер драйверов ODBC] В указанном DSN архитектура драйвера и архитектура приложения не соответствуют друг другу.

27.10.2025 21:42:48.075 || 
Ошибка: SQLConnect()
Код ошибки IM014 с сообщением: [Microsoft][Диспетчер драйверов ODBC] В указанном DSN архитектура драйвера и архитектура приложения не соответствуют друг другу.

27.10.2025 21:42:48.076 || Код ошибки IM014 с сообщением: [Microsoft][Диспетчер драйверов ODBC] В указанном DSN архитектура драйвера и архитектура приложения не соответствуют друг другу.

27.10.2025 21:42:48.076 || 
Ошибка: SQLConnect()
Код ошибки IM014 с сообщением: [Microsoft][Диспетчер драйверов ODBC] В указанном DSN архитектура драйвера и архитектура приложения не соответствуют друг другу.

27.10.2025 21:42:48.076 || Код ошибки IM014 с сообщением: [Microsoft][Диспетчер драйверов ODBC] В указанном DSN архитектура драйвера и архитектура приложения не соответствуют друг другу.

27.10.2025 21:42:48.076 || 
Ошибка: SQLConnect()
Код ошибки IM014 с сообщением: [Microsoft][Диспетчер драйверов ODBC] В указанном DSN архитектура драйвера и архитектура приложения не соответствуют друг другу.

27.10.2025 21:42:48.077 || Код ошибки IM014 с сообщением: [Microsoft][Диспетчер драйверов ODBC] В указанном DSN архитектура драйвера и архитектура приложения не соответствуют друг другу.

27.10.2025 21:42:48.077 || 
Ошибка: SQLConnect()
Код ошибки IM014 с сообщением: [Microsoft][Диспетчер драйверов ODBC] В указанном DSN архитектура драйвера и архитектура приложения не соответствуют друг другу.

27.10.2025 21:42:48.077 || Код ошибки IM014 с сообщением: [Microsoft][Диспетчер драйверов ODBC] В указанном DSN архитектура драйвера и архитектура приложения не соответствуют друг другу.

27.10.2025 21:42:48.078 || 
Ошибка: SQLConnect()
Код ошибки IM014 с сообщением: [Microsoft][Диспетчер драйверов ODBC] В указанном DSN архитектура драйвера и архитектура приложения не соответствуют друг другу.

27.10.2025 21:42:48.078 || Код ошибки IM014 с сообщением: [Microsoft][Диспетчер драйверов ODBC] В указанном DSN архитектура драйвера и архитектура приложения не соответствуют друг другу.

27.10.2025 21:42:48.078 || 
Ошибка: SQLConnect()
Код ошибки IM014 с сообщением: [Microsoft][Диспетчер драйверов ODBC] В указанном DSN архитектура драйвера и архитектура приложения не соответствуют друг другу.

27.10.2025 21:42:48.079 || Код ошибки IM014 с сообщением: [Microsoft][Диспетчер драйверов ODBC] В указанном DSN архитектура драйвера и архитектура приложения не соответствуют друг другу.

27.10.2025 21:42:48.079 || 
Ошибка: SQLConnect()
Код ошибки IM014 с сообщением: [Microsoft][Диспетчер драйверов ODBC] В указанном DSN архитектура драйвера и архитектура приложения не соответствуют друг другу.

27.10.2025 21:42:48.080 || Код ошибки IM014 с сообщением: [Microsoft][Диспетчер драйверов ODBC] В указанном DSN архитектура драйвера и архитектура приложения не соответствуют друг другу.

27.10.2025 21:42:48.080 || 
Ошибка: SQLConnect()
Код ошибки IM014 с сообщением: [Microsoft][Диспетчер драйверов ODBC] В указанном DSN архитектура драйвера и архитектура приложения не соответствуют друг другу.

27.10.2025 21:42:48.080 || Код ошибки IM014 с сообщением: [Microsoft][Диспетчер драйверов ODBC] В указанном DSN архитектура драйвера и архитектура приложения не соответствуют друг другу.

27.10.2025 21:42:48.080 || 
Ошибка: SQLConnect()
Код ошибки IM014 с сообщением: [Microsoft][Диспетчер драйверов ODBC] В указанном DSN архитектура драйвера и архитектура приложения не соответствуют друг другу.

27.10.2025 21:42:48.081 || Код ошибки IM014 с сообщением: [Microsoft][Диспетчер драйверов ODBC] В указанном DSN архитектура драйвера и архитектура приложения не соответствуют друг другу.

27.10.2025 21:42:48.081 || 
Ошибка: SQLConnect()
Код ошибки IM014 с сообщением: [Microsoft][Диспетчер драйверов ODBC] В указанном DSN архитектура драйвера и архитектура приложения не соответствуют друг другу.

27.10.2025 21:42:48.082 || Код ошибки IM014 с сообщением: [Microsoft][Диспетчер драйверов ODBC] В указанном DSN архитектура драйвера и архитектура приложения не соответствуют друг другу.

27.10.2025 21:42:48.082 || 
Ошибка: SQLConnect()
Код ошибки IM014 с сообщением: [Microsoft][Диспетчер драйверов ODBC] В указанном DSN архитектура драйвера и архитектура приложения не соответствуют друг другу.

27.10.2025 21:42:48.082 || Код ошибки IM014 с сообщением: [Microsoft][Диспетчер драйверов ODBC] В указанном DSN архитектура драйвера и архитектура приложения не соответствуют друг другу.

27.10.2025 21:42:48.082 || 
Ошибка: SQLConnect()
Код ошибки IM014 с сообщением: [Microsoft][Диспетчер драйверов ODBC] В указанном DSN архитектура драйвера и архитектура приложения не соответствуют друг другу.

27.10.2025 21:42:48.083 || Код ошибки IM014 с сообщением: [Microsoft][Диспетчер драйверов ODBC] В указанном DSN архитектура драйвера и архитектура приложения не соответствуют друг другу.

27.10.2025 21:42:48.083 || 
Ошибка: SQLConnect()
Код ошибки IM014 с сообщением: [Microsoft][Диспетчер драйверов ODBC] В указанном DSN архитектура драйвера и архитектура приложения не соответствуют друг другу.

27.10.2025 21:42:48.084 || Код ошибки IM014 с сообщением: [Microsoft][Диспетчер драйверов ODBC] В указанном DSN архитектура драйвера и архитектура приложения не соответствуют друг другу.

27.10.2025 21:42:48.084 || 
Ошибка: SQLConnect()
Код ошибки IM014 с сообщением: [Microsoft][Диспетчер драйверов ODBC] В указанном DSN архитектура драйвера и архитектура приложения не соответствуют друг другу.

27.10.2025 21:42:48.085 || Код ошибки IM014 с сообщением: [Microsoft][Диспетчер драйверов ODBC] В указанном DSN архитектура драйвера и архитектура приложения не соответствуют друг другу.

27.10.2025 21:42:48.085 || 
Ошибка: SQLConnect()
Код ошибки IM014 с сообщением: [Microsoft][Диспетчер драйверов ODBC] В указанном DSN архитектура драйвера и архитектура приложения не соответствуют друг другу.

27.10.2025 21:42:48.086 || Код ошибки IM014 с сообщением: [Microsoft][Диспетчер драйверов ODBC] В указанном DSN архитектура драйвера и архитектура приложения не соответствуют друг другу.

27.10.2025 21:42:48.086 || 
Ошибка: SQLConnect()
Код ошибки IM014 с сообщением: [Microsoft][Диспетчер драйверов ODBC] В указанном DSN архитектура драйвера и архитектура приложения не соответствуют друг другу.

27.10.2025 21:42:48.086 || Код ошибки IM014 с сообщением: [Microsoft][Диспетчер драйверов ODBC] В указанном DSN архитектура драйвера и архитектура приложения не соответствуют друг другу.

27.10.2025 21:42:48.086 || 
Ошибка: SQLConnect()
Код ошибки IM014 с сообщением: [Microsoft][Диспетчер драйверов ODBC] В указанном DSN архитектура драйвера и архитектура приложения не соответствуют друг другу.

27.10.2025 21:42:48.087 || Код ошибки IM014 с сообщением: [Microsoft][Диспетчер драйверов ODBC] В указанном DSN архитектура драйвера и архитектура приложения не соответствуют друг другу.

27.10.2025 21:42:48.087 || 
Ошибка: SQLConnect()
Код ошибки IM014 с сообщением: [Microsoft][Диспетчер драйверов ODBC] В указанном DSN архитектура драйвера и архитектура приложения не соответствуют друг другу.

27.10.2025 21:42:48.087 || Код ошибки IM014 с сообщением: [Microsoft][Диспетчер драйверов ODBC] В указанном DSN архитектура драйвера и архитектура приложения не соответствуют друг другу.

27.10.2025 21:42:48.087 || 
Ошибка: SQLConnect()
Код ошибки IM014 с сообщением: [Microsoft][Диспетчер драйверов ODBC] В указанном DSN архитектура драйвера и архитектура приложения не соответствуют друг другу.

27.10.2025 21:42:48.089 || Код ошибки IM014 с сообщением: [Microsoft][Диспетчер драйверов ODBC] В указанном DSN архитектура драйвера и архитектура приложения не соответствуют друг другу.

27.10.2025 21:42:48.089 || 
Ошибка: SQLConnect()
Код ошибки IM014 с сообщением: [Microsoft][Диспетчер драйверов ODBC] В указанном DSN архитектура драйвера и архитектура приложения не соответствуют друг другу.

27.10.2025 21:42:48.089 || Код ошибки IM014 с сообщением: [Microsoft][Диспетчер драйверов ODBC] В указанном DSN архитектура драйвера и архитектура приложения не соответствуют друг другу.

27.10.2025 21:42:48.089 || 
Ошибка: SQLConnect()
Код ошибки IM014 с сообщением: [Microsoft][Диспетчер драйверов ODBC] В указанном DSN архитектура драйвера и архитектура приложения не соответствуют друг другу.

27.10.2025 21:42:48.090 || Код ошибки IM014 с сообщением: [Microsoft][Диспетчер драйверов ODBC] В указанном DSN архитектура драйвера и архитектура приложения не соответствуют друг другу.

27.10.2025 21:42:48.090 || 
Ошибка: SQLConnect()
Код ошибки IM014 с сообщением: [Microsoft][Диспетчер драйверов ODBC] В указанном DSN архитектура драйвера и архитектура приложения не соответствуют друг другу.

27.10.2025 21:42:48.091 || Код ошибки IM014 с сообщением: [Microsoft][Диспетчер драйверов ODBC] В указанном DSN архитектура драйвера и архитектура приложения не соответствуют друг другу.

27.10.2025 21:42:48.091 || 
Ошибка: SQLConnect()
Код ошибки IM014 с сообщением: [Microsoft][Диспетчер драйверов ODBC] В указанном DSN архитектура драйвера и архитектура приложения не соответствуют друг другу.

27.10.2025 21:42:48.091 || Код ошибки IM014 с сообщением: [Microsoft][Диспетчер драйверов ODBC] В указанном DSN архитектура драйвера и архитектура приложения не соответствуют друг другу.

27.10.2025 21:42:48.091 || 
Ошибка: SQLConnect()
Код ошибки IM014 с сообщением: [Microsoft][Диспетчер драйверов ODBC] В указанном DSN архитектура драйвера и архитектура приложения не соответствуют друг другу.

27.10.2025 21:42:48.092 || Код ошибки IM014 с сообщением: [Microsoft][Диспетчер драйверов ODBC] В указанном DSN архитектура драйвера и архитектура приложения не соответствуют друг другу.

27.10.2025 21:42:48.092 || 
Ошибка: SQLConnect()
Код ошибки IM014 с сообщением: [Microsoft][Диспетчер драйверов ODBC] В указанном DSN архитектура драйвера и архитектура приложения не соответствуют друг другу.

27.10.2025 21:42:48.093 || Код ошибки IM014 с сообщением: [Microsoft][Диспетчер драйверов ODBC] В указанном DSN архитектура драйвера и архитектура приложения не соответствуют друг другу.

27.10.2025 21:42:48.093 || 
Ошибка: SQLConnect()
Код ошибки IM014 с сообщением: [Microsoft][Диспетчер драйверов ODBC] В указанном DSN архитектура драйвера и архитектура приложения не соответствуют друг другу.

27.10.2025 21:42:48.093 || Код ошибки IM014 с сообщением: [Microsoft][Диспетчер драйверов ODBC] В указанном DSN архитектура драйвера и архитектура приложения не соответствуют друг другу.

27.10.2025 21:42:48.093 || 
Ошибка: SQLConnect()
Код ошибки IM014 с сообщением: [Microsoft][Диспетчер драйверов ODBC] В указанном DSN архитектура драйвера и архитектура приложения не соответствуют друг другу.

27.10.2025 21:42:48.094 || Код ошибки IM014 с сообщением: [Microsoft][Диспетчер драйверов ODBC] В указанном DSN архитектура драйвера и архитектура приложения не соответствуют друг другу.

27.10.2025 21:42:48.094 || 
Ошибка: SQLConnect()
Код ошибки IM014 с сообщением: [Microsoft][Диспетчер драйверов ODBC] В указанном DSN архитектура драйвера и архитектура приложения не соответствуют друг другу.

27.10.2025 21:42:48.095 || Код ошибки IM014 с сообщением: [Microsoft][Диспетчер драйверов ODBC] В указанном DSN архитектура драйвера и архитектура приложения не соответствуют друг другу.

27.10.2025 21:42:48.095 || 
Ошибка: SQLConnect()
Код ошибки IM014 с сообщением: [Microsoft][Диспетчер драйверов ODBC] В указанном DSN архитектура драйвера и архитектура приложения не соответствуют друг другу.

27.10.2025 21:42:48.095 || Код ошибки IM014 с сообщением: [Microsoft][Диспетчер драйверов ODBC] В указанном DSN архитектура драйвера и архитектура приложения не соответствуют друг другу.

27.10.2025 21:42:48.095 || 
Ошибка: SQLConnect()
Код ошибки IM014 с сообщением: [Microsoft][Диспетчер драйверов ODBC] В указанном DSN архитектура драйвера и архитектура приложения не соответствуют друг другу.

27.10.2025 21:42:48.095 || Код ошибки IM014 с сообщением: [Microsoft][Диспетчер драйверов ODBC] В указанном DSN архитектура драйвера и архитектура приложения не соответствуют друг другу.

27.10.2025 21:42:48.095 || 
Ошибка: SQLConnect()
Код ошибки IM014 с сообщением: [Microsoft][Диспетчер драйверов ODBC] В указанном DSN архитектура драйвера и архитектура приложения не соответствуют друг другу.

27.10.2025 21:42:48.096 || Код ошибки IM014 с сообщением: [Microsoft][Диспетчер драйверов ODBC] В указанном DSN архитектура драйвера и архитектура приложения не соответствуют друг другу.

27.10.2025 21:42:48.096 || 
Ошибка: SQLConnect()
Код ошибки IM014 с сообщением: [Microsoft][Диспетчер драйверов ODBC] В указанном DSN архитектура драйвера и архитектура приложения не соответствуют друг другу.

27.10.2025 21:42:48.096 || Код ошибки IM014 с сообщением: [Microsoft][Диспетчер драйверов ODBC] В указанном DSN архитектура драйвера и архитектура приложения не соответствуют друг другу.

27.10.2025 21:42:48.096 || 
Ошибка: SQLConnect()
Код ошибки IM014 с сообщением: [Microsoft][Диспетчер драйверов ODBC] В указанном DSN архитектура драйвера и архитектура приложения не соответствуют друг другу.

27.10.2025 21:42:48.098 || Код ошибки IM014 с сообщением: [Microsoft][Диспетчер драйверов ODBC] В указанном DSN архитектура драйвера и архитектура приложения не соответствуют друг другу.

27.10.2025 21:42:48.098 || 
Ошибка: SQLConnect()
Код ошибки IM014 с сообщением: [Microsoft][Диспетчер драйверов ODBC] В указанном DSN архитектура драйвера и архитектура приложения не соответствуют друг другу.

27.10.2025 21:42:48.099 || Код ошибки IM014 с сообщением: [Microsoft][Диспетчер драйверов ODBC] В указанном DSN архитектура драйвера и архитектура приложения не соответствуют друг другу.

27.10.2025 21:42:48.099 || 
Ошибка: SQLConnect()
Код ошибки IM014 с сообщением: [Microsoft][Диспетчер драйверов ODBC] В указанном DSN архитектура драйвера и архитектура приложения не соответствуют друг другу.

27.10.2025 21:42:48.099 || Код ошибки IM014 с сообщением: [Microsoft][Диспетчер драйверов ODBC] В указанном DSN архитектура драйвера и архитектура приложения не соответствуют друг другу.

27.10.2025 21:42:48.100 || 
Ошибка: SQLConnect()
Код ошибки IM014 с сообщением: [Microsoft][Диспетчер драйверов ODBC] В указанном DSN архитектура драйвера и архитектура приложения не соответствуют друг другу.

27.10.2025 21:42:48.100 || Код ошибки IM014 с сообщением: [Microsoft][Диспетчер драйверов ODBC] В указанном DSN архитектура драйвера и архитектура приложения не соответствуют друг другу.

27.10.2025 21:42:48.100 || 
Ошибка: SQLConnect()
Код ошибки IM014 с сообщением: [Microsoft][Диспетчер драйверов ODBC] В указанном DSN архитектура драйвера и архитектура приложения не соответствуют друг другу.

27.10.2025 21:42:48.101 || Код ошибки IM014 с сообщением: [Microsoft][Диспетчер драйверов ODBC] В указанном DSN архитектура драйвера и архитектура приложения не соответствуют друг другу.

27.10.2025 21:42:48.101 || 
Ошибка: SQLConnect()
Код ошибки IM014 с сообщением: [Microsoft][Диспетчер драйверов ODBC] В указанном DSN архитектура драйвера и архитектура приложения не соответствуют друг другу.

27.10.2025 21:42:48.102 || Код ошибки IM014 с сообщением: [Microsoft][Диспетчер драйверов ODBC] В указанном DSN архитектура драйвера и архитектура приложения не соответствуют друг другу.

27.10.2025 21:42:48.102 || 
Ошибка: SQLConnect()
Код ошибки IM014 с сообщением: [Microsoft][Диспетчер драйверов ODBC] В указанном DSN архитектура драйвера и архитектура приложения не соответствуют друг другу.

27.10.2025 21:42:48.102 || Код ошибки IM014 с сообщением: [Microsoft][Диспетчер драйверов ODBC] В указанном DSN архитектура драйвера и архитектура приложения не соответствуют друг другу.

27.10.2025 21:42:48.102 || 
Ошибка: SQLConnect()
Код ошибки IM014 с сообщением: [Microsoft][Диспетчер драйверов ODBC] В указанном DSN архитектура драйвера и архитектура приложения не соответствуют друг другу.

27.10.2025 21:42:48.103 || Код ошибки IM014 с сообщением: [Microsoft][Диспетчер драйверов ODBC] В указанном DSN архитектура драйвера и архитектура приложения не соответствуют друг другу.

27.10.2025 21:42:48.103 || 
Ошибка: SQLConnect()
Код ошибки IM014 с сообщением: [Microsoft][Диспетчер драйверов ODBC] В указанном DSN архитектура драйвера и архитектура приложения не соответствуют друг другу.

27.10.2025 21:42:48.104 || Код ошибки IM014 с сообщением: [Microsoft][Диспетчер драйверов ODBC] В указанном DSN архитектура драйвера и архитектура приложения не соответствуют друг другу.

27.10.2025 21:42:48.104 || 
Ошибка: SQLConnect()
Код ошибки IM014 с сообщением: [Microsoft][Диспетчер драйверов ODBC] В указанном DSN архитектура драйвера и архитектура приложения не соответствуют друг другу.

27.10.2025 21:42:48.104 || Код ошибки IM014 с сообщением: [Microsoft][Диспетчер драйверов ODBC] В указанном DSN архитектура драйвера и архитектура приложения не соответствуют друг другу.

27.10.2025 21:42:48.104 || 
Ошибка: SQLConnect()
Код ошибки IM014 с сообщением: [Microsoft][Диспетчер драйверов ODBC] В указанном DSN архитектура драйвера и архитектура приложения не соответствуют друг другу.

27.10.2025 21:42:48.105 || Код ошибки IM014 с сообщением: [Microsoft][Диспетчер драйверов ODBC] В указанном DSN архитектура драйвера и архитектура приложения не соответствуют друг другу.

27.10.2025 21:42:48.105 || 
Ошибка: SQLConnect()
Код ошибки IM014 с сообщением: [Microsoft][Диспетчер драйверов ODBC] В указанном DSN архитектура драйвера и архитектура приложения не соответствуют друг другу.

27.10.2025 21:42:48.105 || Код ошибки IM014 с сообщением: [Microsoft][Диспетчер драйверов ODBC] В указанном DSN архитектура драйвера и архитектура приложения не соответствуют друг другу.

27.10.2025 21:42:48.105 || 
Ошибка: SQLConnect()
Код ошибки IM014 с сообщением: [Microsoft][Диспетчер драйверов ODBC] В указанном DSN архитектура драйвера и архитектура приложения не соответствуют друг другу.

27.10.2025 21:42:48.106 || Код ошибки IM014 с сообщением: [Microsoft][Диспетчер драйверов ODBC] В указанном DSN архитектура драйвера и архитектура приложения не соответствуют друг другу.

27.10.2025 21:42:48.106 || 
Ошибка: SQLConnect()
Код ошибки IM014 с сообщением: [Microsoft][Диспетчер драйверов ODBC] В указанном DSN архитектура драйвера и архитектура приложения не соответствуют друг другу.

27.10.2025 21:42:48.106 || Код ошибки IM014 с сообщением: [Microsoft][Диспетчер драйверов ODBC] В указанном DSN архитектура драйвера и архитектура приложения не соответствуют друг другу.

27.10.2025 21:42:48.106 || 
Ошибка: SQLConnect()
Код ошибки IM014 с сообщением: [Microsoft][Диспетчер драйверов ODBC] В указанном DSN архитектура драйвера и архитектура приложения не соответствуют друг другу.

27.10.2025 21:42:48.107 || Код ошибки IM014 с сообщением: [Microsoft][Диспетчер драйверов ODBC] В указанном DSN архитектура драйвера и архитектура приложения не соответствуют друг другу.

27.10.2025 21:42:48.107 || 
Ошибка: SQLConnect()
Код ошибки IM014 с сообщением: [Microsoft][Диспетчер драйверов ODBC] В указанном DSN архитектура драйвера и архитектура приложения не соответствуют друг другу.

27.10.2025 21:42:48.107 || Код ошибки IM014 с сообщением: [Microsoft][Диспетчер драйверов ODBC] В указанном DSN архитектура драйвера и архитектура приложения не соответствуют друг другу.

27.10.2025 21:42:48.107 || 
Ошибка: SQLConnect()
Код ошибки IM014 с сообщением: [Microsoft][Диспетчер драйверов ODBC] В указанном DSN архитектура драйвера и архитектура приложения не соответствуют друг другу.

27.10.2025 21:42:48.109 || Код ошибки IM014 с сообщением: [Microsoft][Диспетчер драйверов ODBC] В указанном DSN архитектура драйвера и архитектура приложения не соответствуют друг другу.

27.10.2025 21:42:48.109 || 
Ошибка: SQLConnect()
Код ошибки IM014 с сообщением: [Microsoft][Диспетчер драйверов ODBC] В указанном DSN архитектура драйвера и архитектура приложения не соответствуют друг другу.

27.10.2025 21:42:48.110 || Код ошибки IM014 с сообщением: [Microsoft][Диспетчер драйверов ODBC] В указанном DSN архитектура драйвера и архитектура приложения не соответствуют друг другу.

27.10.2025 21:42:48.110 || 
Ошибка: SQLConnect()
Код ошибки IM014 с сообщением: [Microsoft][Диспетчер драйверов ODBC] В указанном DSN архитектура драйвера и архитектура приложения не соответствуют друг другу.

27.10.2025 21:42:48.110 || Код ошибки IM014 с сообщением: [Microsoft][Диспетчер драйверов ODBC] В указанном DSN архитектура драйвера и архитектура приложения не соответствуют друг другу.

27.10.2025 21:42:48.110 || 
Ошибка: SQLConnect()
Код ошибки IM014 с сообщением: [Microsoft][Диспетчер драйверов ODBC] В указанном DSN архитектура драйвера и архитектура приложения не соответствуют друг другу.

27.10.2025 21:42:48.111 || Код ошибки IM014 с сообщением: [Microsoft][Диспетчер драйверов ODBC] В указанном DSN архитектура драйвера и архитектура приложения не соответствуют друг другу.

27.10.2025 21:42:48.111 || 
Ошибка: SQLConnect()
Код ошибки IM014 с сообщением: [Microsoft][Диспетчер драйверов ODBC] В указанном DSN архитектура драйвера и архитектура приложения не соответствуют друг другу.

27.10.2025 21:42:48.112 || Код ошибки IM014 с сообщением: [Microsoft][Диспетчер драйверов ODBC] В указанном DSN архитектура драйвера и архитектура приложения не соответствуют друг другу.

27.10.2025 21:42:48.112 || 
Ошибка: SQLConnect()
Код ошибки IM014 с сообщением: [Microsoft][Диспетчер драйверов ODBC] В указанном DSN архитектура драйвера и архитектура приложения не соответствуют друг другу.

27.10.2025 21:42:48.112 || Код ошибки IM014 с сообщением: [Microsoft][Диспетчер драйверов ODBC] В указанном DSN архитектура драйвера и архитектура приложения не соответствуют друг другу.

27.10.2025 21:42:48.112 || 
Ошибка: SQLConnect()
Код ошибки IM014 с сообщением: [Microsoft][Диспетчер драйверов ODBC] В указанном DSN архитектура драйвера и архитектура приложения не соответствуют друг другу.

27.10.2025 21:42:48.113 || Код ошибки IM014 с сообщением: [Microsoft][Диспетчер драйверов ODBC] В указанном DSN архитектура драйвера и архитектура приложения не соответствуют друг другу.

27.10.2025 21:42:48.113 || 
Ошибка: SQLConnect()
Код ошибки IM014 с сообщением: [Microsoft][Диспетчер драйверов ODBC] В указанном DSN архитектура драйвера и архитектура приложения не соответствуют друг другу.

27.10.2025 21:42:48.113 || Код ошибки IM014 с сообщением: [Microsoft][Диспетчер драйверов ODBC] В указанном DSN архитектура драйвера и архитектура приложения не соответствуют друг другу.

27.10.2025 21:42:48.113 || 
Ошибка: SQLConnect()
Код ошибки IM014 с сообщением: [Microsoft][Диспетчер драйверов ODBC] В указанном DSN архитектура драйвера и архитектура приложения не соответствуют друг другу.

27.10.2025 21:42:48.114 || Код ошибки IM014 с сообщением: [Microsoft][Диспетчер драйверов ODBC] В указанном DSN архитектура драйвера и архитектура приложения не соответствуют друг другу.

27.10.2025 21:42:48.114 || 
Ошибка: SQLConnect()
Код ошибки IM014 с сообщением: [Microsoft][Диспетчер драйверов ODBC] В указанном DSN архитектура драйвера и архитектура приложения не соответствуют друг другу.

27.10.2025 21:42:48.115 || Код ошибки IM014 с сообщением: [Microsoft][Диспетчер драйверов ODBC] В указанном DSN архитектура драйвера и архитектура приложения не соответствуют друг другу.

27.10.2025 21:42:48.115 || 
Ошибка: SQLConnect()
Код ошибки IM014 с сообщением: [Microsoft][Диспетчер драйверов ODBC] В указанном DSN архитектура драйвера и архитектура приложения не соответствуют друг другу.

27.10.2025 21:42:48.115 || Код ошибки IM014 с сообщением: [Microsoft][Диспетчер драйверов ODBC] В указанном DSN архитектура драйвера и архитектура приложения не соответствуют друг другу.

27.10.2025 21:42:48.115 || 
Ошибка: SQLConnect()
Код ошибки IM014 с сообщением: [Microsoft][Диспетчер драйверов ODBC] В указанном DSN архитектура драйвера и архитектура приложения не соответствуют друг другу.

27.10.2025 21:42:48.116 || Код ошибки IM014 с сообщением: [Microsoft][Диспетчер драйверов ODBC] В указанном DSN архитектура драйвера и архитектура приложения не соответствуют друг другу.

27.10.2025 21:42:48.116 || 
Ошибка: SQLConnect()
Код ошибки IM014 с сообщением: [Microsoft][Диспетчер драйверов ODBC] В указанном DSN архитектура драйвера и архитектура приложения не соответствуют друг другу.

27.10.2025 21:42:48.117 || Код ошибки IM014 с сообщением: [Microsoft][Диспетчер драйверов ODBC] В указанном DSN архитектура драйвера и архитектура приложения не соответствуют друг другу.

27.10.2025 21:42:48.117 || 
Ошибка: SQLConnect()
Код ошибки IM014 с сообщением: [Microsoft][Диспетчер драйверов ODBC] В указанном DSN архитектура драйвера и архитектура приложения не соответствуют друг другу.

27.10.2025 21:42:48.117 || Код ошибки IM014 с сообщением: [Microsoft][Диспетчер драйверов ODBC] В указанном DSN архитектура драйвера и архитектура приложения не соответствуют друг другу.

27.10.2025 21:42:48.117 || 
Ошибка: SQLConnect()
Код ошибки IM014 с сообщением: [Microsoft][Диспетчер драйверов ODBC] В указанном DSN архитектура драйвера и архитектура приложения не соответствуют друг другу.

27.10.2025 21:42:48.118 || Код ошибки IM014 с сообщением: [Microsoft][Диспетчер драйверов ODBC] В указанном DSN архитектура драйвера и архитектура приложения не соответствуют друг другу.

27.10.2025 21:42:48.118 || 
Ошибка: SQLConnect()
Код ошибки IM014 с сообщением: [Microsoft][Диспетчер драйверов ODBC] В указанном DSN архитектура драйвера и архитектура приложения не соответствуют друг другу.

27.10.2025 21:42:48.118 || Код ошибки IM014 с сообщением: [Microsoft][Диспетчер драйверов ODBC] В указанном DSN архитектура драйвера и архитектура приложения не соответствуют друг другу.

27.10.2025 21:42:48.118 || 
Ошибка: SQLConnect()
Код ошибки IM014 с сообщением: [Microsoft][Диспетчер драйверов ODBC] В указанном DSN архитектура драйвера и архитектура приложения не соответствуют друг другу.

27.10.2025 21:42:48.120 || Код ошибки IM014 с сообщением: [Microsoft][Диспетчер драйверов ODBC] В указанном DSN архитектура драйвера и архитектура приложения не соответствуют друг другу.

27.10.2025 21:42:48.120 || 
Ошибка: SQLConnect()
Код ошибки IM014 с сообщением: [Microsoft][Диспетчер драйверов ODBC] В указанном DSN архитектура драйвера и архитектура приложения не соответствуют друг другу.

27.10.2025 21:42:48.121 || Код ошибки IM014 с сообщением: [Microsoft][Диспетчер драйверов ODBC] В указанном DSN архитектура драйвера и архитектура приложения не соответствуют друг другу.

27.10.2025 21:42:48.121 || 
Ошибка: SQLConnect()
Код ошибки IM014 с сообщением: [Microsoft][Диспетчер драйверов ODBC] В указанном DSN архитектура драйвера и архитектура приложения не соответствуют друг другу.

27.10.2025 21:42:48.121 || Код ошибки IM014 с сообщением: [Microsoft][Диспетчер драйверов ODBC] В указанном DSN архитектура драйвера и архитектура приложения не соответствуют друг другу.

27.10.2025 21:42:48.121 || 
Ошибка: SQLConnect()
Код ошибки IM014 с сообщением: [Microsoft][Диспетчер драйверов ODBC] В указанном DSN архитектура драйвера и архитектура приложения не соответствуют друг другу.

27.10.2025 21:42:48.122 || Код ошибки IM014 с сообщением: [Microsoft][Диспетчер драйверов ODBC] В указанном DSN архитектура драйвера и архитектура приложения не соответствуют друг другу.

27.10.2025 21:42:48.122 || 
Ошибка: SQLConnect()
Код ошибки IM014 с сообщением: [Microsoft][Диспетчер драйверов ODBC] В указанном DSN архитектура драйвера и архитектура приложения не соответствуют друг другу.

27.10.2025 21:42:48.123 || Код ошибки IM014 с сообщением: [Microsoft][Диспетчер драйверов ODBC] В указанном DSN архитектура драйвера и архитектура приложения не соответствуют друг другу.

27.10.2025 21:42:48.123 || 
Ошибка: SQLConnect()
Код ошибки IM014 с сообщением: [Microsoft][Диспетчер драйверов ODBC] В указанном DSN архитектура драйвера и архитектура приложения не соответствуют друг другу.

27.10.2025 21:42:48.123 || Код ошибки IM014 с сообщением: [Microsoft][Диспетчер драйверов ODBC] В указанном DSN архитектура драйвера и архитектура приложения не соответствуют друг другу.

27.10.2025 21:42:48.123 || 
Ошибка: SQLConnect()
Код ошибки IM014 с сообщением: [Microsoft][Диспетчер драйверов ODBC] В указанном DSN архитектура драйвера и архитектура приложения не соответствуют друг другу.

27.10.2025 21:42:48.123 || Код ошибки IM014 с сообщением: [Microsoft][Диспетчер драйверов ODBC] В указанном DSN архитектура драйвера и архитектура приложения не соответствуют друг другу.

27.10.2025 21:42:48.124 || 
Ошибка: SQLConnect()
Код ошибки IM014 с сообщением: [Microsoft][Диспетчер драйверов ODBC] В указанном DSN архитектура драйвера и архитектура приложения не соответствуют друг другу.

27.10.2025 21:42:48.124 || Код ошибки IM014 с сообщением: [Microsoft][Диспетчер драйверов ODBC] В указанном DSN архитектура драйвера и архитектура приложения не соответствуют друг другу.

27.10.2025 21:42:48.124 || 
Ошибка: SQLConnect()
Код ошибки IM014 с сообщением: [Microsoft][Диспетчер драйверов ODBC] В указанном DSN архитектура драйвера и архитектура приложения не соответствуют друг другу.

