
▓ Программа: "vip.exe"  Время запуска: 12:04:39 06/07/2025
▓ Исполняемый модуль: "C:\Galaktika\AVAZ\avaz_ptz\Exe_support\vip.exe"
▓ Система: Windows NT

Контекст исполнения ".SysUser"
Потеряно хип-контекстов: 1

Менеджер динамической памяти ".SysUserHeap(.SysUser)"
Потеряно блоков: 5, байтов: 104


▓ Программа: "frres.exe"  Время запуска: 12:04:42 06/07/2025
▓ Исполняемый модуль: "C:\Galaktika\AVAZ\avaz_ptz\Exe_support\frres.exe"
▓ Система: Windows NT  Логин: "Дмитрий"  Станция: "LAPUS-VICTUS"

Менеджер динамической памяти ".SysUserHeap(.SysUser)"
Потеряно блоков: 1, байтов: 56


▓ Программа: "vip.exe"  Время запуска: 12:05:48 06/07/2025
▓ Исполняемый модуль: "C:\Galaktika\AVAZ\avaz_ptz\Exe_support\vip.exe"
▓ Система: Windows NT

Контекст исполнения ".SysUser"
Потеряно хип-контекстов: 1

Менеджер динамической памяти ".SysUserHeap(.SysUser)"
Потеряно блоков: 5, байтов: 104


▓ Программа: "frres.exe"  Время запуска: 12:05:50 06/07/2025
▓ Исполняемый модуль: "C:\Galaktika\AVAZ\avaz_ptz\Exe_support\frres.exe"
▓ Система: Windows NT  Логин: "Дмитрий"  Станция: "LAPUS-VICTUS"

Менеджер динамической памяти ".SysUserHeap(.SysUser)"
Потеряно блоков: 1, байтов: 56


▓ Программа: "vip.exe"  Время запуска: 12:06:31 06/07/2025
▓ Исполняемый модуль: "C:\Galaktika\AVAZ\avaz_ptz\Exe_support\vip.exe"
▓ Система: Windows NT

Контекст исполнения ".SysUser"
Потеряно хип-контекстов: 1

Менеджер динамической памяти ".SysUserHeap(.SysUser)"
Потеряно блоков: 5, байтов: 104


▓ Программа: "frres.exe"  Время запуска: 12:06:33 06/07/2025
▓ Исполняемый модуль: "C:\Galaktika\AVAZ\avaz_ptz\Exe_support\frres.exe"
▓ Система: Windows NT  Логин: "Дмитрий"  Станция: "LAPUS-VICTUS"

Менеджер динамической памяти ".SysUserHeap(.SysUser)"
Потеряно блоков: 1, байтов: 56


▓ Программа: "vip.exe"  Время запуска: 12:06:59 06/07/2025
▓ Исполняемый модуль: "C:\Galaktika\AVAZ\avaz_ptz\Exe_support\vip.exe"
▓ Система: Windows NT

Контекст исполнения ".SysUser"
Потеряно хип-контекстов: 1

Менеджер динамической памяти ".SysUserHeap(.SysUser)"
Потеряно блоков: 5, байтов: 104


▓ Программа: "frres.exe"  Время запуска: 12:07:01 06/07/2025
▓ Исполняемый модуль: "C:\Galaktika\AVAZ\avaz_ptz\Exe_support\frres.exe"
▓ Система: Windows NT  Логин: "Дмитрий"  Станция: "LAPUS-VICTUS"

Менеджер динамической памяти ".SysUserHeap(.SysUser)"
Потеряно блоков: 1, байтов: 56


▓ Программа: "vip.exe"  Время запуска: 12:15:12 06/07/2025
▓ Исполняемый модуль: "C:\Galaktika\AVAZ\avaz_ptz\Exe_support\vip.exe"
▓ Система: Windows NT

Контекст исполнения ".SysUser"
Потеряно хип-контекстов: 1

Менеджер динамической памяти ".SysUserHeap(.SysUser)"
Потеряно блоков: 5, байтов: 124


▓ Программа: "frres.exe"  Время запуска: 12:15:16 06/07/2025
▓ Исполняемый модуль: "C:\Galaktika\AVAZ\avaz_ptz\Exe_support\frres.exe"
▓ Система: Windows NT  Логин: "Дмитрий"  Станция: "LAPUS-VICTUS"

Менеджер динамической памяти ".SysUserHeap(.SysUser)"
Потеряно блоков: 1, байтов: 56

